{b'announce': b'https://ipv4.joyhd.net/announce.php?passkey=a770594966a29653632f94dce676f3b8', b'announce-list': [[b'https://ipv4.joyhd.net/announce.php?passkey=a770594966a29653632f94dce676f3b8'], [b'https://ipv6.joyhd.net/announce.php?passkey=a770594966a29653632f94dce676f3b8']], b'created by': b'uTorrent/3320', b'creation date': 1515495375, b'encoding': b'UTF-8', b'info': {b'files': [{b'length': 984, b'path': [b'BDMV', b'BACKUP', b'CLIPINF', b'00000.clpi']}, {b'length': 352, b'path': [b'BDMV', b'BACKUP', b'CLIPINF', b'00001.clpi']}, {b'length': 65236, b'path': [b'BDMV', b'BACKUP', b'CLIPINF', b'00002.clpi']}, {b'length': 676, b'path': [b'BDMV', b'BACKUP', b'CLIPINF', b'00003.clpi']}, {b'length': 684, b'path': [b'BDMV', b'BACKUP', b'CLIPINF', b'00004.clpi']}, {b'length': 352, b'path': [b'BDMV', b'BACKUP', b'CLIPINF', b'00005.clpi']}, {b'length': 292, b'path': [b'BDMV', b'BACKUP', b'CLIPINF', b'00006.clpi']}, {b'length': 292, b'path': [b'BDMV', b'BACKUP', b'CLIPINF', b'00007.clpi']}, {b'length': 292, b'path': [b'BDMV', b'BACKUP', b'CLIPINF', b'00008.clpi']}, {b'length': 292, b'path': [b'BDMV', b'BACKUP', b'CLIPINF', b'00009.clpi']}, {b'length': 676, b'path': [b'BDMV', b'BACKUP', b'CLIPINF', b'00010.clpi']}, {b'length': 8976, b'path': [b'BDMV', b'BACKUP', b'CLIPINF', b'00011.clpi']}, {b'length': 1044, b'path': [b'BDMV', b'BACKUP', b'CLIPINF', b'00012.clpi']}, {b'length': 596, b'path': [b'BDMV', b'BACKUP', b'CLIPINF', b'00013.clpi']}, {b'length': 292, b'path': [b'BDMV', b'BACKUP', b'CLIPINF', b'00014.clpi']}, {b'length': 204, b'path': [b'BDMV', b'BACKUP', b'index.bdmv']}, {b'length': 990, b'path': [b'BDMV', b'BACKUP', b'MovieObject.bdmv']}, {b'length': 1500, b'path': [b'BDMV', b'BACKUP', b'PLAYLIST', b'00000.mpls']}, {b'length': 220, b'path': [b'BDMV', b'BACKUP', b'PLAYLIST', b'00001.mpls']}, {b'length': 328, b'path': [b'BDMV', b'BACKUP', b'PLAYLIST', b'00002.mpls']}, {b'length': 210, b'path': [b'BDMV', b'BACKUP', b'PLAYLIST', b'00003.mpls']}, {b'length': 210, b'path': [b'BDMV', b'BACKUP', b'PLAYLIST', b'00004.mpls']}, {b'length': 210, b'path': [b'BDMV', b'BACKUP', b'PLAYLIST', b'00005.mpls']}, {b'length': 170, b'path': [b'BDMV', b'BACKUP', b'PLAYLIST', b'00006.mpls']}, {b'length': 170, b'path': [b'BDMV', b'BACKUP', b'PLAYLIST', b'00007.mpls']}, {b'length': 170, b'path': [b'BDMV', b'BACKUP', b'PLAYLIST', b'00008.mpls']}, {b'length': 984, b'path': [b'BDMV', b'CLIPINF', b'00000.clpi']}, {b'length': 352, b'path': [b'BDMV', b'CLIPINF', b'00001.clpi']}, {b'length': 65236, b'path': [b'BDMV', b'CLIPINF', b'00002.clpi']}, {b'length': 676, b'path': [b'BDMV', b'CLIPINF', b'00003.clpi']}, {b'length': 684, b'path': [b'BDMV', b'CLIPINF', b'00004.clpi']}, {b'length': 352, b'path': [b'BDMV', b'CLIPINF', b'00005.clpi']}, {b'length': 292, b'path': [b'BDMV', b'CLIPINF', b'00006.clpi']}, {b'length': 292, b'path': [b'BDMV', b'CLIPINF', b'00007.clpi']}, {b'length': 292, b'path': [b'BDMV', b'CLIPINF', b'00008.clpi']}, {b'length': 292, b'path': [b'BDMV', b'CLIPINF', b'00009.clpi']}, {b'length': 676, b'path': [b'BDMV', b'CLIPINF', b'00010.clpi']}, {b'length': 8976, b'path': [b'BDMV', b'CLIPINF', b'00011.clpi']}, {b'length': 1044, b'path': [b'BDMV', b'CLIPINF', b'00012.clpi']}, {b'length': 596, b'path': [b'BDMV', b'CLIPINF', b'00013.clpi']}, {b'length': 292, b'path': [b'BDMV', b'CLIPINF', b'00014.clpi']}, {b'length': 204, b'path': [b'BDMV', b'index.bdmv']}, {b'length': 990, b'path': [b'BDMV', b'MovieObject.bdmv']}, {b'length': 1500, b'path': [b'BDMV', b'PLAYLIST', b'00000.mpls']}, {b'length': 220, b'path': [b'BDMV', b'PLAYLIST', b'00001.mpls']}, {b'length': 328, b'path': [b'BDMV', b'PLAYLIST', b'00002.mpls']}, {b'length': 210, b'path': [b'BDMV', b'PLAYLIST', b'00003.mpls']}, {b'length': 210, b'path': [b'BDMV', b'PLAYLIST', b'00004.mpls']}, {b'length': 210, b'path': [b'BDMV', b'PLAYLIST', b'00005.mpls']}, {b'length': 170, b'path': [b'BDMV', b'PLAYLIST', b'00006.mpls']}, {b'length': 170, b'path': [b'BDMV', b'PLAYLIST', b'00007.mpls']}, {b'length': 170, b'path': [b'BDMV', b'PLAYLIST', b'00008.mpls']}, {b'length': 242036736, b'path': [b'BDMV', b'STREAM', b'00000.m2ts']}, {b'length': 15716352, b'path': [b'BDMV', b'STREAM', b'00001.m2ts']}, {b'length': 37603485696, b'path': [b'BDMV', b'STREAM', b'00002.m2ts']}, {b'length': 98340864, b'path': [b'BDMV', b'STREAM', b'00003.m2ts']}, {b'length': 98985984, b'path': [b'BDMV', b'STREAM', b'00004.m2ts']}, {b'length': 15716352, b'path': [b'BDMV', b'STREAM', b'00005.m2ts']}, {b'length': 43008, b'path': [b'BDMV', b'STREAM', b'00006.m2ts']}, {b'length': 571392, b'path': [b'BDMV', b'STREAM', b'00007.m2ts']}, {b'length': 319488, b'path': [b'BDMV', b'STREAM', b'00008.m2ts']}, {b'length': 43008, b'path': [b'BDMV', b'STREAM', b'00009.m2ts']}, {b'length': 83318784, b'path': [b'BDMV', b'STREAM', b'00010.m2ts']}, {b'length': 3676243968, b'path': [b'BDMV', b'STREAM', b'00011.m2ts']}, {b'length': 328341504, b'path': [b'BDMV', b'STREAM', b'00012.m2ts']}, {b'length': 112207872, b'path': [b'BDMV', b'STREAM', b'00013.m2ts']}, {b'length': 61440, b'path': [b'BDMV', b'STREAM', b'00014.m2ts']}, {b'length': 104, b'path': [b'CERTIFICATE', b'BACKUP', b'id.bdmv']}, {b'length': 104, b'path': [b'CERTIFICATE', b'id.bdmv']}, {b'length': 160, b'path': [b'disc.inf']}], b'name': b'That.Day.on.the.Beach.1983.1080p.TWN.Blu-ray.AVC.LPCM.2.0-TAiCHi', b'piece length': 16777216, b'pieces': b'\xff\xfd\x88\xee\xc2\x1e8\xde7h,0\r!E\xed\x1e\x9eq\xac\xdb\xc9S\xcc\x98\x06\xf97cOTfOP\xc6\x86\xff\x8d\x1b2\xa4\xf6Z\xd5\x14\\\x15\x11~\x00\xa2\xc3\x13lOw\xa8\xeei\xd5\x85\x1cUj\xb8\xe8\xa68\xc5\xd7b\xc0B\x06\x80\xf7+<>]Z\xa0\xaa\x8e\xd3\xf0\xb9\x12\xd6\x99<\xe6\xd5e\xd5j\x113P\xa7y\xa0f\x88\xb7\xb8\xbf]l"6|#\x17&\x10Ks\xd63gQ 4\xab\x95\x02\x89\x819\xbf\xcf\xbf\xb1\xbb"\xcau\xf1\x1dK\\O\x8d\x0b\x8a=|\x1eD\xf4lL\xbf\xd7^0\xb0\x82"QZ\xa2\xf5hpO\x86p\xda\x04\x92{}\xc5v\n\xbd\x07\xc7\x1d\x9c\x0f%\xa6\xeb!7\r\xc5A\xe6\x1b\xffcfb\x03\xb1K\x84;A{Z|\xcd\xad\x0eU\x8fX\x14\x1d\xa9\x9c\x00L\x92\x93\xbe!\xea\xdd\x9b{<h,\xc4~\xf7\x14\x8b"\'O\xaa\x16\xe2T\x11\x07#\x8c\xc6J\xec\xf0k\x05\xc1N\x99\xf1r793\x8a\x96\x81Ze\xa0\x80\x82m.\x1f\xd7\xb3\x98Lq$\xdf\x86?-@\xef\x97B;k\x9dh\xbc\xdb\x9a%)\xd2\xeb\x01~l\xc4\x9d\xe4\x94<hdY\xc0{\xb5J\xb2\xab`\x08\x01\xf0[\x92B\x8e\xd8~w\xb3\x91laf14\xdc0\xea\xe9\x80\x15\xc1d\xfbh\xb1\xa0\xb1\xb1\x7f\x99~\x86rML\x11\xcc~\xba\x138\xd0\xfd\\\xce\x0e\xbf\xb8\x0c[?\x07\xf0\'\x91\x10wd\x84\x87~\xe0\xe1\xc3\xe69l\x1f\xcbH\x8d\xff\xf1\x1c\xed\xdaV~\xf5\x99E\xb7\x9f\x1d|\x966\'\xbe"\xd8\\\xe7]\xa7\x9a\xb6\xbc7\x8a\x9b\xfe\x10\x9f]\x11\xe3\x85\x80 A\xb8\xb6\xe9Z\x88\xeb\xd04NG8\xa9\'{\xc1`\xcer\x9a\xcaz\x99\x02\xd9M\xba\x01C\x1bQ\xe3\x02\x94 u\xd4!\xdd\x04=\x18\x88(\xf9/\x9e\xf4\n\xacY\x04\xfd9\x1f\xe8o\xef\xe3[\n\xdc4\x8at\xa5RW\x91\x96\xa1\x0b\xce\xf6J\xb4NkR\xebO\xde\xce\xc9\xf8\xd6\x1b\xf4\xb3b\xd0\x12Q\xd2}\xd9\x18\x89OH\\\xda\x8bA\x87\'\xda/<m\x14\x1e\x8a\xcf9\x03\x1f\xb6\x9e\xfbd\x9bVd\x0c\xcb\n\xb5<x\xab[\xbe\x95\x11\xdf\xcaR\x80\xd2\xfaV\xef\xcb7\x13\xb3\xa2\xbf\xa0\xb3\xeb\xaf9\x97\xc4\xac\xc8|\xdb )\x02\x08\x1f\xc9\xe2ed\x9fu\xa4\x1eer\x0b\xce\x9f^\xe0\xb2\xeb\xd9\x13\x05J5P^E\xc0\x84)^\x9d\xc0\xa0\xd5\x93\xc96\x92\x98\xbb!\x10Dn7:\x86\x04\xb1\xfc\x81\xb9\xbdc<8\x17\xdaU\x10\x83\x03\xe14p\xd3\x8a\xfcH)\x94\xce\x0c\x8d\xac\xd8\xd9\x0b6g\xc0\xcd\xc0*\x18\\q\xd3\x0e\xe5\xe0iQ\xd1\x86%,Q\xccYl\x19\x95u\x14\x8dPHmQ)\xa9G\x99\xf8\xce\x1e\xf5\x97<\x0b\x12\xe5\xb3\xbb\xa1\xa3Ko\xd1%\xdc\xf3\x9c\x99x9\n!\xf3A;\\7\x11\xe9\xf0\tqtk\xb5\x81}E\xc7\xc5\x90E&\xf0O\xc4+\x17\xb1?\x83\xf0\x953HA]\x16\x98\x15\x1c\xda7\xf4\xcf,\xbc\xf4_\xb8p\x00\x1f}\xb8\x0f\x0f\xae\xf5a\xa6\xb30\xcc\xfb\xae@B\xff\xf8\x82\x9f\xf7k\x9fh\x14F\xf2\xd8\x1d\x9f\x9b997\xf3\xe9\xfd!vb1\xac\xad\xf6FM\x89\x1d\x7f\xbc.\\\\+\x97^\xd1&\xa8&\x9e\xce\x0cD\x82gi\x9cC\xba\x81\xc7\x13\xc76\xbf\x12 \xe2\x0c\xe3\x02\x1aK\x93VF(:\xd4>\xfc{\xf8\xce\\b:\xd1\xfe\xf6\x1aa\xc8\x8a\xcb\xd4\xef\xf5\xc2\x9c\x8aPR89\xac\xcf\xb5\xca\x12\x9a\xa2O\x10q\x82\x89\xdb\x8f\x87\x8c\x91\xf66\xd4\x85O\x8b\xa68k\xb6\xb0\x06\x9f\xc4\xc14St\x1e\xd5\xddN\xb1\xed3\xaf\x0bp\x89P\x1c\xd9\xaaO&\x13\xafC\xff\x15O\xd0U\xae\xe1\xe9\x0f\xe2v\xb8\xa3\x95a$9\x17=\xc1\xd9]\x9a\x9a\x920y\xa0d\xbd\xe6\x89\xb5\xf4\x91\xb3GU0D\xcd\nu\x82\xc6Z8\x18c\xea;\xf9\xe94I\x1d\xb8,\xe2+\xdb\xfa\x9b\xf5\x9e\'pPl\x8d\xc6\x80l\xaf \x98\n\x89\xcc\\\xeahBi\xcd\xb2\xb9\xd2\xdb\xb0K\xa5tI\xa6\x15&\xf2\xa8\xcb\x16\xcb\x96e\xb03?\x88O\xa6^&\x88\xa4\x95\x17v?\x9f\x83\xba\xfd\xc5\xae\x84i\xd5X`"\xd8+8\x1a\x8d>\x0cK\x9fVxv\xa6\x12ax\xa6\xad\xd7\xf7x\xe7\xb1\xa3d\x12\x89\xfb\xf8F\xd6\xd2\xbe\x9b\x87oM} >\xc4\x99<\x1e9\xf65\xceK:\x8f\xfe\xc3.Q\xadZ\xb6\x8fuh\x1e\x9c3\xb8LN\x99;\xea \xa7f\xa4\xf2@S\xc6\xe2\xbcH[3=\x14\x9c\xae!~\xe9,LD\x1e9\r\x80\xfc`\xf6\xa5\x8e\xfb\xa5pPo\xf4\xa5\xdf\x911\xd76\x95\x1c\x14eb\r\x8f\xed\xa2(\xf5\xde\xd7U%\xc5\xfcB\xa4\x8d\xc7\x11T\x07<6\xf4\xa7^\xd7h\xb0\x9fP\x18\x0f\x83d.\x9f\xdf\x8ePW\'k\t$\xb7\xef\xfd)\x8b\x15\x9cG{\xc8\nGi\xd9\xeb\xe4\xbdSO\x0c\r\x8c\xe4\xf3nS\xfd\xfd\x86\xd4\xbd\xf4\xaff\xfeMdL\xea0\x16\x82\x9b\xe6\xa2\xac\xef\xbb/\xa8\xdf\x0e\xb8\x90)\x81\x8c?l\xe0\x84\xd5g\x7f|\x05\x91?\x0e\x16{\x0e\x85\x9a\xb2\xe0\x9c\xcc@2\xf2\xe2\x1b\xbcoo9\x18\x03~C8v\x15bf|\x7f\xe8u\xdc\x8b{\x138\xe4\xd8\r\xf9\x98\xe2\x11a\xa0f\xd7\xf0\x1dp\xe9\x93\\\xb4\xf8!\x80\xef\x85@\x02T\x81\xd2O\x1f(z@\x9d<\xf2sg1\xf2.,ao\x00\xce)t\xa2(\xc7\xd6\x0f\x04\xf2\\\xd5\xc3\xc9\xder\x18E1\xe2\x82\xa1\xe2}J\xfelr\x1e\xf0\xa0\xb9^\x01\xab\xab8`P/\x07\xfd\x05\xacA\x8c\x04\xed\xe1\xbf\x84 f\xdb\xfa\x161\xe0\xa3\x99\xca[\xc6\x06\x02!\x98\x19\x0f\x11\x9e\x01\t\x06\xff\t0hY\t\x04\xa0\xe3\x987\xcb\xbf(\xa5\xdf!\xea\xc86\x9a\xe43b\xd9\x8a\xeb=ecdY \xa7v\xc2\xe6\x0f\x06\xd5\xd0\xb3:\xcb\xbe\x90S\x7f\xe4B*\xae\xee\xdb\xfe~\xea\x1cL\xaf\x05Az \xcc\xfd\xb0\xc7*tK\xc3 \'o\xc71\xbbQ\x19\xc0<\xb9l\x9f\x96\xcf\xdf\x9c\xf5\xb5$\x8b\xca\xe5N\t\xcd\x19\xa7^\xc6\x10E\xc8\x18\xb1$o\x93\x93\x1b\x97w\xc1Vw@]Y\x8d\x80rb[\xd0\x96\x02\xce\x15+y\xc5\xe6\xdb\x89\xeaKr\xf1\xc1I4;\xcdc\xebY\xb7<\x80\xf39(\xae\xe3\xc9L\xccd\xf0\xfe\x81\x7f\xbbL\xc8\xc7\xcey\x89\x8b\xd2g6\x1a\xe6<\x15\xbf\x81\xa6\x98\x07\x00\x06\x85\xad\xb3C\x06B\x04\xe5T\x9e\xae/\x18\xcb"R*\xad\xd8\xe0\xd0\xc2\xf5\xbc\x81\xcbw\xaa\x88\x86\xa5\xe4\xe8\xf6P\xe7 Ck\xb6\xf1\xc0\xf9\x84)PMH+(\xf4\x8f\x8a\xd5\x9b3\xb8\xa49F\xe2\x06\x0c\xdb\xa2\x8b\xf4 \xc6\x98\x8e\xad\xcfg=>-,\x89\x9b>H\xee\xf0qEW\x0b\xdb\xc6\x90nG\x9d\x19\xd1P:\xdb\x83\xdd\x81q\xe1\xe0\xf6\xfc\xb6p\xe5\xa2<\xf2^9P\xfem\x87\x8a2C\x8f\xcd\xe7kZ\xe6\xae\xd8\xf0\x99\x86\xdf\x90\xa8D1\xed\xf6\xcdxBO\x0f\xdf\xd1\x8c\xf4\xe2^\r\xb7\xcem\xb3\x82\x1e\x80\x9d?\x10\xc2}\xde\xd9\xf0?\xda\xe0\x05\xd8+\xbeA\xff\x9a\xc9\x8d\xdbix/\xfaO`b\xc9A\xec\x14\x83\x955\x9dH\xd5\xa8\x99\x11\x14#\xc4\x92\x11\xd3\xa3\xce\xd8\xb8J\xb3\x16K\x86%1\xa8C\xd7\xb5M:\x1e\xef\x9aq\x07\xe0\xdc\x1b\xce\x89\xb1\xa9\x97\x8b*w\xb8\xa2\x8f1Q\x18 \x06\x8f[\xc3\xb9L\x1c\x0b\xbed\xd5K\x0eg\xd3\x1e\xbc\xe9\x04\xdd\x8b\xcdn\xd9gd\x81\xe9\xe3)\xb0iJ\x83\xad\xf7s\xe8J\xda\xed\xdf\xc4+Y\xc2D\x9c\xbc\x1f\x18\xeb\xb4\xf1\x00\x1a\xfb\xbe\xd8;ZJ\x16f\xda\xac3_\x973\xdfH\x7f\n\xc2&n\x15\x8dkE\xad\x9c\x833\xb8\xb4\x96\xa9\xd7\x01Ko\xcd\x08%\xda)\xc1\xabu\xb6\x01\xee\xc3`\x89\x19\xa3x\x1d\xcad;\xde2\xa3\x17H`7C\x1d\x12a\x86\xff\xae\xafE\x91\x90HA\xdc\x1c\x02w\x82^\xd2\x17\r\xcc\x87\xdf\x86\xba\x02\xbd\xda\x94\x04nv\x96r\xe5\xfc\xa0\x82\xd6}\n7\xa9\xc2+B\xf2+&1\xbc\xeaI\x851\xb7\xe7\xcf_\x9a\xad\xc7\xbb\xd3H\xbc(K\x83\xddxE\xd2\x00Qn\xd7\x7fM\xa4Zi\x19\xf0\xde\xd1\xf6\xf8PK\x94}\xe2\xd4a\xde\x8fs\xc9@R\xd3\xdd\xa9o\xb8\x8dF\xdfH\x94z\xf8\xa3\\\xc5\xedL`\xb5RM\xbc\x97\\~\xdb\x91\xf7\xbc-"Z\xb5z\xa9Y\x99\x1dM\xdb\xc7W\xc1\xba\xab$S9\x89\xb2\xf8\xfb\xd6\xb1k\xe0`\xf7\xdd\xae`\x84\x8cg\x9d\x04\xa9\xf8;\xca\xdb\xfe\xbf\xfe\t\xd33-\xd9\xf7"\x06\x11\xcd\xef\xaaW\xe6-\xa8z\r\x9e\x916\x94\xe2!\xb8\x86the\xa3\xfbO\xa7\x9c\xf0V[Y\x02U$h\x87\xb3\xe2\xb7\x8f.9jP\xa4QH+b\x10\xd2d\xc9\xd9\x13\x9c\r\xde\\\x00\xe9\xf1\xb7\x1da\x17~\xd8\x19\xd6\xbdk`\xf0\xfa\xfa\xa1\xab\xe4\x96\xd07\t\x133\xa6\xc4F\xdf\x8c\xf3\xa2\xc0\xadXN;\xd5\xc43\x97\xc9\x86&\xf5\xb0v\x9d\xc3i\xcdC\xa7\xff<\xd4\x0b\xd5VfV\'\xb63\x1b\x98\xaa\xc8\xbbc}v>\xfci\x99\xcc?FP\xcb\xedi{\xf4\xf1\tV\xe8\xe8\x8c\x9f`\xed\x19\x06p\x81\x04t\xaf\xc4\x8d\x89W\x17\xf7\xfcg\x96A`\xbd\xfe]\xaf\xaf\xc6C\xd7l\x9df\x12\xe7\xfeKK\xf3\x08\x82\x1b=\x98y\x15\xba+\xe5+P\xf9\x0f\xe4>\x98\xc7\xa5$\xa7R2)\xe8\xa2y\xb3\xa3\xa2\x02\x13\xbb\xe1\xbb\x82D\x8em9\xfe\x1e\x92\x90"\xb8\xa5%+\xf5\x80~\xe9\xde\x8f\x03\xba\xc4\xb7\x1d\xe0\xbf#\xea\xae\x1c\xa0\xa9\xab\xde\x93\xf7\xd3Q6\x84\x88\x18\x19\x9cl:\x0c\xa9\xe9\xa6\x1b\xe8s+\x88r\xcbi:+\x08)E\xbd&=\x81\xb0x\xe9\xbb#\x9d \xed\x97z\x19\x16\xf8\xe1\x18\x9d\x05\x1bl\x9f\xea\x05\x16\xc2\x1b\xf5>?\xb0\x92\x18qj\x85\xc9\xe9\x18\xed\xfe45\xf2.5\x01\x8e\xf26q\x9fO\x92\xfd\xd3\x8e\riF\xbe\xc8_\xe0m\xeb#cbKV\xfd\xfc-`\x19\x0c(*\x1d\xbc*\x84ZQ\x1aB\xb1\x06\xd6\xea\x1f\xc9\x80Tf$\x90\xa6\xdb-\xb23\xf1\xaf\x91tK\x19\x18 \xbb\xa8\xb4\xbd\xda\x05\xce\xd9\xb6\x17\xc8\x0e%\x89^\x88\xbe\xf4\t\xfa;\x07b\xf7\x93Q\xb3\xbbDY\xa5\x84\xa5-\xf5\xf0B@\xf7\xd9\xc9h>\xc0\xf7\xb4\xe0\x02\xd0\x98\tR\x9f\x95\x89\xb4\x19\x12\xa9\xf9\xb7\xfc\x19\xd35\x15?/\x954p8;\xbe\x82\xb0j\x8d\x01\xa6\xffC\xcdT\xb3\xd0\xf4\xe2\xc8\x97~=0\x80x\xb0f\x0c\x07$#f)Xb\xb9\xbe*\x87[\xea8A\'\x96\x88\xdd\xe1\xbd\xb8 \x97\xe2\xc8(\xd4\x9d\xa5\xb6J\x8e\xff\xee\x19p\'\x19\x97W\x83\xb7\xb5\xda\xa8\xbc\xa4\x11`\x07\xb7TvS-2=\x9d\x85\xd9!\xf2\x1d-\xc4\xd4\xb8\x89\x9c\xf5\xd8\xf1\x88\xaf\xe9\x94\xd1\xd7\xdd\xa7\xd3\x99\x85\xd3Rk\xcc\x04\x17\xea\x85\\H\xd5T^J\xa6W\xce\x8c]2L^^\xa0\xd5\xb1\x99\xca\xfc\xe4;\x17+\x88\x9e\x86\x7fY\xd4\xec*$\xe6U\xbbV\xd4k\xe3\x9f*\xbfm#\xe8\x0b\'\xf0\xd7\x07\xd9\xef\x7f-kY\xa0\x1a\xed\x8b\xb68-\xe3\xe6\xb1V>u \xb9\xcb9G\xfe2\xa2\xad2Xq0C\xf3e\xa1\x8d\xc9}g\x93\x19\xe6\xa7$\x924\xc4m\x92\x11+\x7f4\x08\xe1y\xa1\xeb\xc9,g\x19\xe4\xae\xeb\x90z/B\x116\xb8\xe3\xfbd\xff\xc8\xe3\xa4\x1a\xcd\x90\x89\x15?MS\xa1\t\x14*k\xec\xee\x0b\'\xd4&\xc0\xd3\x98\xd3\xc2/3\xfc$T\xc7\xf1"\xa2\x08R\xb7j<x\xbatLm\tj\x96\xae\xf2\n\x0b\xc0\x14-\x99\x91\xe1\x03\xe3\xf3\xcc\x1b\x11\xce5\xe8eq/\x03\x81^\xf5\x81\xb0X\xcc\xe8\xce\xefZA\xf8\xb4>\xf0\xf3\x1dWz\xc9asO\xd4\xe3\x8b\x89\x15\x18*\xdcz\xbe\x13uwd\xf6*\xe0\xb6m\xf1-4\xbd\xab\xdb\xe6u\xa7\xd2\xa3m\x10\xc2\xfa\x88\xc4vZVd@b\xa4AK\x8fV\xbchM*\xadd(\x0e>\rG8I\x86\xd5\xa2,\xd5}\x89\xf5o\xbb\xd6\t\xb2\x87\x18.:\x11\x81\xb0\x17\xcb\xfay\xc3\x8a\x0c\x1e\xa3\xa2\x07\xe4{<\xed^Cd\xea\xd2\xc1D]\xc3\x95\x85!l\x9dq\x12X\xd5\xd9bI8\xd4\xec\x19\xe8\xcel\xa6\x9c\xf57\xfaz$\xec\xd1X\xe1\xd9tvt\xd1\x84\x95Hk\x08~\xba\xdf{\xeeV\xe9?\x9e3\x17q\xe0\x83\x9a\xf7\x9e\x91\xf7\xf1\xc0\xa0\x06\xda\x13\xd1\x05\xdcX\xd0\xfc\x916d\xf9\xb6\xf7\xfd\xd7\xbd*\x95g\xf4\xab\xf25Hfp\xbb\x88K\xe5Q\xbc5\xf3\xa0\xff\x03\xa0\x86:_eN\x91\xff\xe7\xb2\xd6\x9e\x14<\x9b\xa1{\xd2\xaf!\xd5\xca\x18\x9c\xd6aJ.m\xb34\x06\xff\x9e:\xc6\r\xde\xf5c\x94\xee\\N=\xa0\x1e\xe2\xe5\xc6\x9e\xc7P\xfb\xe8\xe9\xe2\xf0\xd1D\nI\x9f\xe64\xd6\x10\x82\xb6w\xdc&\xdcP\xddNAH\xef}\xb4\x92\xdd\x199\x81\x1d\x80\x8d\x07.\xcds\x00\xf8\xf8\xc9\x0b\x8f]9\xd5d\x9fU\xf0\x9c\x94\xd7\xa5\xb8_\x04\xad\xf0\x89\xc9\xd9\x12\x15W\x93\x0e\x7f\xbei\xcd6\x84\xc9\xfd\xe0\xa7\x93]\xf3\xab\xf5\x12zP\x1f\xa8\x87\xa0\x97e\x83\x93D\xe3\r\xb6L*\xad\x19\xc0\xb7/\xfbw\x18\x85\xe7\xa7E%At\x07\xd0~/\xa0\x19\x93@]|`\x8c\xc2v\xf6\xea\x8d\xa8\xcb:\xb4\x87-@\x82\xdf4\xd4f\x8e\xfd\xf7-\xdb\xf9\xf2#\xe2\x00\xc4b\xdd\x82f\xdb?\xbb\x99\x9c\xe2#\xbb\x86o}d\xcdb\xe9c\x98 \xc8\xc4\x831\xb3\xecX\xcf\x8d\x84\xe9H3o\x87\xe8!\xc4\x042\xed\x05\x8e\x18\xad\x8aw\xebCe\x91\xf0\xabF\x966\xef\xb7\xf9\x04\xd6\x8b\xadQpV\xa5v\xd7\x0cr\xf5\x89\\\xbf\xb6\xa7\x03=\x9a\xe6+\xe8\xf3J\xd1\x0f66\xd9\xd4*\xe3\x9c\xea"\x1b\x0e\xfc<n.\xe3S\xb5\x10l\x92\x12\xca\xcfS\xff\xd2\xc4\x11I\xe8\x1e\t;\x8e\xf1\xdfse\xea\xb3CP\xfd\xb3\x7f\xe8\x91\\\x9f#\x89\x80\xba\x7f\xfc!q\x90D\xb0\xf1\xea\xb01KW.r@\x10]w\x9c\xd4+\x82\xae<\xb5\x94J%\xd8U\x1b\x90\xc9M5\xbe0\xc7\x1eC\xa7\x9dN\xfa\xd3\x9dP#\x04\xd6{\xdf\x94\xfc2\x83\xda4\x16\xd2\xcb\xc9\xc8\xe4\x84\xdd\xa5\xcc~a\xcaS2\r\xf7Q\x9cF\x19\xc8[(\xa8\xfb\xc4\xdb\x7f\xf2\xb0\x84;\x82\xd6\xc0\x8f\xb8\xea\x87\xe9\xbc\xc6\xb611\xb7\x1fM\x11~%\x05\x85Q\xc3\xc9&\x1c\x8em\xbb\x00v\x88)\xd9X\x80\xee\xee\xaf\xc7\xc8\xcf\xf0\x05\xb2[T\xcd\x92\xb6\x03\x92k\x85\xe3o\xcc\x9e"Z\xd1~c\xa9\xdd\xc2\xd0\x05\xc4\xe3\x12\x8c\xd9ppT\x1d\x80\xf6\x1d;rV\xd33\x050#\xe8\xb3\x94!\x96\x98A\xf5\x0e\x17\x84\xa7\x8a\xb21\xe4\x14{0"\x152\xeaA\xca\xcc\x93\xe9*\n\x99\x99-a@X\x0c\xa7@9\x88\xc7\xd4\x06\x90\x1d\xf2\xaeL?\xc2\x94\x82p*MT^\xe7nxK\x9dB\xc22\x81\xb4\x03lR\x8c\xa4\xa7\x97\xae\x06\xf8O\x1e\x12\xd1\xf4\xc0\x1e\xc3\x8d<t\xdf\x0e\xccwKRV\x03\x9d\x03ip\xef\xfd8@U`\xa3\x89z\xbe\x84\xb9g\x8d\xb6V\x80\xfff\xe9\\{^ F\x04\x8f+\xf6\xed0~p\x988\xe4+\xcbb\xe1\xf3\x1b\xaa\x1f\xc2\x0e\xe7k\x97\xb1:+\xf9P\xbd\xbd\x07i\x0cz\xe3\xe2`\x98\xaa\xee\xf4%\xe9EL\x06\x88\x9aT\xdbX\xa8\xc6\x0c\x08J\xb2\'x86V3\xd9\x81\xa3\xe1\xc8\xef\x16\xa3\xa9\x94>5\xd56&\xa4G\xc6\x82\x84in\xd2V\xbf\x88\x8a\xad\x86\xe6G\x81\xc8ti9\xfco0\xfa\xbbc.xR\x02\xc9\xf2\x12\\\x86B\xc1\xd0\xf2\x1fV\xb9\xe7E\x8b\xe9K\xb3vAC=\xbe\x98\xb0\xb4\xc8\xe5\x9f\xd2\x1fcD\x8bd\x9c\t\xf5\xa4\xad\xbf!\xa8\x9e\x11c\xe15\x8c\x17\xcf\rP\xd0\x9f\xe1\xc8\xb9i1BEMc7Y\xf7W\xa5?\x915\x8a\xeb\x88\xa5)\x02\x13\x1e=\xb89\xf3g\xdf*\xda%O\xc6\x9c\x85it\xe7\x92.\xb9L\x01p\xf7\x82uKEJ\x97\xba\x07\x88\x93\xa4\xa5:x\x8f\xdbYN`\x82\xaa\xe7\xcb\xa4\xc3k@/`\xfeo\xaeY\x0b\x0e\xd8s\xbe\xc3IQLxRF\xe3m&\xd2\x10\x9f\x82\xa4\xb5\xc7d\xb8\xbd\xb1D\xcf0\xdc\xa0\xa1W\xd6N\x86\xc5\x84\x9c\'zR\x82\xde\xc8\xb7\xcb#\xbe\xd1\x89\xab\xaagd\x18\r\xa4dFU\xf4~\xadF\x1b;\xad\xafq\x93nhn\\\xb7>)&\xa4\xf0\x85|\x08\xcb\xbf\xd6d\xea[\xd3N\x10\xda\x1fVdF\xedq6\x8a}\x18\r\'F\xf6\xddm\xbd\xb83\x0e\x11\xd1\xf8\x9d\xa3%5\xecv-\x94%7\xed5\x06^\xacVO\xb2"\x96[\xb6\x1fF\x80{v\xe4\x93A\x8d\xbb*\xf4l\xd9m\x88}\x18\x1aX9`\xd1\xa0\x1c\x9c\xf4\xcaG\xe9\xd7)D\xcc\x9a\xf5/\x1c.Q6\x01\x93}!\xfd\x95\x03\xa2/k\xa2\xde\xa2\x86\x83T\xc1\x14\xf3\xe2\xba\x90\x97&\xaa\x96cQ\xec\xe1\x9e^\x1c\xc0\xfe\xd8A\n\x8f\xde\nC\xba\x8f\xfc\x1c5\xa9v\xca\xf5\x02R\xcde\xb8\x86g\xce\x04\xf4-\xbf\xee\xa64H\x13\xd5\xa7i\xee\x93\xdd}t\x10\xab\x1aD<\xb7\xff\xcfP\x1a\x14B\xc3x\x94Y\x02\xa7\x8b\xa0x\x9ccf\xe2\xbb\x81\xd3P8\xff`:\x11i\x14`\x1b]\x9d\xcfL\xacU[;\xb0\xd4\xebFyWT,\xcb\xefc\x17\xd1\xbe\xcd\x9f:\x18\xe5\x16\xe8\xfd\x02X\xe1\xf0\xf9C\xab\xf2\xe8,\xdc\xb4\xd8\xad\xbe\x8d\xe7\xeb.,]k\x83^\xe91\x19&T\x80Z\t7\xb3q\xfa\xec\xa4\x00:\xd6\xea=\xc4\x04j\x8e\xc9\x99\xbdY\xbb\x02O\x1cW\xe9\x16\xc5\xeb\xe7\xbff>\xd9\xf0`d&\x07\xa7X\x13L\xef\xb5\x07v\xe4VPj)|\x01\x8d\xa4\xe4\x88\x8cd\x15\x8da\x1ch\xab\xb1/="\x80\x1cE\xde\xc1B\xa3\x87_e[\xea\x06\x1c\xb1\x89\xb7\x1c\xeeG\x0e\xc8K\xc9Q\x96\xd2\x7f\xc3\x8b\xc1In\x1c\x95?\xc3\xab}\x00\xe7\x9c\xd7\x9b!\xc02\xdc\xa9\x12\xcf\xea\xd7\x1cS>\x93\x1d\xfe\xdey\x85+O\xcfz?\xd5\x14G\xdd\xbb\xed]\x87L\x9f\x87\x7f\x9f\xd4\xdd\x1b\xc7\xfcz>U\xc5!\xa3\x03\x15]aT\x7f\x9f\xe7;\xcd\xc79\xf5e\x15\r\xcfIb\x9c6\xcd\xf1\xd0\xabh\x08\x10\xe4$\x8f\x01\xb7?\xed\x00\xb8{B\xe4\xda!h\xd9_\xc4i\xec\xcdrYi\x1001=\xf9R`\xc8T\xd1\x80\xf0\x19\x9b\x9b|v\xbb\xa40&^\xa0\xea\x98\xb6\xa7\xcd\xbe\x12\x1e\x88\xbcJ\x9f\xe1\xff\x11n\x18\xfa\xdc@WN=\xb4u\x94\xa8\xca\xf3#u\xbe\x83\'cK\xd0t\xe5\x07{%\x1d}s`]XhF\xacR\xfd\xafo\x06\xcf\xe6\xe4\x01\xd3\t\x86\xd7\x1b\xa2\x14\xb9h1\xa6z8R\xb7\xa2\xc5t\xe5\x00\xbd0&v\xb7=b\x8e\x9e\xf5\xf4\x9d\xfb\xe9\x88A\xbc\xd7=v\xee_8kSa\xa1.1`x\xa3~\xe6\xe5\xce\x1f\x8e\xf3\xc5\xff\x99{\xc3\xf2\xe7\xa5\xbd\r\xe97\x1b\x99B\xd3\xdaA\xa5\xb7\x0e\xa9E\xd7\x98\xf5\x82j\xc8\x9d\xd6\x1b\xd9\x86[a5RZP\xd2\\1mz\x97\xbaDq\x96&\x18\xbf\xdcs)\xf8\xa7\xa9?\xa7E\xb0\xce?\xd9+Z\xcf\x8fI\xb0T\xef\x18\xce\x8a\xec\xee&.\xb2\x8a\xa2\x03\xb6Q21\xfb\x0f\x10\x04A-\x81 \x0f\xc5\xd4c\x80\x8b\x06\xa1\xd9_\x97\xfb\x84\xf9qx\xad\xd2\xcb"\xb4G\xbc\xc4]b\x83\xbd\xd4\xf6\xbb\xbb\x99`]\x1e\x0c}\x14RO4Q\xaeA\x7f\x8a3\xd1\xaa\x1f?\xe9\xa1R\xfe]\xfa\xe1\xc2DY\xf3\xc5F+9x\xb1%\xb9\x00f\xb6\xbc\xe8r\xb8\xbc\xc8\xbb\x13\xd9j!]\xbf\x06\x87\x95\x1a\x95\x9c\xf7v\x94B\xe9r\xdcT\x17\xdf\xe9s\xcdK\x8e{\x16M\x9c]Ag\x8b\xfd\xce0\x9ba\x8d\xdc\x90\x8e\xd0&\xd5\xa2}l\x8d\xa7\x13\xf0\x87\xe4\x89f\xc8\xca\xf9m\xd0`:.\x84PI\xfbg\xff4\xfa\x92D\xa5\xe3\xcc\xb0\xfeM\xc3\n\x0c&\xeef\xef\x1f\xdav\x18\x93\xb8;\xfeN\xc6\xee\xce\xd5\xff\x0cX\xd9\x99\x00%f\x1aDEK:cG\xc3\x07\xc6\xce\xfe\xa2\xb3\xf6\xac\x04_\n\r\xe1\xae\xa0F\xd2\xcfQ\xc3y\x840W\xe7U\xban\xffE(\x87\xc2Y\xb4B\x82\xde\xc2\x11\xa2Z\xc67\x89\x99\x13\xc2tVq\xe4X\xbf\x9dLiP/\x888M~F\x1e_:\xddYp0\xfd\xaf{\xde.\x9a\xf7\xa2$\x16\xecQ\x11\x00\x93\x89$\x89\xeaOJ*\x1bL{\xaa_7h\x97\x06MD\xd1\x01X\x8f\x967\xc7\xa7P\xfd\xc1 \x81\x1c3\x1a\x9eF `3\x9e IU\xf0=\x94&\xf0*\xcc\x8a":\xa3\xe0|M \xf5\xd2\x9b\xf60<\xefe\xd5\x91\x12\x9b\xa6JP\xcd\xd9\xbf\xb9\xd3\xf6]}\xcem\x0f\x0b=\xf3\x8e\xaa\xf0\xd9g8\x1a\x8b$\xd6\xf4\x94\xb5\x11i\xbb\xab\xdda\x19\xc5\xc0\xba}\xecR\xd7\xc7\xc0\xdc\xbe\x82\xc0\xf7]\x91\xfc\xda\xdc%2)\xd3\xbf\xa9\xcb/\xa7\x8c\xce\x06^\xb8m\x8e\xd3\xbf4\xf0i5\xe6\x95\xf6\xbc\x89\xa7\xe7jp\x059\xd3\xcdb\xcd\xc25\x19\x8f\x16\xc3\xc1\x1aGNa\xfc\xdb\x85\xa8\xd5\xbdh\xc5\xa2$\xceaR6\x05\xd3j-2\xcf\x06\xd1Mr\xd4=\x15\xf9\xcc\xa5}}e\x07\xbd(\xe0rr7\xdcE}\xd5\xa2/V\x80\x02\xf6\xa4\x1c\x93\x90\xb0)\xf9S\x827o/!\x1fqZ|\x80\xf0\x9c(\xd4\xedY\xb9,\xe5\x8aLK\xac\xbe\r=\x9d\x97\xcc\xa7\x06\xc26\xb9D\x10F\xea\\[\xad\xb3.Q \x90;\x8e_N:\x05\x84%\x82\t,\xf0\xd6\x0b\xda\xeb\xd9\x129\xa2\xbcme\x13G\x99/c\n\xf7\x1f\x1f\xeb\xf0\xa6;\xef\x01U\x94\x18\xa8\xb1\xb1\x86\x98 \x96_\xeb\x03b\x9b\\\x92+^\xa1\xaa\x87G\xfc\x8a%\xb3yR\xda\x1f\xd3?Qv\t\x16\n\xd1\xc2\xc1\x7fG.\xbd\x05\xb2\xf3g\xf2\xa9\xbesnL\xfb\xda\xd5ry\x14pH\xb6\xe1\xc0\x1f\x1e\xc0\xa4\x1f\xf0\x18.\xbe\x96\xfc\x837l\\H\x97\xc8\xc7b\tZ\x99\xf4\xa6\x15Hh\x03[\xfa8;m\xac\x98p8\xc9\xeb\'\xcb\xba^\x85\x81\x12\x1fe\xf5\xb8\x80\x88w\xbeRs\xbf\x192\xfa\xf4\x9b\xc24\x07r\x1f\x0bg|\x8er\x19\xcf\xa6\x9d\xbb\x0c\xb1\xed/\xb8\x0f\xaf\xaa\xd0JN\xa8\x8el\xda\xfe\xe1\xd6WL0\xd9\xa4\xc7\x0b&\xc9W\xa4(Q\xf0\xb0n\xd4\xbe\xa9R\xc4B\xd6\xc17\xb6\x8d\xa1\xe4e\x02\xa7)\xe4\x14\xdd\x86N\xb3\xa4T\x9da\x07\xa3\xa9\x03\r{%\x9b\xa3N-F\x15\xa8$\x9c$\x10\xa1o\x82!C\xb7U\x8c\xf6\xe7\x95]\xa2Q?\xfa\x85\xa5\x9e\x85\x1e\x1fc\xc9Ug\xf0"\x98\x9a\xef\x95\xe63\xceqeC\xb3:\x01\xa8;M\xafB\xcc<J\xa9y\xd4]R\xcc`t\x18\xa0P5T\xc9<\xdd\xd4&\xe6\xd5\xc4\xfd0\x02\xcb\xf8\\\xb2\x1c\x92OP\xb3e\xb6\x1eH\x89\xe1m\x1c.3)u\xcf\xb4:(ph\xa7\xed\x7f\xf8\x06\xdf\xf8\xc5\xc4F\x02\x849\x06\xfdZ9E\r\x9dd\xae\xec\x05G\xb3sSZ\xf8\xf2\x17\xc0R\x8bf\x05O\xf4\xab\x0e\xf2\xf3\xcf\x8b\x12dtP\x8d\xb00E\n\x91\xb7\xac\x0eNNi\xec\xe7\x1f&$\xc3w\xbd\xba\xd3K\x10b"?\xaf\x03\xca\x11\x11e\xc3\x7f\xe0\xfeC\x14(*\x99w5\xf4\xefn\x12?l\xb9\x90J\xe8\x9a\x91\xba\xc1\xd8O.\nl\rm\x83c\xb6!&cB\xad\x0c),\xac\xc8\x95\x945\xb7\x9d\xa7+\xcc;\x89\xecT\x03\x93z\x96\xc7\x1cd\xf9\x05l\xfa\x11\x94\xb9\xc2\xa9O\xd8\x83\xdd\xc9\xd2\xaf\r\r(\x827\xf4\xa7\x8aY\xcf\td\xd4\xaa\'\xd0\xd6g\x9a\x05\xb2\x0c\xd4\x1f\xfb\x16\x94,4\xef\xc5\xd6Q\xb7\xea\xa5\x16N\xa7\xd2\xf2\x93A\x85S\x96LL\x86p\x19\x1b\xb0\xb6\xa8\x94\xeb=\xceuy\xe2\x08\x99\x97\xb9\x8a\xe3\x8eR\xcf\x80u\xe6\xb4\xc4\x9a\'1\xc4\x06b;\\\xa5\x91#\x00\xfc\xa1\xc5\xd4R\xd9\xe7c\xb0\\\x048^n\xe1\xf1\x9a\x15\xc9\x1c+\xad\xd4\x15\x1c\xee)\xe1\x1f\xdd\x0e\x9d\x98\xc2\xb34?\xf3>,\xcf\xf8\x95\xf4*\xd8O\x00\xdf\xf9\n\xb9&m\xc4Z\xb32/\xaf\xcbp\xa6\xff\xfa\x1f\xa2\x86\x03\xeb:\xf0\xcd\x1bZ\xbfB\xeb\x18R\xd8$\x88\x8b)\x00.\xa6\xd3rR&\x011\x01\xccB"\xe5\x1d\xbf\x9e\x066""\xcf\x01\x03\x86\xa6\xe4#\xe03\x92\x96D\x89\x8a1\xf0]\x94\xe7\xa6\xb2z\x93y\xff/\xbb\xea\x08\x8a\x886\xb6i\xef\xa3\xc1 \xd3,=V\xe3V\xa8\xbf<\xc7\x10\xd3\xe8\x8e\x1fst\xc5\xd1\xd1\xfb\xd0\x1d\xb8&\x9a\xc1e\x80U6\xba\xd1\x88e\\\x08\xdfX\xcb7\x9b\x8d\x0e\xf8]\x8c\x18\xe6\xbd\x97[\xc5h\x06\x03X\xa0\xb5B\x08\x1b\xe2U\xb5\x89\xc1\xd1\x98\xc0\xf3ny\x10$y\xf6\xdd\xb6J\xad\x84D]\x8e\xac\xa2\xe9\x90AN\xae\x8e\x8b\x8e\x1aD\x87\x83\xda\x1cO<ed\xca\x8f\xf2\x85\x8cv*\x1a\xeb&\xcf\xdc\xcd\x1e]\xbc\xf8\xc5\xa2\xa7\xa6\x8a\xd5j\xd8we\x80\xc40\x98O\x1cv"\x0e\xf1=\x0e\xd2\xda\x04;\xbc\xa9\xe7Y\xd4:s\x96<MqP,\xdb\x89\xa8K\xe6SN*\x99\x07i\xb1D\x9co\xe4\x93T\x82\x07\xbe\x06\x84\x96\x04\xee..k\xeb\xdcI\x03\x08!\xd3O\xfc\xa8E\xa4\xab\x06\xe2F\x9d\xc8\xad\xd3\xfaj\x08K\x1c\x02\xe9\xe2$\xc84\xf9\xfb\xf1\x0c\x0c2$\xe7\x03\x80\xcfL\xe1\x8dv\x7fK\xcf\x10\xaa\xe0\xb1\x9c\xe3\x9f\xd1\x17\xf0\xeb\x81\x90\xc0p\xaa\xe1\xd8\x05\x8dn\x96.f\xe2.y=5\xc1\x12\x80"\xec\xe1\xbc\xe0\x1c\x08\xc5\xa0\xac\xb6$\xde\xf4\x15\t\x19\x807\x97\xfb/|\xcc\x0c\rSm\x92\xbfZJ4\xf0\x14\x96\xf52\n\xba\xc2\xec\xd5\xa7\x9b\xdd$\x10A\xb4\xae\x98"pSm\xdaK\xb7\xc5\x88\xb5<\\\xae@\xd8\xb4o9\xc0v\xc1\xb6s?q\xdcV\x83\x89\xe5\x876\x1cqQ\xb5\xa5Ih\x08\n,!\xb9\xfd\xf5\x0f\x9a:\xe9\xfc+\x83M\x0f\xf8)\xdd\xe8\xf9\xa4\xb58\x15Y\x10X\x8b\xc1\x0c\x83\x02\x92{q5\xab\xeb\x99\x83V\xfb\x15W\xf4\xf9\xeb\xbd\x00vZ-\xd1\xccl\xcb\x94\xabb/\x9aC\x86\xe4)\\z\xb5\xe68\xebd`r\xf3]\xc5\xf6-\xe7b\xad\xcdg\xa4:\xcc~\xab \xd6\xa5\x03\xca\x914;\xf0\x0c\x16\x01\x9f\x80k\xfa@\x97\'\xb9\xa1\xf4^\x8d}r\x08\xf9\xc8\xed\xcewn\x9f\x15`\xc5=\x81F\x131#\xabI\xfd1\xba\x82\x90/j\x16\xfe\xc6\xee\xa6z\x7f\x8b.\xf5a\xe2\xb4\xady`sw\xe1!\xa8\x96}^+\x1f\xd0\x05\x0c\x1b\xbf\x0e\xda\x15=\xfd!D7\xbc4\xd2\xcf\xf5\x86:\xb5fNq\xd1{M\xf7\xb0\xb5U\xe8I"\x94\xbbo\x02\xe9\xc2\x9b\xf7\xcd.T\xf0(\x11\x14\x04M\xe9\xcd\xcc\x1b\x89\x10_\xf3\xfe\x1agI\xadH((\x91\x99\x07\xc2\xc3p\xc6j\x17\xe7\xb6\xbd\x0f\xc6.\xa2=\xcb\x1enG\xeb+\xbe\xe8\xb93P\x94\x91b\x04\x93\xf9\xee\x82\xebR\x0c\xf9\xd1\xfd\xc5\xbcwO\xab\x05>q \xf7\xef_\xe9\x81\x14\xe3\x97n\x14\xdaU\xe4\x18&XW\r\x89\x0b\xbcY}\xa1,\xf4\xcc\xff\xb4\xbcL\xb8\rV7E\x87-\xe5\xe1\x1b\x85p%r0oxW\xec3_>h\xf1\xfa\xf7O\x99aL1.z/\x97\x00\xf7\xbaR\x0c15\x109.\x93\x7f\x86>\xe1\xa2\x9b\xbfo\xa7V\x8d\xc2\xd2\xeeU9n\x01\xb6\xde\x8f\x072.9\xb9\xe93N\x97r\xa4\x85\xcd#\xb6{\x9a\xe1|H\x0bb\xb0rS-\x91\xfbC\x12\x84%\x83\xae\x82\xb2\t\xae\xf3\x10\xbf\x82\xf3Q\x94_\xf2\xd6\xad\x93\xfc\x86s\xd2\xc7 \xc1\x90\xb4<\xd7a g\x83\xf9Q\x8f\x8f\xe7\xc5\x17\x07\xcf\x9b\x16Z\xf8W\xb1\xf7N\x84q\x0c\xfaG\x14w\xc7,\x18\xd1"\xc8$S\xdf\x94XQ\xb2\xf9\x05\xad\x9e\xb2j\x8fY\xc7\xda\xeeap\x0cX_z6+\x00\xf7\x84\nW\x02\xb1\x0cw;\xdc\x1b\xed\n\xb1i\x87&6\x80\x87ge\x1d\xb3\xc1{\xe0\x86\xf8r;\xb4\xa4\xfaA\x88\xf6\xc9|}\xd2\xa2\x81N\x1b^\xc7}\xc2\x19JJ\x9d?3F\x8bjTMd\xc4\xee\xc8\xf3E\xef\xa1\xcbV\xec\x17^\xf0)u\x18\xdep0\xe7\x18\xc9\x8c\xcbu"\x11\x94T\xf5\xeb\xb8\xe5\xbf\x10Ka\x9e\xa1\x7f\xcd\x87\x93<\xc6\xf3k\x11.4\xa0\xdc\xdb\x13\xac\x88\x12y\x14,\x1c/\xbf\x15?\xd6\x89\xc6\'(\xc3\xb1S\x1b\xe7\x01`%M@G:\xe8j\xbc.Y\x8a\x83r\xca\x08x\xa9\xba\xb6\xbf\x87\x91G\xefS\x8d^\x9f!\xde\xac\xde\x02\xda=9L+\xf8\x08IH\xc6\xf9\x1f\x04p\x11A\x8b\x8e\xd3\x9cb\xa6\x83\xa3\xc3L\xe8\xc5\xe0\x81\x1c\xcb\xf3\x8f\x02\x8f\x88\xfb\xb1V\xf3{\xf9\x8a1\x81\xcb\x15T\x15<\x0fG\xe7r\xbbe\xc41\x0c73s,\xf6\x84;\xea[\xeb\x800W\xe7\xbf\x1c\xe3=\xf6\x95_-\x175m\xe4b\xf3\xd8\xd1\x8e\xf5\xcb=.\x90C4\t\x84\xf3\x16\x00T\xad\xe0\xbf\x86\xde<\\\xdf\xc6\x17\xb2!)oX\xe1\xc6\x7f\xde\x04q\xb2\xd0\xd4\x15\xe9\xd8\x8b\x97qR\xcdz\xf8\x1eoJ\xf8&J\xc5}\x97\xfb\xdcA4\xbbx\xab\xba\xf3\x13\xa3\xff\xc0,\xc7&\xb7\xce\xb8\xd4\xc9\x93\x14\xa4\xaaw7)\xcc"\xb6\xe7\xfe\x82\xb7\xc9\x8f]]\x93\xc0\xa2\x11J(\xf8E\xc2a\xe2\x81\xf2\x0c3\x81\t\x9f\xc2\x8b4\xd0\x95\x12;\x08\x08U\x80\x9d#\xd96\xe70\xa2\x11\xcd\xfc\xec\xdb;No?\xa4|\x98\x89\x19\xa2fXh\xa3v\x99\xc1\xd3\x82\xe1\x7f\xa1f\x99!\x1fQbH\x85\xd4U*\xaf\xae{ez\x16\x84\xc6\xe2)\x929\xea\r"\x02\xa8\xe7\xd9\x14\xec\xed\xfa\x81\xa8\x9f\xd4\x1eW!J\x93_i\xb2=$\xdei2\x02!n\xde\xd5\xa0\xd2\rd^b\xb4\x0c\x9a\xf71W\xee\xd5\xf9F\xfa\xcd\xed\xb0\xbd\x14\xf0nI\xf2q>\xa4\xcfTf\xf8El8\xc1\x02\xcf\xcf\x96(\xa7\xac\x8a\xef\xfd\x91\x00c\xdb\x81F\xea{%8c\x95\xbb\xf4\xfd\xdd\xdcV\xf3\x96\x01\xda\xc1\'\x1a\x91L\xe5\xa5\xd1\xa2\xe4F]\xba\x19\xfc\x1d\xe6<!\xab\xa0}\x05cb;)\xf6\x8bo\x1a\xbb\x0e\xa4\x800z+2.\xd6\x02\x1de\xcdXGWu\x9b%\xfa)\x8d\xdc\xa6\xcb\x93\x90|\x15\xe3q\x03\x0b\x10\xb9\x11\xea\x04\xd9K\xd4\xf6PyQ\x9e\x08\x0fi:R\x19\xf14y\xbbZX\x85\x06\xcaX\xd8\xf7j\xbe\x86/\xc0\xe0\xc0>2\xea\xb5\x1bH\xe2\xb6\x9eH\xd72Yh_\xe5`9u\xca\x1e\x82\xaasSV\xae\xff\xae\x9a\x9aW\x92.[\x06Gm\xb2-\xa9\x84:!Rr\x18\xfd\xb0\x10\xcb\xc9\x9b\rx\xf1N\xe2\x88\x7f\x055\x03#\\xE\xa2j\xc5}\xa1z9\xe43\x95\xdcb\x19\xa1A\xf4\x0e@\x80\xe7\x88RI\x05\x9ai6\x18\xd4\xb3\xbe\n9\xecB\xd86\xb7\x1d\xea,>\xeb\x1a.\xa8\xb6E\x0eSI\x9cChC\xeb\xa5&\x19D\x0f\xba4\xe3\x91\x9d\xc7u\xe2\xca\x13\x0b\x8d\xf0\xaf&\xe6\x89\xf4%\xea\xc7\x08\xa5\x90C\tY\'\x99\xe3m\xa2\xe0\xb4\x8f\xd0\x96I\x08P\xb2!fy2\xccd9\xcc\xc2F\xc1!\x1d=V\x9bI\x88^r\x01\x02\xdc\xafFO5\x95E{~4+\x8c\x7f\x82{\xed\xb6.\x82\x00\x06\x11\x1b\xfa\x17\xf8\x03/`\x90 W{,\x04\x9a\xaeE\xfd\xa3\x03j\x7fu\xa2o1x(\x10q\xac\x16<\x19\x95\xe0\xd9\xc1\xb2\x9c\xe3\xaa\xe1ec\xbe\xc8\xb31\x85&\xde\xffB\xc9S\xbf\x8c\x94\x92\xdf\x8a\x15\xf5\xc7\x1ai\xf8\xf7SJ\xedH\xabl\xc8\xdb{Qlgb\x8a\x8dQhOV{5p\xd9dF\x9b<z\xd6\xa6\xf0*\xf1l0\x98m\n\xf5\xa23\x0cw\xca\x97\x8c\xe9\x88e\xbc\'\xac \xec\xce\x15\xdf\xe2\xbfq\x89KLO\x14c\x93l\xf5\xa6\x076\xf5\xc0m\x9b\x8e2\x18\xa6\x96\xfb\xe3z)\xfdBi\x04\xfaef\xd7ia#i\xd1\xcaTg/:V\xdeQk\xf07\xb6\x99M\xf5\x825L\xbf|\x90\xa9T\x1bO{\x17\xd52vF\x13~\x9c*d\xde<\x0b\xea\xbaC\xdefi\xdb\x1ess,\xfb\xfc\x16d\x80\xbd\x0bO<T\xf2&\xc6\xef\xae-\xb53\x04\xfc\x8e7"\xa7\x16\x87\x8b!\x1a?oy\xcf\x11G\xe5\xa3\x81\xf9\xd3wT\xae\xc1U\x1bC2\x1c\x07I\xc1\x9f\xc4P#\xa8\x1c_^\xc8\xeb\x964\x0f|)!\tj5\xa6\xc2\xc2;#\x9fz\x18\xc6B\xe1;\xcc\xbc~\x98j\xb5\xbc:\xe9\x12\xe3\x0e\xa4d\xdb\x9b\r\xe3\x03d\xf4\xf8\xab\xc1\xe4\x92X\x0f\xc9\xed\x90;\xdd\xf3s\x02/\xc9[1\xab\xdc\xcf\x15\x82\xf9"5\x7f\xdb\xd0Lr\xf8Vr\xcfO\xcd\xaeY\x8c\x82\x89K\xff\x81\x07/\n\xff\xa33\x82\xdc6\x82\xf1\xd6,o%\x80\xe2\x84\x1a\x9d\x8dW\x05Q\x07{,qD\xbd*\xd4t\xfbp\xbe\x082H\x0eM\xef\xac@]\xc9C\xf3S<&M\xea-D\xf4\x1a\xecm\xadM\xa30%\x801XZ\xf4\xd9\xd9\xabEF\xd5\xd9\xb3S\xeb\x8b\xd3\xe9\xb8\xfc\xba\x99~\x8d\x18\x11\x88\xabW\xee\xfb\x1b\xba\x16\xbf\n\x06PD\x12X\xd2\\\x17\xd2\x01\xea:\x9a\x19\x88\x1a\x84\xa4 p\xfc\xb7p_\x8eE2)\xb4]3\xf6\xa7!\xde\x7fD&y\xfb\xfa\x14\x99\x86F\xb0\xfb\xe4k\x7f\xe9y\xbbv\reb\xbb\x0f\xae\xea:\x0e\xf2b\r\x85\xc2b\xcee\xe2\x13\xcd\\\xd36_\xeb\x87\x9bQ*\x08\x95\xd6X\x11\x08^\xd7\xcfv\xdb\xd8(?+<o\xef\x95\xcb3f\xad\xab\xa3\x98B\x96\xee\x04\x98\xc0w?\x11\x97\x1a\xdf\xd2\xf5\xa2\xfd#\xdd\xc5<\xe4\xd3[\t@\xba\xe1A\xdb\x9a}74\xf1Fqr\x0c\x963\x009\x93\x94\xb6=\xe9nS\xbeT\x1c}\xb4\x92^f-\xb3\xb1n\x94S-\xbd\x91Y!\x1d\xa2B\xf6\xe8\xe7I\x00\xaf\x1f\xb04\x7f;\xb2Q\x9f\x84\xc4Nn\xb7\x9aN\xed4\xb8/\x11,\xf0l\xbe\x03\x0fE)\xbe\xc0:\xbc\xe3\xd4\xdd\xc0\xabX\xfae3\xe9\x8d\x9b.$\xf2\x8aQ\xad\xe0\xde\rH\xb4\x96\xc6\x1d\xe6\xd8x\xbb_\xb4\xd2i#.@\xf6\x04\xe8b?B\xa1\xc39\xbdY\xba\x1a\xf2\xa0\xde\x1d\xb4 \xbcX@\x07&\xc9\xef\xb6H\xd6:\xd7\x1d\x83\xf4e\xf1m"Y\x8c\xb4\x81\x03\xe7\xad\x15\xf9\xf8\x8ef\x87-Q\xda\xed\x08\x01>S\xa5\x0fTp\xc9\xa7w\xbd\xdc\x91\x94Wa\xd0\x94\xca0{jZL\xd1\xeco\xa5O0\xe3\x99\xf6\x06a\x89\xf7\xd7\x11\xed\x9a\xa1\x18\xca\xa6Zy4u\x9d\xde\x86\x98D\xef\xd1R\x9aH\xdd?`\x9a\x89Y\xc7/s\xa1!}/T\xb2w\xab\xa4\x13\xce\xc1\xfb\xd0\x99/P\x88\xa6\xb2v~\tT\xc5\xbf\x99\x0f\xb0P\x9b\xe9n?EE}\x1f\xb4\x874\xe9\x13\x81\x83\x19?>\x9fh\xccLL\x9e\xe8f\x14\xf2\xdeH\xb5V\xc2\xc5\xf2\x8f\xc1r9\x98\xdfB\xa1\xbc\x1f\xeeV\x03\xc4\xab\x90\xb1B\xd5=\xb7<E9\x98\xbd\xc5N\xacC5a\xaf\x90EcX\xc4\xbb\x0b\n\xa9\xa6G\x02E\x0b\x83Z[\xab6\xe2[8\x91u\xde\xbf\t\xd0\xc2\xe6\xa9\xd7q\x8aZB\xeb\nv|\x14\xba\\L\xa3?\xa9H9\xe6)\x84n2\xdd\x0e\x96\x9fi\xfd\xc5oc\xb4\xea/\xbcs\x03\x92\xc5~^\xc00\x92\xf8\xe7u\xf9,\x02\xf7\x91\xaf\x01\xa1\x07aP\xb0\xda\\\x9eW\x08\xb6Mk\x94\x82-\xe6\x89#\xaf\x07\xef\x0f\x19=\x8a\xf1\xd7x\xa0\x86x\xc4\x8a8X\x81\x1f\xa6\xaca\x9b~T\xae3\x17{\xc4\xadL\xe4t\xd0s\x19\xca\xcd\x0cI\xf0]\x16\xc0R}$\xec\x0c\x89\xd0\xe6\xef2\x0c\xaeB\xb8\x07N\x8d\x93\xb3\x95\x03\x1dU\x9e1\x1d\xacE\x8a\x1e\xa9\xe76\xf1\x96\x1d\xac\xdd<1b\x83\x1b\x8c\xfdw\x84h\xda\xc6T\x9e\xc5\xf9&X\x19\x19K\x8c\xc1\x0cN\xc2\x86\x1a\xc8\x8cSN\xeeq\x15\x86\x03\xa5_%\xc3G\x88]OP:|<\x9a\xb0\xe0f \xa5\x12\xdaM\xbc8\x8d^\x17\x88\xe3i\'\xe7\xfb\x8e\xa3j\xe1\xeb\xdb*\xc8~~5z1 \x16T\xef\n+\xaf\x1c\xc5\xc1\x1b\x01\xbeP8\x19vH8Gb<\x94V#\xc7Q\xd6\xe5\xb7w\xd1X\xeb\xb1\xee\xbbL\xb2\xe3\xedk\xdfB\x07\x8c\xbd1\xe3#{Y\xb6\xf0\xcd\'s\x80\xb2O\x84\xa4\xdc\xfa\xe1\x86\x12\xbc\x1e}\xe3\xb0aL\xa4\x81D\xef\xb8e\xfe\xfc\xf3"\x87E\x84\xc4\xb6\xe8j\x8cR\x8f\xbd\xd0p\x00z\xd6\xd5a\xdcqY\x99B_\xe3X\xef\xc0m{\xb8-\xf6U\xb5\x13mB\xa9:E\xa1\xd5\xc8\xf3\x03e\x9frv\x9f\xce\x1c\x1ffD<>o\xd8\x8dvP?\xc9\xe3\x9d\xb2\x7f\xdd\x9f\x00v\xc1\xda`\t\xdfmO\x86\x16\xeb>\xc0>\x8b\xfcS\xf8#\xa8\x81!R\xd3\x9c\xef\xae\x9bY4\xdd\x84\x95\x07\x83yl\xba\xa1\xa7\x89\x86\x0c\xd2\xdf\x1cd\xdb\x99\xa4c\x13\xcd#\x84O\x11\xf1G\xea\xfbXHpt\xce\x18\xd7\x90N|\x14\x85\x1c;\x98\x1a\xb6o\xdc\x820\xeeX\xa4\xe1K\x08\x98\x91\r\x94\x99\x14\x04N\x1d@\x8aO}N\x11\x19V\xc4\xca|7\xee\xee\xf2\xd2lR\x93\x15\x9c\xd6\xfc\x90\xee\xe1\xe6-T\xb2\x15y\x17\xbb*r\x19)\x0c\xc6\xf3?p\x86\xc7\xb1[\xaf\x14J\x0c\x88h{ \xb4\x11p\x92d\xe3\xc1\xff\x80]o(%\\47\xf0\xc8\xe7\x85Q\x15\x8f\x07d_\x9c4o\x8a\x89N\xcc\'O.Ia\xbd\x9c\td\xb8\x9a,\xdeT\x9f\x8a\x1d\xf7\x15\x11]\x90\xe6\xeb\xa4\xaa\xde\xfbU|L\xfd\xb0\\O\xf9\x99V\xf1\xf7\xc3K"\xe0&\xcb\xce-\xcb\x11\xc0?y\x8aE\xf4\xe1\x16l)@\x17kmo\x10\xae\xab[\x90R<\x14\xb1\xb3\x00?\x08\xa6\x94\xa7\xb3\xfeQ\xfb\x10y\x191\xa9\x1f\xde\xfd;\xfd\x82w\xb2\x0f"\xe4dD*7u*\x94\xc5-\xd5\x15j\x99_K\xb5\x16\x1cY\xdb|\xd8\xae\xbc\xa1<\x04\xfc\xfa\xeeM\x89\x90-\x8cJ\xb7\xa7\xb9\xc0\xd0*\xe5\x1f7\x92Y\xce\xb0\xa5<\x08JEV\xdf4\x172R\x99!\xf7\xa9]g\xda\xbf\x95T\xf4\xeb\xea\xc2z\x9dt\\_\xaa\xc8\xe3\xc3v\x81\xab\xaa\xd9C\xd6\xe6\xd3-\'\xd3\x02\xe7N\x11\x1b\x00ED\xd3!y\x9f\xcf\xcc}\xfd\xe6\xf5jK\x88y\x8b\x1b_}9j@\x8d\'\r\\\xc6!\xe1\xb5\xf6\xc9\xffbzQ\xda\xd7\xd8\x86\xb91)\x05\x10\xd6\x11\xd5q\xafc\xc1D\x1aM\xac7\x101\x19\xd5\xc2\x9f\rH\xec\xf4\xcaY\xc99D\xfe\xcb\x12\xcc\xd2\xc3G\x12W\xd2\xdfs@\x92\x06\x08Y\xe2p\xe9\xe3o\xfei{\xf7-$\x88\xef\x93\x00m\x85\x1b\xa1:\xab\x7f\x88<\x98\xd9_\xfc\xe6\xd3A\xf1C\x02\xa6_\xb08\x08\x85-\x90v=\xb8\xcd\\i\x07U>\x1e\xbbU\xcb\xe0}F\xcf\x08\x12\x88\x9es\x17\xf7\xac{\x08V}\xdd\xa7\xa3\x06V\xf8\xe6xe\x916\x08A\\\xdd(\xa6T\xa16\xc5"\xcb\x99\x84\x04+\x17\x05\xc3B\xf7\x0fQ\xbaj\x1d\xc8!\x94\xde\x871#\xdc\x8d\x11\xfec\xa6\xd1^\xae\xaaD\xc3\xf2\xe8\xd8\xd5\xdd\xb4p\xd0\xe9\xbf\x9fy!\x87\x89j\xe5#\x1c\x9b\xcd\xd50\xf3\x1e\x1b\x9e\xfc\x02\xbcJ\nq\xc4\x11\xbeh\x03U\x01\x96M\xea\xd0NEy\xd4\xde\t=\xd3\x87{\x8f\xd1\x82%f\xb4\x10\xca\xc4+\xedoL\xe8o\xe7\x93^\xcf\x97NY0\xddo\xdd\x03\x1dDF\x81\xa3l\xae\xed\xd4\x1c\xd5z\x1d#?\xcc\x83\x16\xd6/\xf2\xec\x08\xeb\xc7=\xb08:\x9a\x8c\xc1J\xe6\x91z-I\xcd\x8es^\xd8\x87^Q\xd8~\x9d\xbd\xc7\x9av\x9f\x05+Y\x13X{\x84%|dE\xe8Q\xb5y1\x8b7\x0e\tn\xdc\xa2\xdc\x19\x99\xafvi\xe9\x9d\x14/\xa8.qZ\xb5\xec\xe1\xa5\x9d\xa0;\x1d\x9eJ\xf4]u\xcd\xc5\xb7D\xae_^ {%#\x7f\xd4\xb1\x0f\xc9\x11\x90\x10~\x1a\x9c/\xe7;\xb8\x0c\xc4B\x03Z\xd1\x08G\x1fq\xebr\x84K(\x8e\x1f&mn\xb4\xde\xf4\xf3\xec\x17Te\xb19o\xcb\xb0\x05U4EV\x94\xd4-\xab`I\xac/(\xc7\x88\x01\xfd\x19\xd89&M\xb9\xbb\xc6\xf4\xdcN\n7\xc7\x0b\x17\x15\x16\xc7\xcb\xcfe\x0cX\xfbZK`\r!\x06#yT\xb0)\x15\xd8k\x9dU}C\x85\xc0tI\x9f\x81\xa7\xfc+\x8f\xc8a\xd4\x7f\tOT\xfb\xd3\xc5\xfc\x14-k\xc8\x10F\xf7~s(\x0e\xcd\x8f(\x16\x7f\xb5&=\xfd\xc2\xaf\x96YG!\x1fI\xc8\x00\xe3\x114\xbbh-\xcd\xbd\xe2T\x1d9akaY \x95\xb03\xf4\xf5f\x92\x9bY7\xb4\xf5\xfc\xbe\xa2\xb0\t\xf9 \x96\x03Ea\x88\xb2"\'q3\xf3\xa8u\x86\x96%\xf8\x9b\xc0 Y\xc1R\xc8l\xc7\x1b`Q\xaa%2`\xf1\x19k\xcc\xd8\xd1\xfdXm\x12;\xc7\x01Z\xacH\x0b\nI\x0fdzV\x9a\x8dWJhK\xd8\x06\xb4\x01a\xc9"#kz?\xaa\x18\x87\xb8Jp\x8f\x9a\xc5\xe2.:\xe1\xc8\xd4))\xeaP\x01\x82\xdd\xcaN{\x86CR\xee\x90\x8e\xaa\x9c\t+\x10X\x94vpl\xe8p\x16\xc6\x82\xe24\xb8a\xbf^\x81\xde\xe5\xd0\x07\xed2\x05 "\x04p\xe5\xac\x92\x8cB\xebfv\xc8G;\x18\x07\xba\xdf\xe0(\x9c\x1b\x83\x07\x10\x0b\x95J#\x13\xae\xbf\xa5S\x9de\xed?\x88%\x87`b\x9f\x94\xc8A\'\x82,9\x1fVI\x16\xc4*\x04\x9d\xc9\r\'\xe2\xb83\xfbU^\xebzW\x05\xb9\xe5\x8c\x0c\x0bWM\x1e\xf8\xd7\xa8\x00\x0cv\xb7\xc8\x8d\xb7\x90\xcc\x160\xaa\x86\xe0\xe7k\xf7\xd6q@\x0bo\xe6\xe9\r!\xeb\x98{\t>]\xde\x7f\t\xd0\xab\x90\x85\x19\x96vFV\xeb\x15=h\xbcr\xc4\x0e\x81}m+t@$\xc4u\ruK\xf0\x0b\xc8\xa7\xb0\xbfXsio\x14\xf5\xac\x1f\xf6\xd3y\xf6\x81\xec\x16v\xc6I\x97\xdc{\xbc\xac\x13\x07\xcd\x0f\x99\x07Ug\xe9\xb8\x95\xc2\x0c\xb5\x90\x89ip\xa1}\xd0\x01\x1c\xac\x12\xc1\xa1L4\xca>\xb5F\xd1%+\xefC\x0b\x94\xdc\xab\xf5\xe9|\xffB\x1a\xbc\xef\xeb\xeb\xb8\xb3[\xb5\x7fK\x0bn\xd3D\xa1\xf7I\'>\xb8\xe0VM\xd2G\x90\x88\x04\xd4\xff\x18\xd7h\x86k\x14\xc3\xcazl/\x9b\xbc\n\x00\rdGE\xc4\x8e\xf1\xf7<\x8e\xd7x\xfb1U\x95\xb9\xe10\x91\x07\x8aG}\xc2\xc3-\xca\xd9\xaf\x97\xb0R\xd4f;[9.\xcf\xea\xc4Z\xc33\x89\x90\x95V\x92\xd2\xa4">\xf0t\x89\xe8\xf2\xc4[^\x8d\xa9\xc9\x9cC\xb5\x9b6\x98\xdbv\xc5n\x9f\xc3\x86U9\xd2\x1d\xdf9\x90\xeb\xde\x05x\x19\x16\xd58\x9ax\x92\xb6DA\xe2\xad\xb3\x81\xb8\x04@\xbd\xc1\xc7\xe9\xd8\x98z\xb3%;\x93\xa0-\xc4\xee\xc1\xf5\xa1\xcf5\xbd\x8b\x9fPf\xc3\xc4.#8\xb0\x83\xc5\x13\xf5\xe4\x8e\xc4d\xe8B\xe2.J\xa7J\xa8\xa7\xdaq*C\xe7%\xe0D\xf8\xfc\x04\xcd{6l\xba\xeb\xdb\xf1\x1c\xa7\xcf4k\xc1\x804\xee\x05\xcd1\xc4l\x854\xf4\xdc\xbb\xee\xef\x06/\xbb\x85\x8cz\xf7!^\x8b\xc9\xdb\\\x8e\xad\xa4\tO `{K\xce\xa0=\x9bz\xd8\xb6\xa4N\xdf\xd7\xe3\x9b#h\xa16\xb3\'\xd9\xe7\x9d:6\xa73AR,\xe6\x1c\x82\x0epIl\x84\xba\x12q,d\xf3\xa7\x16\x0f\r\xaa\xb7\xfd\xea\xeb\x96Cv(\xca\x14\xf4\x0c\xf7 \xc5\x0f\xce\xc8\x0ep\xb8\x1b\xb7\x1aR\x19j\xa8\x9e\xeb\xadZ\x9d6\xe8\xf3j\xefD\xf1\x0e\x80@\x9a\xecA\x8bH\xd3\xb4\xbf\xf2\x8a\xfc\xcbb\xfb-x\x82\r\xf9\xb3"<\x1b\x1a\x19&8x\x95\xc4\xd6_]\x86):c\xddx\xef\xb1\xb79\xdes\xbd\xf4\xd7\x135\x11\xc0\xbdQP\x8c\xde\xc8_\xd5\x89%xd\xc4q.\x90Zd\x063\x12\x9cc\x0c\xb4\xeb\x98D\xc8\x1a\x17`\x1f\xd5P8\xefm\x97\x00\xf3\xe9+\x87\xe2V\x0b+\xd8\xad\x08"P\xef\xff#G\xe8\xc9\xed\xcbk\x9c7H\x8c\x85\xfe\t\xc4/\xc2y)\xbd\xa9\x07\xe2\x13\xed\x10\x01R\xca\x00\x81\xfa\xb1n\r\xf7\xf99\x9c\xb1 m\x8c\x87a\xc0D\x8d\xa1\xfe\x98\xc1\x0e\xab]w\x1c\xc87\xeeG\x18\xae\xa4kB\xad\xc0bB!z\xdf/\x1e\xe9\xef\x8a\xfe\x1dX\xb2\x9f\x0b\x10\xe6n%"u\x8e(\xee\xff\x06\xb2\xd0\xa2\xee\x81\xc8\x9f\xe2\xda\x9b\xee\xe0\x88o\xe1\x15\xe7\x88[}\xd0\xbeU\xcd\x0c\x89/QSC\n\x0f7$|\xf8\xf5\x97\xa7\x9a\xa7\x82[\x97q\x7f\xb8\x88\xf8\x17"\xdf\xe9\x88u\xdd\xf8\t\xe9\x89\'\xab\xb6\x9c\xfb\xa4\x99\xe4\xca\xe1cN\xd9\xa1\x9c\x18\x17\x89\xb0^\x1f\x98*\xd9v`\t\xccz\xd3)\x1f\xbc\x143\x93\x08<\xde\x83\x0b\xb82ynG\xbbJ\x19\x02X\xb8\xce\xe9\x1cx\xd7\xab\xaft)i/@h\xaf\x10\x91\xb4\x10\xbd\x89\xa4\xcf\xa8\xa1\x03\xd5\xd8ElK\x1a\x0e\xe0\xc4\xbe\x05\x81\xb5-\xcd[\xbb\xc6\x90\xf1qC(\xa8\xe4\xdb^\xb1)\x03T\x88\x8a\x0fk\n\x86\xa6\x17\xee\xe1%\xc8\xf6\xb5\xc1\x08\xfa\xd6\x1d)\xcd\x8f\x93\xb1(\x01\xdc\xdel\xe3\xd8\xa3Dw\x8f\x1f{\xed\x9a\xdfz@\x9f\x13x)T\xeai\xf0\x0eX\xc8\x12\x1d\x06H\x1a\xa4\xe6\xb1\xce;\x00\x14\xdb\xec\xc3\xd6\xa2\x83r\x03\x85\xa8q\xce\x9f\x15\xbc!>B[Yb\x19;\xe2\xa4erj\xba\x13\xcejK\xe6\xe11\xd0\xa9\xea\xa5\xa2\xe0\'\xb3\xdc\xe7\xf4\xc1\xf4\x94x|\xbb\t\xa6\x7fW\xb2\xcd\x08T\\p\x91\x1a\xf4\xaa\xc9a8H\xe8\xe7\xab\xdd\x03\x80S\x0c\x91F\x8b\x968%\xb1\xf8\xf7\x1c\x9f\x81t\xbf\x1e\xfe"\xc3\x12s\xdc`\x1f\xb6rn\x0f\x90E|$\x953\x149\xe9Q\xbe\x0f\x91f\xac\x13zB\xfb\x06\x9d\x92]\xca\xc8\x19aoZ8\x11\xce[\xc4IO\xbd\xe8\x9f\xaa\xe1J\xbb\x1d\x9a\x9b\xc7%\x02\xf0\xe9F\x08\xdd\xea\xce\xf5R\xffAX}#t\xbc\x80\xf4\x8a/%n\x81._\xec\xc3\x1f\xb4z\xa8\x86\xa7,\xfcHO\xfa\xcc8\xc4\x9d\xe7\xf2h\xcc\xea\xe6\xcc\xfe\x11\x99f\xaaWf\xa1;\x12G\xac\xf9\xf7-f\xaav\x8c\x8c\xa3!\x93\xe1\xf2\xed$\xb7\xba!%\xd3>\x04\x98\xc1\xc1\xc7\x91"\xcee\xaa=x\xd7\xdc\xeb\xde\xc9\x8a\xedP\'}\x91%\x08^G a\x8a\x02\'\x80\x11\xb2a\xa9\x96\x17f\xf4\x95\xc2>p\x02\xe3\xa3\x8f\x1d\x8d\xdah\x87U\x89#\x9ck\x8bE\x95L\x96\x8f\xcf\xa6\xcc\x1b<a\x99\xf5E\'\xc1\xe0\xe8w\x07\x14\x18\xdf<g\xc4\xf4\xc3$\x9c!\xd0\xaf\x92\xac#\xef\xd3\x01\xc4\xcdRc\x98\xfa\x0c7\xf3Z\xa4\x01\x97\xfbC\xa8\xcf\xff\xcfH\xd0\xda\x85\x94R\x90\xefI\xe04O2\xb6,\xf0S\xe6\xaf\x95]@\xe9\xfez\x91\xbf\x9c\x01qECU\xfd\xe0\xae\xadW\xc7JT\xb1vd\xb6"s-\xd9\x9d\xaa\xe7U\xdb\xa9\xb5\x8atI\x16d0v\x1d|\xf1U\xec\x17\xccC8\xb4\xaa\xea\xc2\xffU\xd9\xfe\xe9Q\xde<F\xef\x8ec3\xf3\xb9\xe4\x12\xd5G"V\xd9h\x92\xfb\xac5\x95\'\xc3W\xeb\xf6\x92}\x9f\xdb\xe4\x989\xc0\x84H\xb7\x85\xa6nH"@\xcc?"\x14\x16\xac\xfa\xb0o\x91U&\n\xf0\xdbt0\x16\xe7\xd9\xc2\x97EdqM\xc6=\xa2\xf4\x83\x81O\x0cb\xbb\xf8\x7f\xd8y\'\xe1v\x0bp\xa5\x8b0\xd5\xc7b\x9d\x97AG\x11ZR\xaa\x8cv\xf7\xae\x99n\x8aO\xf13\xc9f\xa3\xbfE\xf59\xe26\xae&\xf5\xc5_\xf4\xfa^\xc2\xfb\xec\xbe\xf9\x0f\xae\x94\xfbE\x14\x1e\xe0\x07\x0bE\xec\xc5\xf6\x89\xdb\xbc\xbe\xfe\x92\xac\xf16\xe9.\xfbV\x9e\r\x1e\xd6\xf5\x10K4~\xe8\xd7O<\xf5\x97p\x14\x9f\x92\xf6\x82\xdc/\x0b\xbc\xbe\xf7\xf7\xf5\xb9J\xc3Q8\nFHgl84\x08yL,\x9bZv\x99\xcb\xb6\xe7\x84\xd5\x19i\x08\xd69\r\xbcC\xcd\x1e\x92f\x97\xa5@h\xad>W\x12\xb4\x99Y\xa6f\x0e\x97-j\x81*\xa2\x9d\xd2`\x94\x9c\x0f\xf6$\xc7O33\x88\x8d\x96(m\xa8\xd2\xa3~\xa7JE&F%\xe2H\xe1w\x01\x96\xa4\x95:\x7f\xbc_SUH)OI\xc0Q\x08\xc4@g\xed\xef2j\xa5C\x80\x1f_\xad\xa4\x01v\xa1\xf2g=3\xf4\xa8\xd8}\x86p\xdeCo\x88\xf5l|\xa6 \x94\x8bW\xae\t\x00\x89\xb8r*u\x98\x1c\x8d\x9c\xado~\xda\x08\x97q\xabK\rO\x95S\xab\x1a\xb8nA]\xe8V\xce\xde\x9d\xa29\x10\x80\xd6>\x19\xb4\xfc\x7f\x8b\xf3\x9az\xcd\x82\x9d~\x1a\x06\xf4\x88\t,\xf7Sxy\x99m\xa0\xb27o/fD*u\xdf\x98/n\x95\x9e\xc9=\x9aL\th\x8ci}e\xb7)I\x81}\xb9;L\xf9\x07\xa7R\x0c\xd3\xa9\xc13\x1fU\x97\xa6K\xc8\x83\xda\\\xca\xf0\x14\xdd\xa33g\x9aK\xf3f\xa92\xc2Fp\t+~\x8a+A\x1a\x9e\xda\xa72\xf3\xf8\xe8\x90?uL\xaa:_\x9eA\x9b\xd5\xca\x8c!\xdb\xa5\xe2\xf7\xcb\xc0\xf8\x9f\xd19=;\xf9\xc4\xaa\xa4\x1d#P\xfc}\xfaT*o\x85j`\xd5\x7f\xef^9\xda\xddT}4\xe0$\xad~?g\xee\xa1!wO2\x96\xe7\xfe\x95n%\xf1\x97\xd0:\xf9 \xe6\xa1\x8dO\xc1\x84X\xd0\xe8\xeau\x97C\xa5\xe19e\x0e\x05QJ\xc8\x13\xc4loE9\'\t\x84\xbb6~q\x84Ni\xf8\xcd\xed\xfc\xf2\x99\xf0\x1a-\xb8\x16\xb5\xd8\xf8\x98\n\xe54bP\xc1\xe2\xd0/\xffP\x9c\x11\xfe^\xeco\xb3W\xc7~T\xfem?\x9e>5g\xb5\x9d3\xa5\xfe\x19\xf0\xcb\xa2F\x876\xd6\xa6\xeeh\xfc\xb7\xc2\xc6M\x8e\x87M]\xff\xa6dB\xa0\xbe\x88\xf6\xe8\x85\xba\x14K\xdd\x9e\xbf\xcf"\x98\x87\x8d\x98\xc3R\xc9\r\xeeY:[m\xd7\x8c\x7f\xb1\xf1\xa3\xc9\xd0\x1a\xac\xd1\xc5\x12\xb6<\xde8\xfd\x08\xea\xc5\xa8?\xe2&\xbb \xfd\x0f\x94v\x8e\xb2\xd0/\x05Ta\xec=\xba\xf0\x0f\xd0\xea\x8b\xc7\\Vi\x1e3K1\xca\xff5\xf1T\xe8\x8c\xaeS\xb0\xceE\xc7kU\x88\xde\xc7a\xf1\x9e\x8cW\xd2`\xaf\xce^\x0e\xa6\xf8\xa5\x1e\x9b\xfeV\'\xb9\x13|\xcb-O\xfa\xb6tA\xf5\xa9J\x00\x80Fv\xa3c\x9b\x02\xa8\xa2\xc7\xa7\x9dB\xbf\x93\xdc\xe2\x96\xaaa\x91\x03e\xaf\xe7\xf8\xaa\xf13[\xaa\x89K\x15\x08\xb0X\x1a\xe0\xe1m[\x19\x81\xca,\x1ct\xeelK\xf6at\xff\x1b\xec\\\xc0(\x0c\xd5U\xab\x81\xad\xa4D\x19\xe8\xb5\xa8\xfe\x16\xe9\x85K~\x97\xe3X\x9b\xd6\x85<5u/\xb7\xda\xbc{\t\xac}?&BvR\xe1\x16\x18\x87\xb0\xcc\xa1\x08|\xd7N.\x00j\x99\x17\x06\xaa\xa2\xb9%\xea!OI4Pm\x11\x03\xdf)\x87\xcd{\x8c\x1bh\xce\xd2S\x92\x18\xbe\x0e;\xad\xaf&\xd5\x0f\xb4AG\xa6\n\x02s\xfe(q\xef?Y\xdd\xad\x1b\xb9\xf9\x1c\xc2\x87iF\xdc\xd5\xe5z\xa3\xf3\x00i\x81\xa2^I\xc2\x02\xce\x82\x0c!\x04\xd9[\x97\xd8@\x9a\x9a\xd2OH\xac\x9a\x05\xd2;\xb0E\x15\x81\xc3\x91&$\xd1q\n\x91\x1aa\x1f\xabnf\x9b\xf4\x0ed1\xcc\xff7c\xd2\x82\xf5\xfd\x05\xc8\x02MbC\x8d\xeeY\xde\xb1\xb50\xbf\xe7\x8d\xc1s\xbd\x98\x1dV8\x99Q\xcd\x81\xf0a\xea\xcb\x10\xf9?\xde\xb9]*h\x00\xcb\xab\xfa>\x98\x02\x1d\x10\x11v\xaf)\r\xe8d\x80kU\xb5o\x07}:\x04\x0f\xaf\xb3\xca\x94k\x86z\x0f\x85\xce:\x89\xae\xe8N\xf8A,\xbb\xd1de\xc3\x10(F\xb7\x02,\xe2<\xc4\x15\xe7\x01\xbf"\x90\xe3\x9a\xcc\x7fy\xe8\xe2\xa1<vp{\x1f\x19M\xf3+6fA\xdb\x08\xf6\x99\xf1\xce\xec\xcd\xf2\xfa\xbb\xee\xbf\xfbE\xe7\x8a\xa4\x15n\xae\x15&xh\x82\xee\x10h\xecu\xcc\x99v0\xf2\xe7\xb6\xb9\x9f\x9f*k5\xa3\x01\xd9Q\x8c\xdf\xd8\xe8\xacb\xfcb\xaf)V\xb9\xc9P\xce\xb9\x94\xf5i\xb1\\\xb5\x82\x15\xbb\x10\x0b\xef\xa0sT\x94\xe89\x15\xa7o\x15\xb85\x92\xadH\x98P\x02\xc2\x81\x0b\xfd\x8a&k\xfe\x14n\x07\'G@1\xb1\xf1dn\xfd/\xafa\xc4-\xf9z\xc6<P\x8c:\xccf\x00Hv\xe0\x0e\x0eI\x83\x87\xf1\xaa\xdaM%p\xbf\x17\x98*\xd5r\x13\x1db\xa7G\xbe\x95\x04\x9a\x9dSAg\xc4\xe3\xf8rn\x005\x01\xfc\x85\x96\xf6\x1b\x1fl\x1a^\x8d\xf8\xb1\xfc\xf1\xbf\xcc\x13\xa9zI\xcfJ.\xc7\x11\x19,z\x03u\xe3\xa4k\x0b\x19}\xa5+\xa1\xae\xc7\xbf+\x06\xc4<\x1c\xc0kx,3\x1e\x85i\x82\xd2\x00U\xd0\x04A\xfa\x8fl\xd2\xc5\x94\xf5\x90s\xec8\'\xdfO\xd7"\xb5}\x93\xe7\xd5I?\xc8\x1aC\xde9\x80;\x11r\xdfh$2\xb6\xa5\xc6\xd4\x02\xb4s\xc8(\x0b\x10rz\xd1\x9d\x18\x8b\x8e\xc5\xce\xee\xba\xa1=\x820\xaf\xbb\xee\xa7Gup\xdf\x95\xea\xc6\xe3\x87\xffz\x98\xd7E\x83\xcf7QB\xb8\x0b\xc1\x9b\xf1\xa4V\x04E\xaa._\xf2\xce-\xb2\xa6\xfe\xde{yTrs\xa1W\\0(\x96RM\xdcu\xa9\x92~\x19\xd3#\xfd\x00\x0e\xc8\xbf]\xe6\xca\xf7\x1a\x8d\x01\x97}/\xeb\xbe\xeeN\xdf\xeb\x12tGj\x9e\x0f\xb4\x162\xaa\t\xba \xe7\x10\xfcX\xd3\xf5;?\x8c\xd7\x9f\xa9Z\\Ao8\x8cX \xa1\x10\x9c\x10\xc9+\xb9\xa1 F\x1b\x9aP"\xc2E\xf8\xa4\x1e+g\xd4Q?(\xac<\xcd\xa4\xdbd\xe3\x94Yd\xda$\xe6l\xd2\x88\x90\xdb#\x1bt\xcfB\xa1\xf0\x06pU\xb7Xd\x8b3\x95\x8b\xe2\x14\xc8\xb8\x8b\x8f\x05\xb5\xb2\x81z\x96\\\x92M{!t\x07\xda\'Xhc\x88\xd3\xb6W)\xee\xcdw\xfa\xff!\\\x16\x87\xeb\xca\xfe\xdc:\xa9\xb0\x88$\x99q\x82p\xf5E\xba\xc2\x8cS\xc4\x87i\xa2q\t\xec#\xb6\xeb\xac[\x81\xf4\xec"}\xc5\x92\xef\x8f\xb1\xd3\xf4\xca\xc2\xfa\x0e\x92\xe2O9,Q\xbd \xecjJ}\x8b`\xf0q\x91\xa2Q\xd0\xd6\xcf\x9c\xbd\xe3N\x1cj\xcf!\xaeN\xf6\x8a\xa0\x92\xce1\x95\xd5\xad\xda[|\x04\x86}f"0\xc1\xb1\xa4x\xf0\xd0\xa8\x0e\x0c.-\xc8\xba\xeb\xbcW\xfc\xe0Cu\x86\xe6\xcf\xa5\xc7_\xa2\x8ce\xbc07x\xeaqN\x9c\x92\x05\xf0GN\xf8\xe5\xac\x89\xf6\xa6F\x94\xf6\xac\xe7\x84\x00!\xe66.\x93f\xf3\xf9\xc4J\xd2\x83?\x01\x80"[v\x0c\xc1\xe1\xf7\x02\xd9\xb5VW _\xcd\'n\xe9\x1fI\xb4\x839;\x9c\xe3g\xae\xd3\xf9\x88J \x0fB)e\xe7b\xf4"\x95\x08\xcf\xf1l\xf9\x9e\x8c\x00\xf4=\xa1n\xe6\x8a4\xd2\x08\x9a\xc8\xe4\x86\x97\x94\x8a\xe3\xdb\xb8\xfb\x8ei\xa0H\xbb\x08\r\xf1\xc0\x156P\xdb\xf3\xf3\xde@<\xeb\xb6,J\xd1\xaf\xdb\x07\nm\xcb{\xd1\xa0b\x90\x00a^H\x0cI\x9d@\xab\xbd\x08\xfb\x94}\xf2\x86\xa5\xd8X,\xe8\x977\x13{\xd6?\x03\xec\x8e`\xb3\x15$p\xae\xdd\xd9\\ww\xee\x1dx\x9epd\x0f\x00\xcaBi\x0c\xe3A\x0b\x1agG\x8d\t\x8a\xd4\x08\xa50\xdbv3\xf2\xef\xa0\xd9v =\x8a\n\xe1j\x8b\xbb\x12\x98\x85\xcf\x8dd\x9e\xbfx\xe2g\xb8\x01\x84\x15XX\xd2\xf7\xb6\x14\x97\xb6\x1c>8\xe6C@*\xd1\xd8z\xef\xb8\xc3\x12\xa5\xac\xdf\xbd\xdbP\xd82@\xe3-\xd6\xd5\x86{\xf8\xe5\xdek>\x89N\x91\xe3ad\xc1\x9d\xfa\x05\x85\xc3\xceA\xf0AC\xbd\xc3\x86p"\xbc\xcfl\xdc\xba\xfa\x96\x87\xf8\xab\x81\x9e\x08\xd4T\x87\xee\x89\xea)\x11<\xa4\x14\x86\xe3\x82\x92B\xa9\x0e\x81\xdd\xd8\xe2\xb9~e\x92\x0b\x9dx\x8e\x98\xbe\x8c{\x13\x08\xcf\xbd"@\x03"?]}\x06\xad?\x8af\x836"2\xd9\xd34\x9a\xcc\xa9\x03\'W\x13\xa2\xebV\x8bV=u=\xe9\x9f\x97y\xe3\xef\xdb\xe7\x9f\xce\xc71\xbf>\x80I\x879\xb8\xb88\xf5\xda\x04\xc2\xe9\xf8r\xe3)\x11|B\x134\xa0\xb9\xd4P\xe0q^\xda73\x081\x18+#\xb5]\xb4:>\xf5\x17\x97=\xe2\xcf\x13b\x1dA\xed\x16q\x06\xcc\x8c\x08W\x1dG\x96\xfe{$\x96\x13\xc9g\x0c7D\x95\xe1H;jz\x8d\xe5N\xd6\x0f\xd2\xba\x92\x0c\xc4x\xcd\xa7\xb6C\xbd\xe9\xb9JB\x1c\xf5\xd2\xcdIK*\xa4\xd2\xcb OOO\x9a\t\xe9A\xcc\x1fy\xfd\x14F.\xce\x85\xfd\x9c\x81h\xc0\xa4m\xd8P\xe5\xd5`\xb8\x18*J)eV\xec\xeb\x98\x9e\x08\xc9\xdf\x8c\x17\x91\xfc\x94v\x01\x19 u\x0e\xc17Y=\xea\xb1u\xc2\x80\xd1\x10\xac\xb2\xc7\x9d/\xe0\xd8\xff\\\x92\x17\x8bW\xcd\x80R\xc1\xd8"\xa6\xbc*\xa7\xaf\x13\x8d\xed\x7f7\xac\xe6\xea\xb7%DF\x0b\xed&\xb6\xa0A2\xbe\xa5\xffe\xa7@Lc>\xdeb\x9d\x8dK\x8a5 \x9a~\xf8d\xa8\x8c\xae\xebD\t\xe6U\xc8\xb6\x18\'\xb1\xeb\x80\x05WRD?\xba\xff\x0b\xcd\x13\x93ZZ.\xc8}\xed\xda\x17\xde}\xb6\x9d\x9a\xe9\xcd$\xb1F\xca\x1d\x7f;\xdd\n\xec\x85\xcf\xa5\xfcT\xf9\xd2\xa6\x1e\x95\xaa5j\x08\\o\x0f\x17\x0c\x11\xa3\xe3\x19\x9c\xdc\x17O\xd3`j\x10\x99\\\xf8pM^kr\x80\x02D\xa2\xb2\x9b\xfa\x17\xbaX\xd2\xded\xb5\x0b\x1e\xee\xf1\xafLt\xe1]YY\xa0\x14\xb1\xdcbW\xe0 ^p E\xb3\\\xc4b\xa9n\x8a\xdbi\xcc\xd8\xaeZ-\x97\xa3\x86\xa8!%BW\x0bF\x80Yq`\xa6\xa2+Y\x8d\xe9\xc8]\xc8\xc6\x10_\xf9\xc79\x01\xf1dB{m\x9c\x11\x8b\xc5\x19\xa8\x88\xfeH\xe8Jw\x93\xf4\xd2^\t\xd6\xdc\x19\xf8\x92\x12IK\xddA\xa4\xd9\x93\x1c\ty\x1a\xa3\xa7\x8cx\xae\xa1\xea\xf2\xa7\x8c\x96\x85\xae\x80R\xa7"\x0c}\x83\x8f\xa2\x13\x1a2~\xea\xbfF\x8d\xde\x81\xc8\x01\x97\xc1\x1f\xd4\x8e\xf5\xb2\x8fp\x1cj\x08\xc2iOm\x97?\xfb\xeb\xf9\x85\xac\xa0C\xa6d\xa79\xf7J\xe6m\xd6\xf5z\xaa\xfa8\x90\xe3Nk\xda\x17\xde\x06f\xa3\x0feJ\x12\xcdxk\xacVB5;\xa4|\xcf\xf3\x96?\xa3\xae\xf9C\xbb\x03\x05W|\xbbM\xe0j<\xe1\x98\x0f\x9d\xca*k_N\xbeJS5sE\xb5d<\x18\xbd.\\7R\x97J\x8c\x1eD\x83_\x80|\xb2\xcc\x9f\xb2\xe9Z(X\xfbz\xfaG=\xbbaBt:\xdc\x95T\x99\xcf%\xdbW\xf4PH\xbc\x8d\x99\x00\xa8>f\xb7\xb1\xe6H\xb8\x16\xa3\xda\x8b"u\xdeH\x03\xe3!\xf5\x9d\xd7\x98T\n\xf17\x86\xd4\xa9`\xa2\xdd\xf9=\x83\xf9\xaf=\xa1\xbd\x95B\xc9\xa8\x0eD\xb9f\xa9\xfa\xf2?\x98mm\xfe\xb0\xa2z\\\x89X\xb0\xb1(\xcf\x020*\xd4\xe7\x1fJ\x98R\xbf8\x97U\xbb1\xb18\x0c9\xf3\xa9Y\xee\xff\xf9\xab\xb1\xdb#\xd0)vK\x08?\xf89,\xd8\xc7\x1a\x0e\xf49\xfe\x9b\x0e0B\xca\x13\xfb\x19\r7\x82\x8e\xd8\x08\x08\x98T\x0co2\xb1\xb3\xfb\xed\xbdG\x9d@\xba\xf1&\xb2@\x8fX\xa9\x1dg\x15=_7\x84\xf7\x8c\xd1\x94?\x80\xb1#\xe5\xb6R\xab\xe53\xeb\xec\xd8\x97\x06\xb1s4\xc8\xa9\x10\xf8\x97\x90\x0f\xe9\x98\xb0:\x9e\xb4\x80\xac\x93\xbc\xd3\xe5\xf3\xa8N\xf3R\x96\xa1\x10\xe0\x01\xcf\x98\x82\x00V\xb0\xd1\xb6Uaq\xb2\x9d\xf9\x9f\nFA\x08w\xe3_I\x97\x82`\xb4\x16\xcd\xc6\x95\x02\xeb\xbd\x1a\xae\x1b\'\x02\xd3\xe9B`\x9c*\x01\xb1M\xf0?\xa9w\xdb\xca\x16\xe2\xe2`L\xb5X\xcfR\x92\xe8*\x85\xd4\xb2\nR\xb2O/~D\xb8\x96;\xccr\xbd\xaeB3\x82"\x0f\nD\xdb\x0b\x99\xeb\xadS\x94\xb8\x06q\xc4E\xde\xe6\xe8 \xb6\x7f\x8f>\x8co\x06\xc2L\x17\xe7\xa1l\x9a\x13\xa9c\x12\xed\x1f\x8115\x1ce\xf8\x0fTv\'$,\x9e_\xa7\x1fy\xbdZ\xb8\xbd|\xcf\x17\xec\xbc\x02\x9b\x1b\xc6\xa1.\xc6\x96\xb8\xe9Et\x18\xee\x1e\xb7\r\r\xc1\xab\xef\xe9^m\xa4\xb9%%\x91\x9e\x83\x04\x8f\xb8\x81\x87\xaaK\x8cu\x14\x91\x19\x99E*\x95y\xa4\xaad@\x1dC\xdc\x0fM+_]\xbb\xe4\xed\xc2\xabth/\x0b\xa9r\x00\xfb3\xee\x9d\xfc4\x1dE\n\xd3M\x1e$Q_v\xdd\xe9\xb4t\\hZ\xdc\x81\xb5Xx\xa6\x1cn~a\x08_\x02\xda>/\xef\xb5q\xbd\xc6K\xfaw\xab \x18\xe2\xbe\n\x8d\x8f\xfc\x1d\x88\x8a\xd9~a=\x83b\x8dE\xcfp\x9a\xbe\xa3\x10u\xc4\xa3\xe7\xb3\xc7\x1cQ\x8f6\xc4\x19\xcf\xf8$U\xe5\xa4\xe5~0\x17+\xad\xb7\xc7\xa3\n\xa5\xb6C~\xd2C\x10z\x84\x7f\xd4\xd2\xf2\xff\x1dDZ!\x992D(\xf6\x81_\x18\xdc\xe8\x15\xb5E\xf1\x1b\x01\xa7\x9bh\xc4\x0eYYO%\x99\x08\xfc\xfc\xf4\xa3e\xa2&\x1dv\xce\x9b\x8fPdG\x9d\x12?~\x931~\xac7\x97\xc6=t\xb9\x1b4\x99\x94\x84\xc8\xe5\xd1\x87\xc7n\x12\xceO\x9c5\xf4\xc61\x80\x03\x8d\xf1\xca\xa2\xf5\xb8#\xd9\xdb;\xfb\xfb\x15\xb6\x01]\xd3~\xaf\xf6y\xb7\xd2\x8dnkVl\x9a{\x1cE\x86`7_\xed8\xfb\xb8(\xae~u#\'k\xe2\'\xd3VA\x91M\x18\xd5\xcfg\x83\x1fEP\xb8\xd5\x07!#\x13\xbb\x7f\x1e\xb2@\x95YU\xef\xcc\n\tz\xe5\x84\xe3Y\x08\x8e\x14\xbb\x95\x8eC\x03p\xf9\n\xd4G&M\xcaH\x97\xf8v\xaa\xed\xa1c\x07\x93\xcdB\xfc\xea3\x1f6Q\x1c\xc3d\x89?s\xb80\xae\xa8;\x1d\x8e{\xcc\xbaU\xaa\x1e\x9f\xf0\xb4\xeaS\xcf\x7f\xc3\x1f\xd6\x17\x86\xc0h\xd8\xa32\xa9\xc2\xac\xe6\xcdv\x8a\x18/\xd1\xbal\xf4(.\xf7b\xef^\x8f\xed\xa9{\x8c\x1eA\xda\x16a\xbc\x00\xe0eSQ\xfa\xfd@)\x17Wq\x02\xbeH\x9f8\xf2\x1cQY\xfd\x03\x01\xb6l(\xfa\x02/\x82-4N\x04\xdd\xacI\xbc\xe3\x92\xa2\x01a||\x99J\xdaG\x8e\xd2\x05M\xde)\xfe\xc1Xh\xeb\x93\xdb\xf5M\x9aW\xc2\x84\x13k:1\x18\xbe\xaduupq\x8b\xf1B1\xed\x7f\xb5\x1f/|\x03#s\x14\xe7\xa1\xbd\x00\x86\x18ur+\xff@\xab\xb1\xcc\xd3f\xa6\xe5 \x93f5\x89\r>\x84\xe7\xbd\xcc\xc0Y\xdf\x03\x04F\x03\xa8;\nIA\xa2\xc1c\xa1$N\xce@\xb4\xc9\'\x956\x14z\x04\xabh\x94w\xdc\xfa\xb8`\xb0\x8b\xef\xc9\xd8\x8a\x1b\xffx\xf0\xcf\xc5\x82\x1d=\xc0\x01\xa7\xef\t\xb4\xf6\xcf\xa1r\x9e\xe23\x83,\xa1\xb7\xf4\xa6\x1a\xce\xff\xd4\x16\x05N\x06-[-D\x81\x06\xdd\x9aP"~5\xb0FwP\x08!\x16\\\x06e\xc1[jS\xcb\xefd\xecvN\xfehE\x89\x7f\x8b\xe8\xc0\x19\x98\x0fBv2p\xa1\x95\xef\x84\xfbq<\x967Z\xca\xf6{r2\x93D\x04\xaa\x85L\xce5\xf1,\xed<\x9d\x1ad\xe1\xd5d\x1b\x93\x90[\xa3J\nF\\\x97O.<\x17Og\x80\xb7N\xd2\x7f\x1b\xf5\xc3\x13\x8b\xb7\x11\xaa\x19\x08{\x81lq\xfb\xff\xfa\xe4\x9b\xf18\x9a\xa04\x81\xda\xbd\x89\xad\x1b\x9b\xc9\x18\xc3h\x95\x9e\xbd\xbd\xd5~{\xe0\xbd\xe5\x9dr"\xab\xe0\xbc\xad\x1eu\xb3\xd8^%F\xb0no$\x1b&4\xe9\xf4xnM2\xc4\xb8u\xc3\x15S\x03\x9a\x18YAZ\xc8s\x07\xbb\x14D\xccI\xd0^\x9arW_\xfd\x9d\xee\xa86bl\x87\xb2\xaf\xbcb\x83\xcb~B\x90\xda1\xa7\xf6F\x8c\xa2x\x13\xb0\x87\xc4\xd5\x01\'\xec\xf1\xfe\x10\x82\xb6\x91\x88\x87\x07\xc1\\\x8c\xae\xc0\r\x17\xd8\xd2p\x8fl\xe6\\d*\x8a\xdc\xeeh)\x80\xa2\x88T\xc5\xf1\x15`P\x0f\x0c\xd2\x81\xf7\xf4O3YwK\xb6]^2vC\x11\xfaX\x84\xcb\xee\xd0\x05\xe9$\xa31\x822W\xf5oF\x80\x8e\x9d\xaf\x08*\xe1\x89Pr\x90\xbd\xcf\xdb\xbf\xb6\xc2\xd2gI\x1c\x08\x81\n\xce\xf1\xf3\xc1\x16\xb2\xb6\xbb\xe9\xdf\x00\xb2\x16b3\x0fzT\xce\x05\xe0\xe5\xf4;\xa8h\xb3\xc1"\xe2\xceE\xa4\x9dc\xa4\x0b\xd14\xeb [\xaf`L?aF=y\x16\x11\xc8q\\s\xd8)\x9cu\x00\xe6\x8b\xa24ZJ\xab\x17\xadk\xc5\x9b2)\xef\x05\x83\xc8\xa2\xf57\xeavx\xb1\x17v\xd5\x1d\xd7\x8f\x16B\xbfH\xc6\x92\x86\x04,2\x1a\xc0\xfeRz\x94\xb5H\x03\x14H/\xcf7U\xf4DU\x9fq\x8d}\t\xbc\x1d92\x1a,\x7f\xb7\x9bt\xf4-/\xb8\x91:R\xcf\xb8\x88\x85\xc6\xe1\xcb\xdaa\xb1\xac\x12\xe6\x11b\xdbl\x8f\xc9}\xcd\x1b\xb6\x01z\xd7(\xdaO\x9a\xd1\x1eA\xf5\x08\x8f\xf6\x1ca6g\x02]\xb1\x90f"\x05Q4\xcd\x8c\xc3\xa2\x90\xcc\xc6J\x02\xa6\xc1\x06\xc9\xa1MX\x8d k\x90\xc5\xc9d\xdes\x10\x1bu}\xce\xf8\x976\x8e\xa5\xaa\x13\x11\x88\x06\x9c\'\t\xf0\x05\xa9\x1aX9\xd7\xd7\x85\xf0\x82\xc6\xd4\xbc\x8a"\x1c\x92\x04HC\x03\x10G\xa6NM\xdc\xf39+\xf2\xe5\x96\x80\xf7\xd9\xb7m\x933\xc9S&\xec\x0cU\x8ao\x7f\x15\xf0\x9c\xb7?/\xd9\x8c\xdf\xc2\xb0\xde4\xc5\xdag\x82\xd3\xed\xbf\x8b\xc5\xd9\xd0\xcd\x97[O\xd2X\xad\x85\x8b\x16\xfb\x9c\xb3\xb4@M\xfc\xa88q+\x1b\x927\xec\x88\x12,\xfc\xcfMTqH\xdcx\x1b\x02\x0c\x8bL\xdfe\xf0g\x0b\x88O\x8c\xa3[\xfcr"\xee\xdd\x9d\xbc\xf07X\x1a7c\xc2\xf6\xa0\x83\xa0\xf5\x18S\xef\x80C\x82<\xf9\xe5\x00\x97U:\xc8\x9d\xfd\xdcI\x93\x05g#\x06\xc2\x12<\xe7\xf9\x1a\x12\xd6\xb7\xafsIv\xacw\xa4\x8f\xb6\x15\xfdK\x1cl"\x01)\x8d\xe8\xa7\x11z\xe0I=\xb8\x96s\x82\xfc\xc7$\xdcZ\xca\x84d\x8e\x85\xd90\xef\x1a=]e\xcb\xb5\xfc\xd8|\xcb[\xe7\x97\x08\xc1\xa2\x96t\x1c\xd8\xf8\x1b\xd8\x9a\xb4\xd7iQL\xbb\xf7^\x1f\x84\xa5A\xe9\xe4i\x90\xed\xbe\xefK\xf9\x0f\xaa\x07/<\x0c-\xa2\xc9Z\x9f\xa1\x80Yq\x97e\x8e\xc5\xe7\x14^(\xa3\x11\xf4\xbe\xce\xad1\xa1zKW\xa8\x14P\x80\xddo\x10\x80\x88,,\x1a\x90\xa5\xe9\x8dgmN\x05\xdd2\xe1>\xa0\xf0t\xdb\x90\x90\xfa\x86\x02B)\xb4\xcc"\xda\xda\xd3Q\xe5\x9bY\\*\t>\xfd/-\x9dt\x93\x10u\xb0\x1d\xd0\x7f[\xc5\x08\xfbl\xef\xf7\xa1efO\xa6\x8e\xfd+!-Z)\xfb\x88\xf7\x98\xb2\x96[{\xb7\x1aR*~\xd8*\\\xd6]M\x8aO;\xe2,\x12_|ng\'.\t\x1b\xd1@\xb0\xb9\xc9o3{&\x0bo\xcd\xd0\x9a\x7f<\xd40\x8cz\x96\xd8Di\x0b\xf2\x04\xbc\xb7\xc0\xe7\xedO\xc1C\x97\x18\xbb\x91\xfa#\xfb53f]\xab%\x9e:uY\x86(\xb4X\xee$\x9d\xae6\xee\xa00\xc6\xdb\xbb\x80\x1dfyC\x8c\xfb<\x9cB6R\xb7\xcbc\xb4\xf58\x00\x8d\xe6\x85sT\xf2\x17\xaa\xd0\x8b\x01\xf3X\xf6\x9f\xcf\x8az\x87(\xfa\x1f\xb8\x7f2\x08Rx)\x1b\xd5d\xf0\xfeVr\xe2\x02\xa8\x10"\xe0\x1fL*\x9a\xbb\xa8{?\xb5e\xe1\x9c\xb5j\x0es\xb6\xc3uc\x9e\x17\xe8#j]\xb7\xd8|\xeb\xc0\xe4P\xd2\xf5\xf3\xa6\xbe\x1e\x8a\xfd\x03\xcc\xcd\xd9\xe5\xee\xc4\x9f\xb6 \xca\x865\x07\x19\xa0Y:\x91 \x970\xa4\xb5\x08\xb6SH\xfd\x82\xc5>3\xe9\xab\x1f7\xc5*\xae\xcb;\xcdl<d\xbd\xeb\xa0\x02\xb6\xfe\xcc\xd4\xd0\xed\xef\xa2\xc2L\xab\xef\x95\xe4V\xcfzv\n\xb5\x9b\xa3\xc9(\xa6\xf0\xb4\x12\xe9\x99\x9an\xb6\x96x\x88,_\xa9\x94z\xd1l\x1a\xe6\x14\xb0\x98\r{\xd9q\x8b\xffSm\xed\x98u5\xc8\xf1+\x1e\xcd4\xf15\xd0\xc9G\x14xe\x08J\xdd\x08\xe1!\x9e&\xf7\xd8\x9c}\x9c\xeb$~\x86\x19\xff\xf8\xa9\xc4\xfb$\xb4Q.\xb0q\xf6\xe7l\xce\xae\x8cs\xb2\x18\xf9<\xdb\xed\xd9\x90\xaf\'O\xdfS\xf27)\xc9\x86\x8a\xf1\xed\x0c\xa0\x08K\x7fd3\xea\xacD/\xdcI?+\xac3\x80\x8cw+\x8b\xdb\x10\xf2\xa5[<4\x9f\r\x997HQ\xa2\x0f\x1d\x81J\x90\xa3\xb0\xadf\x0f0z\x1d\xcd\xd2\xa7=\x8e\xd3y\x9eZm\x84I\xc0}\x86\xa7\xa0\r\xb6\xfa\x81\xf8\x8asn\xd9\xbc\x05n\xe7d\xf4y\x1d\xda\x805\xb6\x8fC\xe1\x1b\xa1\xf9\x062\xdb\xdf:\xd5\xb8\xd0[{\x0f"\x8d\x1cQ>"\x19\xa7\\\xfd\x83a\xe5c}\xd89\xba\xf4\xf0^L=\xcb\x94,Q]\xc6q\xc0F\xec\xa8\xe1\xad\x85\xf4f\x87\x0c\x93ZJM\xe6\xa1\x18T\xe8\xaf\x02\x90%o\x0b<\xfd\xa1\xe8\x08S\x0e\x1d\n\x16\xcc&\xd7\xee\x90[\xefY\x81\xcdX,\xeb:Z"\x14\xdaopm\xed\xad\xd5\xad\xa1\x95\xe0v\xaf\xbey\xbd\xba\xab\xb7r\xf0\x90?ql)a/\x88\n)\xce\x8aN\x9f\xb3B|\xc1OB\xf9\xb9\xf1\xd8y\xa4.\n@LL\x1a\xe86W6\x898\xa2\\q\x9f>\xe7:K`\xfe\xb1e\xae\xdd\x8c@\xbb\xafa\xceE\xc9\xdeQ4|a]#\xfe\xbbt\x97u\xed7\xd26C\xffOw\x16\x1fi\xe4\x14\xd4\x8b2i\xf5\xb8\xa4\xdf\xe0\xd2\x90\xd5\x1e\x1e\x9eI\xb4.1\xe9\xc9\xcd\xd1\xb6M\xdc\xcb\xc2\x987\xcd\x92i3nu\xe8\xd6\x11l\x19\xe6k\x13\xe2\x08\xb1\xca\xca\xd4C^Q\x00\x82x13Zo\xd3uE\xf9\xc7\xdf\xee%\\WM\xd4\xc0\xb8\xae\xe4TtmP\xf1\x18\xac\xeb{O\xc7\x9f\x17+\xe1I\xcc\xa1\xc3\xb6\x1d\x18\x82;P\xb4{\xf5]\xf0\xe0\x0b\xa9\x9ct\x00\x1f\x81>$\x13\xeeo\xf1+k\x19~\xd8S\xa2\xf1\x15k\xbf\x8d\x08Tn=$`\xb2y\x9f\x89\xf0h\x83!Y\xc2`\xe4\xf9Y\xeb&O\xcb\x18\xe6Z\x94!W\xa5\xf2\x1d\x9f\xb5\x8d\t\xd2l:\x1b"\xe1\x8c\xdbB\t\xcen\xb8\xb1\xaa\xb5Z\x91\x1c\xban#\x92\xae\xccS\xd7\xef\xafri\\n\xf8b\xf9\xde\xda\xe7j$\xee+\x8fO\xc6\xb2\xe0C\xa9\xc2t\xfd\x91\xdc\xc1\x94\xafg\x06\xae\x94V+\xb0\xff\xcd\x96%:\xc0\xfa@\xfb\xf3&A\xfa\xe7\x84\xf7~y|e4\x17\x8b\xacj\x9eZN\x17\xf6\xb4\xce\xc5W\x9f\x9b;\xd4\xcd\xef\x1a8\x05\x1d5\x12O\xe3\xed_\xe1\xcb\xc1"p7\nIw\xe3\xb0/\xd5\x86\x1d8jj\xaf\xc9\xae\xe3\xcf\xd7\xefOF\xc8y\\\xe4\xf5\x19\xa5\xfc6.\xf1\xb5\x8b\xb6\x90b\xc1\xba\xa6\x08aiot\xd4\xd2K\x19\xf2Y\xce\xe3E\x86\x98\xcdt\xd9h\x86!,\xd8Qst\xbcArJ7Y\xc1\xb9\x99\xd3\xd6\x1e\rV\x82;?\x12\xbe^\xaa\xe1\x84h\xc9\xe1\'\xa0\x93\'L\xd0\xb5Zk\xeb\xe1\x10\x14\xd6\x05=ij\x86i\xe0\x1b7;\x9e\xa1\xa0\x1b\xd5\xd3\xbd\xea\xddSQ\xe0\xade@\x9cKl@\x94\xf5*?q\x994\xc3n\xde\xfb4%\x9b\xbac\x873\xec\xba\xde\x86d\x83u\t\x13\xb4\xd7j\x87$\xd1id\xb9\xd4\x94(z\xda\x91E\xe8N\xfb8\xf9P\xcfZy\x1c\x1f\xfe\xcb<\xb8\x11F\xa16\xf3\xcd\xbc\xfc\x1e\x93:B\x1cS\xab\x8b\xb7}\x8b\xa1\x88\xd0a\x89\x8f\xca\xbd4\xdc\x14{\xe2\x0e\x07|\xda\xb2!\xa4j\x81\x8c5\x06L\xa8\x99x4\xd0\xf5i\xcd}\xffq \xe5\xe603\x08\xba\x1f\x15.#\xb5(\x97\x11\xba\xd1)\x1a*\xa4\xe3\\\xf6\x88cP\x94\xab\xaeM\x115\x9b\xe0\xee\xed\xf6\xe9"\xfb\x0e\x99\xd5\xf9\x04\xa8k\xe5\xa4\x1b\xd9k\xa7K\xd9#\xc5b^\r\xa6\xa8\x9f\xe2\x87\x05\xf3"#\xf6Gk\xdf_l\x1bit4\xf8\xe1\xc0;\xc6n\xa5\xae\x03N\'$\xfb\xcbEj\xbe\xbaKR\xf2\xf4\xb3\\\x00\xdcWV\xbc_\xc5\xb0(I\xb3Rj\xde\x95\xa0\x12\xa6\xb3$%\x14\x0eW\xa0\xdc\xe4\x10\x81\xd9\x90a\nv\xdb\x87\xda\xd0U\xb9?i\xdfY\\\xe8I\x9a\xe0\xe6\xc0-z\xca\xa7\x10\xa6@V6\x1d\xa7e^\xc0n\xd5\xba\xdc\xab\xb4\xd11\xd7C$\x867>9\x00E\xceJ\xf1/\x12[\xd7#\x7f\x8f\x16\x9dR\xa1K<\x85\xcb\xb6\xd3\xea\x1f\xcb\xb45!5\xc5_\xda\xf4\xac\xb0\x00S4\xec~\x9b\x1a\xaeV\x00)\xeeZ\x1f\x90U\x16r;W}v\xbb\xe1=\x10\xc4\xe7<\xfa\xcfn=\xb642m\xb9\xd3\xc9*\xe4\x95_h\xfb^\xdb\xaf\xa1\x18@\xa8\xdc\x04\x06\xc4"\x82\x87Y\xc1\xd8\x85\xb6Zd\x90\x06S\x13R\x94\x86.\rD\xf6\xbf\x06)#)\x95\x05\\]5j\x7f\xe2\xa4\xe1\x05~\xbbj\xe1\xf8o@e\xa7\xb3\x15\xd0N\xb8\x9dg\xef\xb2.\x80duA\xe8H\x93\xcd\x07\xd2b\xf2\xa9\x17\x9aX%\xdc\x0e\x91\x12\xc9]\x00\xc4W?y=\xb6h\xbf\x94\x16\x99uiT\x81\xd7\xfc\x97d\xa8\x0f\x10\x99z%\x05\'\xd6\xdb\xae\xe2\xdb\xaf\xe4(\xcf\x01\xcdti\'\x80\x04\x96\x9f\xda\xc3\xdem\x04\xb1\xc5f\xa8Ksdr\x9fC\xe9\xae3\xceSu\x94\xd5\x99\xa9~s\xcb0\x9d+\xb0\xe4\x8f\xbd\xe6:[\x0b\xf7\xcc\xcf\xaf?\xf3\x1c\xbe\xb5\x96e\xa7\x9a\xa6w\xbb{\xd8\xe5\xdajp\xee\x8fI\xaen\xe6\x90\xfaa\xc43%?\x13*.\t\xc2H\x1a`\x128$W\x98\xa2\xfd\xd0\xcd\xd1\xfc\xa3\x8a\x1b9S\x1eLZ>\xcf\xe5\xf6\xb9\x05A>\x12\x10[\x8am\xa0Zyy\x1a\xcd\x9e\x01\xc0\x1fn>\xd6v\x8c\x9f\xa8[\x1f\x0f\xf6\xc9\xc1\xf3*\xe2\xa4M\xef\xcfXzb\xa5.O}\xe2U\xc0)Kvp\xf3\x1d\xd61\xac\xa4\xb2\xae\xa6\xe1\x16\xe6\x86M\x97\x04\xb4,\xbby5\xdc\xc6\xd7\x9a\x8f\xcc\x05\xcd\x13\xf0_\xd1\x0e\xe1\x94.\x9ca+\x1eO\x07\x0c\xb2\xca\xa4\xd9\xda\x8b\xd8C\xcfI\xb93\x86\x1d\xbb\x1dB\x10\r\x12\x03gu\x13/P\x7f\xa7\x12}i \x7f\xc2\x04\x8c\xa7\xca\x95\xd9\xeb\xb1\x001\x8dS\xbd\xf5d\xa6\xb5ot\xfb\xc6\xfa0R^\xf6v.Z\xcc\xd2\x99J\x1c\x82#M\xcd\xb3\x9e\x8f\xe6\x11\xf6N\x99MR\xbaK\x01\xaf\xc1\x05\xbaP\xeb\xd9v\x8d\xe3w\x04\xbc}\xe1\xfa~\x02G\xc2m\xde`\xe4\xfa]Z\x08\xe69\x150?\x9c\xbeAI\x0er\xeaD\xb5\xa4\x9f\tQ_73\x1a\x1e\x0bC\xe4\x9b\xf9J~z,\xbdNvF\x91\xa4G\xfd~\xd3\x1f\xf7\x94\xbe\x8f\xb1.\xad6tt\xfa\xcf\xd2F\x17A\'\x08\xb2)\x8c\x98\xad\x12>8\xf5\x81\x83\x9f%\\\x0f\x0b\x82q\x96\x11\xf8\x06\xa3\x97g\x96\xd9\xba\x051\x1e\xeez\xb6\xec\xb9\x98\xd6\xa0"\x13%\xb7\xa5\x9d\xdc]\x83G\x9fj2\xc7\xda\xb9\x03-\xe7\xd4\xcbf5\x98\x8d"\x0e-9\xe1\x8c\x84*\x0e\xa7rv\xb4\xc6\xa3:\x07"Je\xbchGx\x82\xe9\xb0\xc7\x13\x10\x04\xbfH\x8a\x12\n}\xb0A\xdb\x0b\xa7\xf1y%\x15zG\x7f\xdd\x16[fDb\x9b\x9c\x02E/\x7f1\x925\xb7x\x91\x8bE~j\x9b\xf2}\xc4\xf1\x84\x08+SIf\xc6\xf6\xb3}\xd14v\xc5\xa5ya`W\xb4p\xdfki"V\xa1\xe3\x95\x1c\x89\xd8F\xce^\xf63\x01l\xe7\xea\x10Q\xaai\xb9\x89xCf\xec\xc6`~\x8dHZ+\x01\xa7k\xd0\x9e\x1b\xaa\xc2G\x98\x05\xe9\xd8\xc4\x04lY4\xe8\x06R\xce\xbe\x1f\xc6n\x8cH\x17\x11\xb9w\x9a\xc0\xda\x04\x05\xd6\xba\xdaP\xc9*\xa8P\xe0\x9e\x95_\xa6\x8b\x88P\xafF\xf8\xee[,V\x1e\n\xca9\xed\xea\x0ek-\xa6\x1b\xa8\x8d\r\x9c\xd8\xe7\x05\x97A\xc2g@\x07Hn\x0b\x0c\xe9\xa0R\xadgq\xa4d\xaaU!\x16\xeb\xd8\xbau\xc6v\x1e>\x0ev\x7fl\x14\xfd\x9c\x92\x05\x17fv+\xae0\x9e9\x80\x053\x0cg\xdc\xe3v\x97\x9f\xdf\x8c\xddg\x1cr2\xeesa\xbf$3\xfa\x071V\xa0\xdf\xf9\x04\xb6\xd7\xb8\xd4|\xff\x13\n@\xde\x1ck\xd7X\xab\xf2\x14F6\xcf\x9eI\x17r\x14\xe2*uW\x03S\x04\x07\x99\xa6\xaa]\xe0#\x95\x08\xc9\xdcT\x9ce\x08hG\xcf\xa6\xecT\x8b\x9b\xea\xc1\x02\x88\x14WG\x13\xdf\xc6\x02\x1cW-\x7f\xe5>\xcc\xe5e\xb0\x17\xb6\x01n\xb1\xa0e\xbf9\xcc\x17V\x8d\x9e\xce\x17\x9f\xe4W\xa2n\xcb\xf5+^A\xb6\xb5\x03\xd6m\xf2eq\x0e?~N2\xed\x86Y\xdb\xb1\xaa\xc5*\xc6U&\xb7\t8\xef\xc8:\xcc\xac\xf3\xb1eWB+g\xb5\xectj\x99=NCM\xb0`!\x1d\xe0\xa8u\xc68\x9aj\xaf\xda~a\xee\xd9J\xf2\xd4i,\x86\x88\xae/\xda*\xfb\x87\xae\xba\x8f\xad\xa1y\x010\x86\xc12+\x04\xc5\x9b\xb1rs\x8e\xf9\xce\x15\xf3m\x10\xbd@:\r\x82)\x9a\x80\x07\x8f\xd6N\xc1\x92M\xc5k\xcd\xa9\x9a\xfb\xf5\x1b\x05/\xddF\xa3XI\x0f\xcek\xfa\xbe\xb5\xbb\xdf\x15\xf9\x14\xda;\xb7\xf4\xe7\xdep\xe4\xfdp\x9f\xeaB\x80`\xde\xac\xc9\xfbX\xc84\xfa\x8a\x11\x04\xcf\xc0\x10\x17:%@\xb3y\xcd\xf1*\xb5S\xc5\xc0\x8dng\x0bg$$\x93:\x8b\xc9Y\xf8\x89h7\x03 _\x8a\xe4\x81\xe5\xdfg\x17/\xa9q\xa5\x07\xd9\xba7gk\xb0\x90h\xb9\xcc\xb9\x9co\x1f\xe4\xa2`\xf4g\xd5Z,w\xd0\xce\xa6\xc9\x07\xe7\x0f\xdb)\xe2\x1c:\x91IZ\xd4\xc8\xadt\x0e\xae\x06\xf8\xb4\xe5\x04\xc0b\x12\xdcJ\x8c\x10\xd6\xdc1\x83U\x89\xfd \x7f\x06V\xa8\xf56\xee\x94y\x0e\x90\xef\xc9\nr\x1a\x00\x9f?\xeeA\xcf!c\x9a\x94\xa1,-\x89\xa18\x95\x90K\xe5\xe8\xf2\x05\xdaoM\xa5s\x9e\xac{\xd1G\x14\x84\xa7\x97\x87M\x14\x8dA\x9d\x18B!\xda\x94\x01j\x7fT?:\xbeD\x93#m\xb3E\xb8\xd9\xef"t\xbf\xb0@\xe5\xebV\x07D6/\xa8\xf7H\x84(e\x07;\x12\x85\xe2,\xf6\xbf7\xf7;\xa9\xbc\xc6\x0b\xd9m\xfa(({\xfb\xea\x0bB\xcaS\xb4,Kr\xf0\xb2\xc8\x10\xd8\xbd\x98\xcf\xed\xa7F\xea\x85\xaf\x8eyC\x19\x89\x82\xe8G\xa2%\xd1\x19k\xb0\x18\x8fi;\x1f\x9e7\xc8\x87\xab\xcc\x86-X\x8bq%\x98\xd7\t\x0b"\xc4%;\x9a\xeeS$E\x96\xdf\r\xfb\xe0~\xbeYV\xc2\xe6\xe1\x80C*\xaa\xe1O\x9a\x96\xc7\x8f\xa6\xc9cm\x9c\x846\xaa\xda\xcf!\x1a\x1cE\xf3\xb5<\xa0#g.\x9c\xac!\xac\x1b&qZ{\x01Sz\x8a\xd5\x1f\xbcK\x9f\x01B;\xfcJ\xc5Tz\x8c\x14\xd0\xa2\xa3\xac\x7f\xb8\xdez\xfe\xbb\xc3T\'P\xc0\x91\x89dy\x7f^X\xc7E\xac\x94\x05\x92\x05c|\x1b\xee\xb5\xee\xda\xb3\x94\x11d\xcd=\x88\x94@\x8f\xefG\xde\xb5\x8dP\x1f\xd1\xc6\xf5\x81\xdd\xd2[\n4\x82v\xdf\xe0\xa2\xda>\xd6u\xceEp\xc6\xa0)\xb3\x1e\xe1b\x11\xf8\xb9a<\xddD\xb2\xa3\xfa\xd3^1\xfe0\xe8\xd7\x16\xedJ\xe8?^\xf6J\xb8\x0e@m3\xa3GR\x98x\x8eL \xab\x18\xae\xde\x1e\x82\xef7"\xa9\taM\x98}\x1a\xd1x\xc9\xf8j~\xb0\x8e\xed]()6\x07=\x93(\x98\x88\x00?\xb1Oz\xb6){U\xc8\xe4=*\xc5\xb2\xab\x812\\\x19Po\x13\x0fu8\x16\x13\xe5\x9b,\xbf\xfa\x1e\xb2eI\xf2\xda\xab\x11\xd5\xf4$\xd3\xeb\x82\xa4\xa4\x8c\x18\x19\xe4\xc6\xae\x10\xabC\xe8\xa7\x00\xd3=o\xe0\xd9\xd2\xcf2\x0f\xdd\xe4iE\xcc6W>\t\xbc\xa5\x0e\x93BSl\xe0)\x0e\xaf\x91\xe4\xb5\xa7\xb4L\x01\xf7*\xb9Or\xf2\x1d\x11\xee\xbe\xe1F\x8d\x18\x90\xa8d\x8ah\xeb_\xbaOd\xbb\x1a\x8ft\xaf\xda\x7f\xfe\x06\x10\xed\xe2\xec\x1c\xc9z\xb2\xb6\xf6\xce\xe7\x03\xc8\xfbi\xb6\x0c_\xfe\xf4WrU\xf5\x0c^"\xd8\xaf\xdc}\xecZ\xf7\xba\xdb\xf8,\x81\xbb\x08\x8e\x07\xb7.Df\xd1i\x11h\xf7\x9e\xc8\xf1E\xc1x\xe0b\xb7\xa9*X\xd6k\xeb\xd0\xec:R\xf3\xff_\x8el\xcf>z\xfb\x14\x85\x12(\xec\xf6\xd4\xea\x94\x0fz\xdc7c\x10\xb5\x81)-z\xcb{ES\xe7\xac\xb0\xb7\\\xf7\xcd\x08\x01\xb6\x88m\xa1\xdf<~\xb5\xabk^+\xe4_\xb6\x1b~j\xfbD(\xfa\x00x,\xd7\xbf\x95[\x9e\xb8\xb2(\x90\xe0\x8e\xe8\x13g\x8f\x00V!\x1fa\xd6A\xbb\xb3\x00\xb8^5\xda\xd5\x18\xb4\x04|p\xac\xa5\x00\x95\xebC\xdaqN\xcd\x14v\x04CZ\x89ndC\xa4\xc3SB\xc0\x18k2\xcdA\xf8y\x19\x97\xeaP\x06\x14\xaf\xf3\xaa\x8e\xce\xb1\xbe\xecS\xe8E\x08$\xddO\xc9\xd6lm\xb7\x80y\xe7C\x95!\x8a\x00GW\xd2\xa4\\\xdbab\xdd\xec\xe8u@t\n\x81g\xb9\xc5]\x9c\xa0T\xa8"N\x95/\x9c.IY"Ta\x9bT\x84\x15\xe7>\xcd\xdcC\x9b\xd0\x80\xedK\x18\xf3\xb96\x06bd\xbaa\x81\xbc\x18\x9cX\x97\xf2R\x18\x14\x1e\xaa\xfd0\xc69\x16W\xba\x7f\x19U<s?6\xb3\x8d5\x9a\xa2|\x8d\x11g\xac\xc6%\xf0<\r\xcd\xde#*\x12\x9eU}\'\xc9<*~>\xfft\xb5-j\xe1\xdf\xdc\x07o\xa3@\xb3\xb2\xc7\xe3D\x81\xc1\x1e\xe4\xa2\xe8\x0c\xe2f\xfa\x84\xe8V^\xdc\x944\xc6;\xfd\xfb\xdc\x8e\xfc\xa8\xbeum1\xe0\xb3\xfea_\xac\x88\x12\xcd\xd8\xf4\xae\x05\xe2\x0cI\x19\xe3\x08\xb9\xfe\xf8\xdd\x07z)|\xbf>\xf1$\xbbln>%\xf3\x12\xacV\x970\x0b0\xca\x18\x80\x1aZ\xe3V\xf7P\xe1qFw*\\\xc6\xfd\x06\xb6D\xc9\x85v9VL\xb4\xb6\xc8\xe3\xa2\xf8\x0f\x96m_\xf6|\x9e\xf6p_\xbaLhq\x85\xdfPz\xbc\xe6ih>U\xc6n\xa0\x9ex\x92\x9c\xa7/1U\x13\xc9 ;\x05\xfc7:\x19u\xe5I\xa3o/\xc3\xf8u\xfb\xff\xfc\x05\xdd\'\xa7\xbf\x13v\xcf\xbdi\x88\xa7\x01y\x97\xd3A\xda\xdb$\n\xe3(\xf3\xe0A\x80PK\x88\xd0~\xe9\x87\x83X\t\xa4\x0eA\x80\xa0^~\t\x85C\xe7\x90\x8d\x8e\xc9\xd6L\x9cJ\x05R%\xf4+C\xb6\xe5Y\xbal}X\xd9\xcck\x02\r\x17\x061\xab\x1e\xaa\x15\xc2\x02\x16\xaeW\x87\xf7\x11\xda\xf91}T\xc71(a\xba\x7f\x94\x8d\xa5%\x84=5"U\xcd\xd2\xdb\xa8\xc53\xc8\x97\x11\x9a\xa9\xae\xa2\xe3i\xa3v\x045\xcb\x9a\xc2&\x0f\xde\x86\xa7\xdc\xd1#\x9f^\xe8\x1c\x0e\xd0\x97\x01Rg\xbf&\xd4\xddK\xb0y\xa6\xa8J\x84m\xd2UN\xd1\xd9%\xaa\x12I\xd0\x1cz#\xa1/]\n\xb7\x0b\x00\no\xad\xfe\x9b\xc4h\xac\xea\x18\xccp2\xbeQ|r\xb06\x10\xc3Ng\xcbZ\xf3\xf3k\xd2&\xb9W\x8479\x91\xf5\xf9\xba\xb1\\\xee\xd7\x13\xe1\xd1\xb7\xa1\xfe_Nl\xb6)\x81\xe4r\xd2L\x9dm\xfb\xcb*I\xe0\x84\x11> \xbf\xde\x87+\xcb\xa8\xe3\x1db\xc1\xcd\x13\xf9f\xe0N[\x0c\x01\x17\xcf\x11\x839\x1cX\xdf\xe4\xd7\xbc\xdf\xffh\xca\xca`\x944\x9d\xe2\xfcb\xf3E\x8b\x8e\x00!\x97F/A\xafi[v1@\x98!F\x1b\x9a9o\x14\xddC\x9cN\xba\xdeT\xef\x9d!\n\xd3L\xdb\xc4J M\x11\xb7\xfa\x88?sr\xaeuMt\xcfcZ\xb6\x02\xdd\xadifl\xaf\x8dR\xd1\xee\x8f\xc9\xf8\x07\x162\xe2\x8b"\xd1Fc\xc1\x17lnvG\x7f\xf0hOI\xe4\xe4\x8cg\n\xc16!(\xba\x891WS<(&\x96\r\x94.\xd5\xddD\\\xb0k\xc97R\xa1\x91\xe1\xbd\xcf\xc0\xe6\xacf_\t\xb2\x07\x19\x8c\xb8\xb3\x9eby\xe1\xf6h\xe8\xa1\x8b\xa4\xf6\xf4\xcb\x9d\x01\x8c\xa7\xbb\'\xea\xc8)j\xd5\xb5\n.\x90\xbf\xcb\x8b\x8f>\xad\xf8\x9dI*}/L\x0b\x0f\x9dnD\x00p\x8b\xa8\x18\x95a\xa4\xa2H\x9ew\xcde\x84\xe0C]I@\x00O\x92\xb4\xda\x18\x98\xc8V\xe0wc|U\xd3\x17:,{mD$q/d\x8f\xb5\x93\x19\xd7\x97QK\xf8\x07<\x84\xbc4\xc2R?\x844\xf2\x03\x86\x19\x07\xf93\x18?\xd7yzr\xc5\xc6\xdem\xf0\xf1\xde\xa5[eFTJ\x88\x82h\xdfxc4\xab/\x01<*\x85\xfc"z=\xa8\xf2O\xaag\xe0\xbe\xde\x10\xc3\x98\x9b\x8fUZ%*\x1cR\xd2\x9d^\x94Y\xc3\\ZY9\x07\xb17\x05\x9az\xb9v\xfdj\x07R\xdaw\xae\x92.!\xfc\xe0\xfd\x9bZ\x1c\xda\x95T*6\xe4F8\x01N\x0f]\xf3\xb8\xdb\xb5iM\xacy!\x02R\xce\xfd\x8d\x01F~~X\xa5\xbe/\xbe\xb6\xeb\xc0\xe1)$\x99b^E\xdcJ\xf7\x8b\x01\x05,>\x98\x07\xe7}uH\x92\x92\x8b\x8e4\xbfd\xe4\xe62\xdbL\xf8\xac\x15\xe6\x86\xd0\x84\xcd\xb60\xa0\xef\x86\x0c_\x83\xf6\xf9\x8c@\x8c\xf3@)A\x05\x8fK\xa8\x99\x02\x91\xe6\xe7N\x1b\xf4\xa9\x93Y\xb2\xfe\xa1+/:\xbe\xf0L\x8di\x98\xd7i\x89\xb2\x92\xder\xc4\t\xf8\x9f*.\x90\xc6\xf9E{P~\xf3f8\x9bS\xdd\xd2\xee\xaa\x04\xd1vaAr\x0b@p\x12\xf6\xd5G\xf3\xd1u&;\xc4\xe5\xa2\x8fk\xbd\x84)h^xv<\xcf\xb4@1\xa0\x17\xe4\x08\x7f\x17\x85-\xb6\x91\x7f\x08\xd6\xc3\xe8\xb0+\xea\xbd\xae`:\xf76\x7f\xce\xfd\x0e\xf8\xb3\xb0\xf3\x07\xdf\xae\x8a\nQw\xfc\xf3\x937m5\x85\xd2\x03B<\x83wj\xc6_\x81X\xe4\xd3PR\xfbp\xb0\x8d_i\xc4\x80@\xc3\xd7K\xee\x99\xc48\xe8\x11c\xb5\x8b<\xd5\x9a@\xc2\xce\xc6\xfd\x9d\xa2\xad\x1aV\xa6\xbf\x8bF\x98\x99A\x0b\xdbCXPFS\x0b=\x11\xaa\xf1p(\xc8\xfbaf\x91\xea\xa1\x9f\x9c~5\x94\x8a\x14\xd5\x91\xf6\x81e\xd3x\xb2l\xa1\xd6\xac\rW7\xe6 \xb7\x89@\xeb0\x88\xd0\x97\xa4\x86\x8a\xdd\xe7\xec\xd1$"\x14uq\x97\xdeA\x12Z\x80\xaf\xa6\xf6\x97\x11eH\x95\xbd\xd6G\xf4\xe2\x07C\xbe\xd3$\x0b5\x92\x92Oz\xc9,@\x80\xcd_Y\x7f*@i\x16\xc13\xa9\x97\x06\n\x85?O\x99\xc7\xebk\x12\xd5\xa3\x891l\xb0\x19\xb6&\x1b\xd9\xdd\x10\xcf\xc3\xd7\x81\xd1tg\x1c\x05W4\x18\x1a"\x1f\xae\x00`C\xb4l9c_\x91Z.(\xb7]4\xf5\xa5NW\x88\x03\xe6\xc8\x15\xff\x92j\xc8A\x04\x91c=\xb5\xbb\xe1]\x9e\xb0E\x8c\xdf\xa4\x03d\xa7l\xd2\xbc\xa7\x08\xb0\n\xf42+\xd2\xc9\xc8\xc7\xceEw+Y\x91%\x84\xc1\x99:m}\xd2\xd1\x95Ez>\x92\xa2\xed\xb2b\xa7k\xf2\xa0K\x19\xac\xc3\x87\x9f\x06\xfe\xc7\xabD\x92\x9a\xc4\xd1*3\xa6\x1f\x04\x81\x10N\xb3\x0c\x0e\x7f\x04\xcf\xe5\xf1\xf3Rb\x01=|@!\x88\x19z$\xf4\x17\x89\x11>\x7f\x85\x0b\x9aIxX\xe5\xcd\xb9l\xe7\xae\xca\x8b8[avH\x9cw>zV\x005\xdaxm\xfe\xa9=\xb4??\xf0\x85\x10^E\x8e>\xff1A,\x0e\xd9\x99\xd0\x02\xfa\xf7w\xcf\x8e\x8ai\x81\x15\xd7\x95=\xe3\xde\x0f\xfex\x1f\x0bAr\x0fM*c\xfc\xa5\x12N\x8d\xc2Pt\xf7W\xc7\x95\x06\x83\xa3\xc9J\xb2\xea\xaa\x04\xf3Y\x88(\xe9\x01{\x14\xbdp(\xadwF\xf9\x05\x0bI!\xbc\xd3d\x0f\x99M\x8b\xd6\x9d\x8b\xd8j+\x1b\x9b\xe2\x9f\xea!"\xc2\xf8\xd4\xf99\xb2\xbc\x94\xf05\xd2\xae@oZ\xe9\x0f\xeaC\xf1u\x11\x91\nc\x06l\x8c\x0c\xdc1\xce\xd2\\\x17C\n\xab\t\xb5\x0c:\xa6\x85N}}|\x15~),b\xce\xdds\xfa\xe0\xfbj\x01\x04\x020\x85\xc5\x9d\xf9\x86/vh\x97\xc1\xbc\tZ5\x8b-2\x06\x01\xfa\xab\xc7\xf1\xec\xbf9U\xf5\xf8\xf8\xad2\xa7q\xa7S\xc4u\xbc\xb8\x83:\x97\x16(\x9c\x1e\x80\x9d]%\xd1\x91\x8b\x0b\x01\xf4l\xba\xa0\rx\x00\xd2\xd8\xe1*cx\x80\xac\x05\xb8\xe0e\xc6\x81`4$\x1a\xf0\xa7\x8b\x07h|<U\xc4\xfb\xe7\xac\xe5\xa5a\x17\x9c\xb0q\x7f\xba\xa2s\x16\xe8\xf5\'\x88\xca\xc7\xeb\xcb\xe7\xd8\x94D\xbf\xae\xf8<\x9dP\xd0\xf1\xf8(\xeb.:>\xf9T\xb9A\x80\xa5\xca/\x91@4J>\xd8\xa8[\xaa\x02\xfc\xb2\x8f\x199\xc5\x18\xa6\xc5x\x9b\x89\x1e\x8enx\xfa\\\x8f^W\x02{\xe3Jc~I\x82\xe6\x8e6\xd70\x8c\xffE\xc3\xec\xff\x00\xa1\xe9\x00\xaaF\x9c-\xeb/Q\xac\xbd\xe0\x0f\x9c\xa0\x81\x10\x88\x05:\x05\xd6\x1b\x8b\xbc\xb8\xe5\xf2)\xd9]\x9c}Imr\xe8\xa7&\x1a\xa6 \xfe%\x8d\xed\xe6\x06\xd1M\x1f1Q\xd3K\xfe<\xefDw\x003\x18k\\y\xdc`-!\xa8?\x8dl\xb6\x81\xac\r\xfa\xa6\xd3\x91\xc3w\xebz\x10GuKg\xe1\xdf""%\xfd3D\xa3\x94\xd4\x82\xbb\x9c\xd5k\x8dd\xc3j\xe8E\xcd\xaf\x8a\xda\xb0f+"\xa3T\xdf\xd5K\xbbK3f4\x07H&\xf2\xf5\xeav\xafLe\xc5\x0f\xf7OT\xae\xc3P:\xa5J\xa8\xa5\xc2\x84\xd1\xd3\xe6\xa1\x1b\xac\x93[7\xe8\x13]\xb4\xd2\xa8\x97eb\x80 K\x1d\xa6)%\xc0\x90\xb7=\x93I\x08\xb8 \xa7\xa2\xd0S!\x0e\xd8\xf2\xac\xb9!\xa61\xe1\xa6\xfa9T\xf5\xb7\xd5\xcb\xbb\xa0g^\xb6\xff\x13\x9c\x9dN\x1d\x19;\xab\xda\xa4\x1e\xa5\xa2+\xa6\x19\x15\x08\xea\x14a>\xea\xcf^\x18\x0en4\r\xd1\xdc\x9e3\x05\xca3\xa8\xa3\xc2Km\xd6r\xb2u\xf9\xd1b!\xd0\xef\xb5\x12\x10&65\x8b\x01}\xe4O\x9c)\xa3^!%\t\x8dY\x9c\x82\x8f\xb0\xcc\xdc\xdcx\x0b\x93U\x03\xa4\x8a\x9a\xa8\'\x91N\xfa\x0cV@\\\x83H"\xd1\xc5\x94\x14\xf5\xcec\xfb\r>\xff|F<\nO\xb7\xa2\xe3~\x7f\x85\xd3W\xbf!\x8b\x8c\x8e\xcd#m)\xec\xce\xdf\xef-Se\xbbc/\xa6@u\x9e\xec\xd0\xe4\x1d\xec\xf7\xcc\x0f>\xdd\xec\x8b\x87\xc04\xd9\xffd#\xbe\xb2\x06\x07\x91\xfdg\xec\x8bA\xa1\x92|\xf5\xd0;\x97P\xcc\t\xf5\xb3\x1f.\xac[\x9c\x90i\xcb\x1fm\xcd\xfe:\x9d\xa3B\x13\xf0\x94-r\xc1e\x92\x0e\xec\x04\xb2\xcaGJb\xd9Q\x1c>K\x88\x83c!\xa2}\xa3\x0cr\x91\x0c\xca\xe4\'b\xab3\xc2Z\xc2\xf9\x90\x8b|\xd0\x9a\xc2\xfe\xf6\x81\xf6+\xfe7\x11u\x85\xcdv\xca-S\xa8\x98\x1a\xae\xd1\x84\xb5\x00k\xfdi\xbc\x1c\xae\xdf0\x1dZ9\xe8Cb$Z\xcaW\x19,r\xeb\xb3D\xd2\x91IZ&\x90\xdc\xc9\x1dy\xa7\x99\xfe\xb7\xc4\x19 Y\x1ap\x8c\xe3:\xd14\xc7\xfb6\xb8\xf1]o}!u\x87\xc4\x85\x82\xaf\xc9\x1a\xeb\xef\xe3b\x18\xf6\x05\xb7/`/\x0f7\xcf\x94\x14\x84&\xd2\xe0\xb6\xd0<\t\xfa\xe7\x88t\xe04\xc7l\xc33y\r\x08\x8b\xf2XP=K\xa1\xe5\xaf!q\xb4\xb0\xbb\x00\x1aZ\x85PW\xd7\xf0M\xef]1\xdbn\x12f\xfb\xfa\x9b8\xce\xd0\xffcR\x0b\x9e\x97\xc5V\xe4\xf7{\xef\x01\xc5\xfbj\xc6AA\xfc\xc3_PX\x82\xc2T\x85[8\x9f"F\xec2\x8d\r$\xb5\x02\x8f\xd9\x1d\xb8\x88\xe0\xf96]\xbb\x81\xfd\xfdX\xa8=\xaa\xb3S\xfd\x13\xb25\x1cjV\xbe\xf7"Y\x1c\xccBJ\x871\x1c\xf3\t\xfcrB\x12\xd1\xb2t{4\\\xaf\xc7\x97\xac\xb4$1\x8f\xb8\x8eO\x12;\xaa\xed\xd3^\xb9\xe6\x1e9\xd3\xac\xcb\xed4\xcfj\xd8\xc4lE>{\xb6~\xf0\\\xc8\x81\xc4\xc83\xc7Z\x11\x8f5\xbe\x86Jes\x96\x11f\xb3\xfe?\x9fa\xa3\x1fe\xc1\x87\xa7\xc8\xf92K\xe6\x82\x8d\xb7h5\xa8$Z0:Pr\x7fJ\x7f>\xb2\xcb\x94\x18g\x85JJ\xb4\xc4?$1o~\xc0\x82\x81\xf8h\xb6\x1a\x12\xb3{\xc9\xc4\xcc*\x8f\xaf6~\x9c+\x9cX\xad\xb65\x96\x0b\xf8\xb6\x04\xc7\x9d\xbfR\xd3\xd4O\xd5{\xe1\x9a%\xc1\xcb2c\x1f\x88"\xae\xf6\xab\x1c\x01\x8f\xcaP\xf4\x9d\x98s;\x8e\xbc\xbb?oS\xbd+\xa0\xd6\xd4\x86xH\xd7`\xda\xfd[[l\x8b\xf1\x84y\x15EzQ \x8d(\x83\x9d\x11\x12\xc0\xce\x1a\x08d\xd2\xbb\x86BTp)\xfe\xa7L\xc45\x94\x1cS\xc3\xaa\xa6\x8a\xbb\x08\x96\x05\x06 \xda{R\xafb\xf3j\x95\xe1\x82pDQ\x8ap\xe0\x16\r9uv\x1d\x99\x14\x7f\x08WI\x1f\xcb\'\xcdgY\x85\xac?\x93R\xc3?\x16\xa3&6\xc1\x08\xd9\xbb\xf5?\xa7\xce\xbe\xc7\xfd\x94LaokI\xf4R\xb2\xd3\x0fD\x98\x15@\x1f]\xb7\xfe\x10?\xce@\xc9z\xcf<\xd3Ah\xc3\xf5L\xd4\x12\xe2y/\x9b\x92\xba\xce\xd5"\xa0\xaa\xf4\x9d\xe1\x08g\xcad\xbe\x15a\xdd,\x84\x0b\x10\x838\xf7\xed\xa6\xda\xf1[aPl\x1b8\xf6"d\xc1M-C\xfd\xee0\xc3\xc2\xcb\x9c\x88\xa5\x11}\xe8\xd4\x9ds\x1c\x8c8\x15\xe3\xe6\xc5c\x9b\xd8gN\x17W7?\xe3e\x98\xe3\xd2\xc2o\xf9\xc0\x1f=\xdb_b\xb7\xf2\x82\xf1\xdfY\x13\xff\xc9,Q\xeb\x8fG\xfb"\r*E\xdf\x14r\xdc\xbe\xdf\xc5D\x0f\xe9\xfd\xa6\xb3*\xfa\x0eq\x80\x04\xdb\xf4 \xb3\xf2R\xd2\x8e\xf0D`\xa1!qZ\x14C\xc6(\xd8/\x95+\xf5\x85\xa5\xcd\xab\xa2g\x06\x00\x10\x89V\xb8l\xbe\xb7\xc5s\x97\x8b\x95\xd2\xed\xb7\xbd4\xc8\xber\x10\x14\xaaRl\xe0\x1d\x9a\xe4(3\n\x91\x9a\x97\xb2\x92\xa8\x0f+%>\xff/\xd90\x08\xfd\xe5\xd4q\xfb*\x8eW\x1dl)\x00\xe4\xfd\xcc\x9d\x9f\x92\xb3\xb9\xb3\xe5\x9d\xd0G2\x04\xdd\x04\xc4$(\xc6b\xb8Q \xee3}\xf8\x1a\x82Z)\x97\xacT\xb6i\xb0\x10\x88b\xb3\x16B\xfdO \xc8\x98\rN\xe65\x1fX\xe9G\xda)\x05\xee\xbb\xcc\xe3,\xd3\xc8\xcc \x15&\xde9\x94t2&\xeb\xad\xf5\x11\xfbC\xa6]\xd9v\xc2\xa1\'p\x17o=m\xc3\x8f\xfc\xd9\xf9\x18T\xd3\x87\x82mM\xdaSd\xa0\xf5\x1b\xf2\x83\r6{\xda\x0c\x85\xa5(\xfc\x86\x15\x94\xcb\x91\xaf\xbc\xd9\x03I\x8a3%\xaf\x93\xb9s\xb2\xfdB\xc8+V\xc4n\xe0PJ\xa6\x14@,\xae\xe8\xb5\xbe&Gw\xd2($b\xd0\xc6\xf9\xccFMj\xad\xca\x18\xd1U\xb0\xf3hv\x97_\r,\xe2\x00W\t\xe1\x9da\x96\xb8\xc8JO\x05\x07T\xefj\r.s\x03C\xe9\xacO\xc3s\xcdG&\x19\x1e\xe0\xd2\xd7\x9c\x17\xaa\x17\x8e\xe0e\xb6\xdcD\x99J9\xe0\xc1\xed\xcf\xbfG\xed$\xfa\x9d\xd403B\xe1u\x9d\xad\xc9z.\xee(\xc0\x10\xb6g\xc4\xe4D<\xd6bJ8\\\xee\xe8\x8c\xfaha\xb8-\xca-\x1f\xe2s\x99\x0c\x85\xd3\xd4%\xdaS\x1f\xe7\xef!q\xf4[\x82\xd4\x1f2\x98\x92J\xf9\xa1\x86\xb4\x05\xca\xcf\xd1\xf7\xefr\xf8\n\rZ3\xb0\x1d\xa1\xfe\xcd\x80\x01\x185\r6q\xb8\x18@K|\x7f\xd7\x9b\x88A\xfd\x9e`s6&\x8a\x99\xee\x08>Q\x01KgG\xc5\xcaC\xael\xdf\x0f\xf7\xd5\x9dg\xb7C\xaaf\x9e\xfei\xe4\xf1\x8a\x1a\xe5\x7f\x11\xdb@:0=\x18R\xee\xc0\xed\x9b\xbc\x15\xdb\xe3\xc4yA\x11\xaeh\xdd\xcd\xab\xe6\x1a\xd5\x96\n>_\x12&\x17#\x03\xf3\xc4\xcf\xd7\xa3[A\x16\x1a\xbfo Z\x15\xaa\x06\xd4u)\xdb)\t\xd0g\tA\x14Im!~\x90\xfd\xbb\x17W\xe5\x1d; \xc2\x1b\xcf\xff\xb4\xe0j\x0f\xa1\xa8\xb5\xe3\xf1n6\x02\x1f.B\x1eK\xddk!XgG"!\xa1\xf3Z\x8c\x8b\x13Z<\\|W\xa2\xec\xe6y\xe2?W\xb9@\xd4\xb6nw\x90\x04\xba*M\xd4\xb2\xd0\xad\xe8\x19\x9c\x99\xa6J\xa8\xdd\x7f\x9b\x01\xf9\xb1\xdf\xd2]\x0b\x06\x94\x13\xf4\x84k\x93&\xd8\xe1\x06\x93Nt<\xd5=\xb8\xed\x05\xed\x11\x89\x05\xb0\xfb\x03;\xaf\x02!\xcf\xea\xbc\xb9v\x8f\xeb\x0c\x8b\xca\xd5\xb7\xcf\xa7\xf0!.\xb6\xd7J)>Q"Y\x16R\xa67\xf1\xcc\x14\xe3\xdf\x85i\xda\xb7\xede\xc1\xe8\xd9\xb2\x19k\x1d5\r p\x87<g>\xc45-\x8c\xd48`Q\x87\xcd\xabK=\xfe\x1c%\x89%\xeb\xef\x0c5fI\xf9\x8eo\xd8\xaf\xdfw\x93Qh\xe56\xe9i\xcc\x15\xf7sO\x8b\xda\xde\xd7w\xa0\xa2V\x82G\xe5\x1c[\xa1\xbe\x86\xeb\xa9\xbbk\xe3@\xdb\xcb\xbc\xc69\xd8P\xf6T\x86\x95\xa1\xc3\xd0\x99id\xbc\xb2\x1e7\'\x84U\xea?\xc6&k>K}(\x11O\x85\xc8t\x9c\xdf\x96(\x98\x1eu\xd6\x12\xe0\xcc\x8d\x8bfu,\r\xfaT}f\x0f\x1cT\xfd9`%\xb0\x9e\x1b\xf1\xa9\x12+@\xe9f\x80}\xca\xb4\xa8\xc5\x03\xbf\x04\x05>\xd6\xa8\xab\x90!c\xa6t\xc3\xfdb\xa3\x11s\xa1\x90\xebS\xba\n\x9eDl\xad\x1b\xfe\x87q\x9bT\\u\xc6?\x824]K\xf9\to\xd5\x0b\xb8\xded;y9\x9bZ\xe4m\xce\xe5\xc3m\x84CC\x87[\xbe\xfd\xdeH\x81\xd7\xc2u\xe0\xb1\x88\xc5\x83[>\xdd{&2\x99h\xab4_<zO\xfe\xcf\x0c\xa0\xc9c\xd5\x05\x0c\x8a8\x85z\x9d\x1b\xcd\x94\xed\xe7.`\xfb\xd4\xd0\x91\xee\x93\xc8q\xb9q}\xd4\x00\xd1\x99\xe0\xbf)\xe9\x9b\xce#\xefI\xef\xbc\xf4q+\x97\x17/\xbe\x08<\xee\xff\xaaRS\xd2Zgx]\xef\xe1\xe0-c\x1a\x0e\xcd\xe7g\xd8\x97E\x9f\xcf}\x87\xe4\xfe\x04|\xdc\x18\xa6\xb3\xf9\x06\xd9M\x0e\x7f\x16\x16k\xcf\xdb>\xe0\xf1\xd8j,\xb5\x19\xb4\x80\x05\xdfR\x07\xd8\x02\xbf.k\xbaW2\xf0\x06;0~\xfa\x0b\x11v\x1f\xd5\xa0\x83e=\x0c4\xee\x11b\xe5\xee\xe4\x1d\x12\x9f\xb3\xbe\xd0\xca\xf2\xebn\x8d\x17\xe5\xbaES\x11\xd3\xe3\xb3\xfa\xc1\xdf\xb1\x0b\x1a-@(\x08\x06\x971\xf7 \xda\xc3a\x965uo\xbf\x9eJ\x19\xa2\xd9\x81\xabLy\xe8\x1b\x02hcI8\xf5I\xc0_\xca\x86\xac\x8e\x1f\xde:\x15\xde\x92z\x06\xee\xa0<x\xecN(\xa9vs\x11V\xa0\xb4E4\xc6m4/Nq\xc2\x18o\x96?Q\xff\x9f\xf0\xc5\xcb\x15\x8e\xdc%\x0b\xb3\xe7\xc8\xeb\xafZ\xcf\xa4\x8a\xa0\xfe\r\x88(\xe0\x13\xe6t\xe3\xb5y2@c\xa5\x00\xdbj\x02\xb6rxJq8\xad\xba\x13\xed,\xde\x9a\x9d\xd0\xe5\x02.$\x06}?\xfb\xf2\xe4\xe9\xbb\x94\x9f\xa5\x89Wzx\r\xe7\xb7\xa9\xb1\xcc\xde\xcc\xdeo?t\x8d\xdcA\\F\xd3\xc9\xf7\xd8\x03\x9bR\xfc^T\xaa\xf6|:ha<\xb6@\xa1L\x93E8\x84]\xda\xbb3\xc1\xd0\xd7\xf6\'\xa7\x8cw\x80\xbf\xa0j\x157\x91\x97lb\x80\xfb\xb4\x05\xcd\x0192q\xd4\xee\x07>\xa9\xbe\xbf[\x16\x94\xb5\xdb3K\xd3\xc1\x8e\x958\xe0\xdd\xf5\x07\x0b\xfd\xd2\x87\x020\xbb\xf5\xa9\xbd\x07y@\x02\xed\xe8\xc7v\xe6A\xb6l%\x91\x11\xf7\xc3\x7f\xd6\x80\xe2<$6\x8a7\xf7\xc2WC\xb0^\xfc{\xb1C}-\xdf\xb6\xa3\x9b\xdeJ\x88\xa3+\xe9\x8c\xfb\x8byb\x80sj3\xffR\xf8<\x0f\xca\x00\xb0\'\xc1\x8c \xfaW\xbe~H\x0e\x95\xa6J\xc4H\xf0\xaf\n\x05\xf3!J6\xed\xb8"s\xcb"\x0b\xbf\xa5\xc2.z\xd1e\xab\x86<\xc4\xd9c\xcc\x13y\x90\xdc\xa8\x12\xa2I\x1a\x0f\xe6\xd2\x89\x943r\xa0\xd4\xb1)\xe5\x9d(-\xf4\xf5\xc7\x03\xfd\\\xc6\xa7\'\xd7^%\xec\x9f\xc9\x92\x17\xcd\xce\x0c\x0c\x05\x89+B\t\x8c\x08\xb9\x95!\xcf\xef\x16\xab+\xf2o\x11\x8c9\xb5C\xde\n>\xedu\xe2;\xad\x16O\x198\xa6\xc1\xe6\xb7v\xb7\xf9\xe1\xdd\x10U\xe5>\xfcnZ\x1c\xec\xfd\x01\xa3\x89P\x8dm7\xb1n\xb6\xb6G\xaep\xdf+\xfc\xda\'\xf9\xb7\x17=\x8f\xefn\xe6\x8fn\xbfE\x84L0\xbd\xec}\xa5\x9b\xa2oa\xbf\xea\xd3h(\x99HZ\n>\x14\xc0I\xff\x95\'nu\xf9\xd6uG\x8bh2\xc7\xfd\x14a@\xb9\x0c\x18\xed\x18\xbb%\xe3\xf2\x8d0\xe47q":\x10\x01\x85\xa75\x18\xba\xf3%&\xdbn\xeb\xb38\xca\xe5\xf3\x17\x86\r|\x96\xcc\xb2i\xaeK\xbf\xbd\xb7\x18[Y\x1f\x0e}\x04\xd3\xd5\x98\xc5Q\xeb\xc2\'1\x1d&z\x01\xe5\x1ev\x89\xcd\xcca\xf3Lt\x95\xea\x85BR\xdd\xc7r\x17\x9d"\xb9\xb0)\x8a\x8bK\xcbU\x82b\x13\xc3\xf7}~\x85\xcc\x12J\xde\x07\xbc,9\xffiJy0\x81\x93\xbd~y\xf9\x051\xd8\xeb\xe6\xdcz\xd3\xc96G,[\xa8?\xf3\xe6\xed\xb1\xfb\x9e\t[\x94PeOGYO\xc6b\xc9\xda\x07\xe9 \x1b\xe3U\xda\xbd\x1f(\x9c\x0f?\x1f\x05*\xb5\x1aKG\xb9\xa3R\xaf\xb0\x08\x1f\xdd\x1c\xb2|5\x9a\xe4Wm*\xf9\x9e\xa3\xb3\xf6W\xf3*\x8et6zY]\t~\\}\xe9\x968R\x84\xae\x00\x9a\x08p\xa9K\x88\xe3\x8b\xe3\x06\xb3\xea\xb6\x8d\x9c\x84\x12\xb2\x934\x89\xd2b\t\xaa\xde\xc7\xca\x99L\xfa\xfeTgH\xf6~\x18\xa9\xc6SS\x05v\xfd+\xf6\xc8}\xde\xce\xaeu\xe1\xc3L[L\x85\x83)1O\xcf\x0b5O\xf0\xfe\xce\xa5\xc1\xb3Q\xbb\x13\xe9\xc5c\xae\x9a(\xd3\x04\xa5\xde\x93\xc8\xd4s\xb7G\xb3\x8bn\xd2\xf8\xff%_\xe9\x94\x8fkO\xbb\xae&l\\\xa0\xd4\x0c\xae\xdf\xdc\xad\xdb\x15\x08"\x82Z\xca\x07n\xf0\xa2\x17?F\xaf\xf5~M2\x9c\x85m9\xd8\xd4\xe7\x81H\xac\x87;4n\xa0y\xac\xc9J\x8e{O\xaf\xfa\x1by\x8a\xc1\xb6\xeb\xf0f\x95\xc0\xd0?\xdf-?\x05\xc8\x98\x82\x1a\xd3\x12Pl\x03\x8d\x93\xfe^\x94%+\x88g\x84o\xd1\xa9#\xa5\x1bQ!\xd9\x1a\xb9\xfa$j\xe2=\xfca\xb3\x80\x93\x125[\xd17\xaa\xf6\xe8f\xdc\x19\x1d\x94\xfc\xa9\x7f\x0bTrkN*\xb6\xc5M\xcf\x8fm$u\x0c\xb6\x9e\xd7N\xadd\xd9J\xda\xe5h.[\x89\x13\xbe6\x80\xf4(\xb9YnjTC\x08\xc4\t\xcch\xf6\xfb\x12\x07\xe6\x92\xd2O\xf3\x82((g\xa2(\xb7F\x8d\xb9:\xd4\xbf\x9f\x183\x90%7`\xae4\xbf\x9b\x80\x8e1|J\xd4\xa0\x9a\x06z\xa2\x1f*R\xd1\x99e?\x91\x8foJ\xb2\x91\xcfQ\x8a\x9ew$Ha\x04\xbe2v\xcc\xe0\xa37.\xefc.\xb1\xb5\x19N\xf7\xe6W!\xe8\ng\xe9\xf3\x9d\x10\xa4.mU_\xcf\xeb\xa6\'\xdc\xe40\xce\xef\xed"\xbe]\x08}\xc9,\x1d\x82J\xa2\xce-\xd6[qW\x8d\xd7\xb3\xacV*|2D\xa0L\xf6\xc7\xd3\x81y\xe1"s\xcb\x08\xafw\x18~\xbf\xd4\xda\x0bs\xf8\x91\xc2\x90\xdb\xe1i\xa7\\\x95^\xd2\xcb\x059\xc7^r\x91\x8d\xebR,n4QNH\x15:\xe5u\xcd3\x8f\n\x8cI\x0b\xcd\x10\x19?\xfe\x1b\xb2?"a\xbb\x95\xfc6\x14Y\x8a\xcdW\xc7\x97\xf1\x1d\xfaql\xc2n"\x05_n\xb5\x1e\xc5\x1d,]\x91\x05\x00D\xfa"\xa2u\x0f\xdaWl\x1f\xf7\x97\x92\xbe(\xf7\xe1`Q_\x86M\xdaC_wB\xcev\x80\xe4\t\x98\xe7n\x96)\xe8>PY\xb0\xbcx$^J\xa6\xc8\x9e\xb8w\xbb\x8e\x04\xcf\xdc\xfa\xd0\xecu\x19\xe0\x05\x0e%\xf9\xd3(\xe4>m\xd1\x07\xe0\xb3\xcc\xcfQ^R\xe4\x8c\xf9\x1c\xc8`\xf2E\xdd\xc2\x00\x7f\xbb\xee\x94\x18\x12yy\xf7I\xb6\x8e\xe2\xe1\x1fc\xfc\xb7u\x8eq7\xfa|\xd9lm\xda\x92A\xe6\x8c\xea\xd4i\x98Mr\xc15g\x02\xadh3\xda\xd2\xd6\x83\xe2K\xbe\xdd@\t8I\xd5o\x96\x17p/MN\x9b\xf5\x92\xf4\x17\x114\xed\x9dj[\x13\xf8\xfeU^\xb8[\x02=\x06f\x15\xf4\xca\xf0\x85\xdb\x84\x0b\xf3E\x9c\x98T\x05\xc1\xb6c\x82\x02\xe5\x8d\xdb\xfa\xe4\x80p\x0e\xd9"\xac\xf2\xd8;\x85$\xba.\xe6ru\x7f\x03\x83\xcd\xac>h\x85x\xa2 i\x87G\xd2\xdb\xde\x9a\x8d\x04O6\\s\xb6g \xfb\x16\xc9M\x15\xc4\xdd\xc3\xa7J\x91\x9c\xf5\xab\xd4A\xbc\xc4g4q\xe9\x8f;y\x1b\x07}_6\x8a\x80\xfb\xec\x8b&gC\x00k\x10\xc1\x9e0ga((\x9ek\x1b\x9f1\x04\x1c.\x12\xdb\xb4\xff\xe5Of\x0c\xffJ\x0b\xd7s\xa9\x96m\xaek\x91\x7fP\xb3\n\x05\x01o\xe4y\x18\xb5\xf5\xcc+\xa5 \x98\xb2\xcc \xe2\x81_b}\\\xe0\xab\x8e\xf1\xf6\xa0.`\xd2\xad,\x91&]\xdb\x97L\x18g\x0e\x11\t\x06\xd4\xdb\xdc\x14XY\xdbq\x9d\xb0\xd6\xf8q\xd7\xf7\xf5\x11\x9e/\x1dE\xbb\xce\xa3\xfb\xedH_\xa9F@G\xd2H_B\\?\xec\xff\xf6\x9cN\xc6\x90\x9a\xbeTZ~\x98OQ\xe0YX#U\x15\xf3\x92\xf24\x02t\xa8\xec\xd2\x87W \xf4%\xfc\xe2l\x0f\x82\xcb\xa4\x12\x18L\x99\xef\xe4\x91g\x12%\x19\xb6\xc7\xf9@Ma\xf8Ks\xdf\x17P \x95\xb9(\xa9\xf8\x1e\xc6\x8e\xc2\xc8\x8f#\xbb\xd6\x12\xf16\x8dpK\x12\x91F\xb5~#\x8c\xd3v\xfe~\xb3\x84\xbb\xb6\x14\xfa\xdfJ\x9b!\x89\xf7D\xe8\xc8\x04\n\xf6\x98\x9d!nt\xc3h\xd9)gu^wzpZ\xbc\x1c\xaf\xff\x8d\x96\xf6\x82\xa9\x9f\xeb\xbf)\x8b\xe4\x99= *\xbc{D-\rw\xf5o\xd2e\xc6|\xb8\xe80Y\xad\xc5\x1a\xb7|5p7\x06\x07\x90\xc6\x0c`\xf2\xa1\x00\xfdG\xe3.\xce\xff-4\x96\xa6\x94\xc3}\x14\x16\x96-\x15\xf3\x85\xde\t\xef\xd6\x81:Y\xc1I\xd4\x1f\xd4\xd5\x02)\x10q\x1e\x1c\xd2.*7\xc1\xe8\x9b\xd2\xcbhwf\xd5\xea\x85U\x122\xf13z\xf2\x9e}\xe6f\x94j\x82\x9c<\xd2\xf8\'@\x060\xc7\xfcw~\xfb\x7f\xfd\xd1>\xa5\xd8\x08\x17\xa5x\xa3\x81\xe7\xc9\x9d\x97\x952IG~\x8c\xc5\x94\xd4j\xda\xd63\x06\xb8\xf5\xcf\xadiQ\xbdJ\xfd\n\x96S\x1fQ%\xac\x13\x9d=1\x11H\xd0\x98\xa1]\xdf\xce\xc4\x87W\xbd\x8b\x9ce\x1c\xea\xc6[n\x12\xd9\xd1\xff\t8\xa3uZ=\xb0)\x8e\xbfe\xab|.\xfb\xaf\xf7\x17x+S\x0f\xf0\xd6\x7f\xa6\x10h/\xb3;t\xd3\x11\x7fAQY\x19\xb6\x0f]}\x9d\xce\x08\x9fHB\xa3(r\xce~\xcf1TB\xc6p\x95p;\xc2\r\xceA-\x8d\xe4g\x03\x96\xb5\x12\x9e\xc0\n\nH\x12\xab\xb2\x11\xb4\xaew}\x16\xbb\x13U\xf2M\xd5*c!\xaa\x02n\xce\xf6\x13\xdd\xbaKh\x90]C\xc8o\\\xef\xba\xd90$\x97\xd0\xbc\xcb\xf3\xa5"@\xaca\xcdl\x14\x1b\xdd\\\xf1X\x8c\xdf\xca\x83\xb3\xbc<fgRa\x16j\x90\xd7gJ\x1e4\xfc\x9bEt\xb3\xb4\xa3\xfd\xbbZ\x03\xac\xaaD\x14\x8f1w\xc2\xa7\xece\xf0\xf4o\xa5\xca\xc0\xec\x86?P1oF\xe1_\x97\x9c\x1d\xd5\xba6\x06\xa3\x13-\x032\xcb\xf8\x00\x87\x81R\xa9G*#\xef\xba\x956~\xcf>\x82\xe9\\6#0/5\xc1\xe0h\xac\xc4N+\xf6\xb0\xcf\x93\xab\xf1\x0fTY\x1c\xf6\xe8@\xa2\xa7\x1bK\xe3\xf1R\x90qXn\x1e\xb10\xa9\x94\x8fK+,\xe1\xd4B4\xe1\x1c<5\xc4m\xe8\xff\xcbf\xc2\xae86e\xd8\xb1\x8b~S\x8f\x9d^\xfc\x95+O\xae\xf5\x0c\xf1W\xbeh\xb4\x82\xb2:\x0c\x83\xc1\x1bR$k\xd6b\x84w\xda\xd6n\x8c\x1b\xcd\xdf\xad\xe9:`\x1ey\xcf\xa1 Bm\xe1\xa4\x1c\xd8\xa9Z\xc2\xba\x1d\x93{\x83\x9ey\xb9\x1b\xf6\xef\x84\x10\x9e\xd8.\xb3\xa9\xd0e\xa7\x0cLp\x14\xae=\xc8<A\xa0\x05\xe9\xc9v|+\x18\xf2k\xb4\xf3\x90\xa5x\x90h4\xe1\xb6t\xa2l\xf1\x90GH\x90=\x93\xaa=\x7f\x03\x19\xea\xdd\x19$:\x0e|\xa0cz\xee\tuF\x85\xc0\xd3f\'L\xa3\x9e~\xa0Njk\xc7\xaf\x8d\x81\xf03R!\xba\x8f\xd4\x9ea\xb4\x1e\xb1\x98Z\x11`\x17\xca~a\x04\xb5\x02\x97\'\x92\xd9[3bn\\5\xbe\x01\xc8\x80\x8f\x81G\xc7f\x10\xd1\xe1\xe9\xf9\x9d\x99]\xf3\xf2J\x9eupk\x19\xe0xQ\x06\xaf\xc0W\xb0M\x19\x15Z\xc24\x04\x17\x12uA`\x8a\x03\xcc\xd8\xf4\x00\xc6\xed`,\x0f\xc3\xc5\x7f\x03^\xa5\xd4E\x03\x041\xb62\x120\xfc\xa7l\\\xdb\xb3y7eFN\x08\n\x07\'?$\xb3\xedhG$\x91\x9fI\xf0[e\xd4\x12\x14!\xc1\xc1\xba\xab3\x07Gw\x91\xad.FF\x19\xa1\xa6\'\xf1\xe9\x12\xd3\xc6\xf6\x03Bi\x97\x17d:\x000y\xae\x13\xcc"\x94\xd0\xe2\xa9\x1b\xc5\xed\x8e^T]\xe5w\x8e\xf5\xady\xc5*&G\x97\xf6\xe6\xfb\xd8\xab\xd2\x8e\x86\xbe5\x8b\xf6\xc9\x82A#F\xd2T\x8d<\xe2\xdcG\x90\xafv\x84\x16\x86\xb4\x0bIR\xf8?\xe0\x7f\xa9\xa6\xed`\xe8"\xa1\x97\x00\x0eAcD\xbfa\xad\xde/Bj\xd6\xd0\x1e\x1e.\xe3\x0b`\xda<\xbam\xb0z\x02p0O\xbc`n\xa0\xa3\xa5l\x9d\x94\xc8\n\xafR=t\x96\xc8\xbd\xa3PPM\x14\x02~m\x83,\x01\nGDY\xd8\xe1\xfa\xc7p\xfa\xba\xee`%\x96!:;Y\xaaf\xc0L\xda\xedy\'\x0c\xe8\xe6\x84\x94>j\xdf$\xee\xaa\xdb#\x95\x0f\xb97\x14:#U\xb15\x7fA\x83\xe2/\xc9z\xe8f\xacvk \x02\xa6f\xa7\x96\xfcG?\xb9\xa8\xdc\xba\x0c\x1d\t\xc5\xd8\xdd\'d\x17j\xea\xb6r\x9a\x0e\x937\x07Y\xc9\x1a\xecXz\xc0\x85\x1f\x95\xf8\xb0$ \x96\xd4fz%\x0f\xa3\xd4\xef\xd6\x17k\xc2\xc9\xd2\xfa\x12\xd4\xa0\xdf\xb6\x00\x0b\\\xfb\xc9\x91\xddk\x9b\x17\x84\xfc\xba\x96\x07\xa6tE1\xed)\xad\x8b\x17\xf9M\xef@\x01n\\!I\xd1f\x1d\xec\xc1.\xe9/\xd1\xf1>\xd3UB\x9a\xd4\xec\xeb\xf5\x0b\xaa\xfet\x86mld\xf1\x91,\x07N\xd6R\x07M\tX\xfbB\x9eJF\x03\xc5\xd2\xcd\x07t\x1e\xfal\xb8=\xde\x11\x875M\xd56\x02\xc6\xa1\xadd\xca\xd84\xdc\xa30\xf5*\x1e\x06\xd5J\xe9 \xc16"\xa2$k\xe8T`\x9a\xe3\x86z\xdeD\xd1\x94\xfb\x01\xe3\x0e\x02\x90\x060\xd5:V+\x0c\x8e\xe6\x9a-Qcw\x1b\x1d\xf5\xf6qC\x89;#]\xba\x06\xb6\x13\xd1\xcb\x12\xbc\xadj\x159O\\\xaf\xcb\xd0%AF0\x06Bj^\x05\xa1y\xbd\xa9\xda\x91N\xca\xce\xde\x0c\xf1\x82\x1a\xad\'\xb8\xbf&\xab\xa4"O\x06\xe10o\x1d\x1e}\x90P\xefG>\x96\xf4\xf1T\xc9\xa9\x04Q\x1bF\xeb1\xb0\x85\x0b[6\xe3\xab\xc3fX_\xbd~\x9d\x97\xc3\xbb\x14\x90\x0f\xcd\x89\xeb\xe2\xfd\xee\xd7>\x10\xb0v\xb9\xe3dD\xd0\xd2s8\xe6\xe2\xc8\xe5t\xcb^\xaa;\xd6\xc0\xf3\xec\xdd\x87aI\xf3\xcbd\xf3\xb0\xf6\xea\xc6W\xc8\x03\r\x14\xd6\xbd\xf4j\xba\xdf(H\x0cBP\x1a\xaa\xb6\x02a\xb9\xbd\xcc\xa7\xbaf\xd2\x16\xc6\xbe\xa8"\xbc\x8b\xea\x1ev\xbf\x99<\xd6\x00K)\x17\x01\x01\xfd%\x8d\xde\xfc\xffh\xff\xd2\\\xdd\x958\xee\xbd\xd2)*\xd5\x9dA\x0c^\xf6&{\xe9u30\xb9R\x17r\xd7u\x0c\xf7\xe8t!\xc8\xa5]m\x11I\xd1\x920C\xebr\xd2\xea@\xa0\xaf\xdf/\xe1\x05\xf5 \xb9>>C\xa8\x9b\x8cy-\x15\x94\xc3\x11\xef_\t\xe7\xc3\xf9;\x82l@\x1a\xe0~\x1a\xdd~vv\xc6\xe5\xc4\x1f\x0b\xf0~\x87\xf1\xb8R\xad\xce\xef\x98A\x83\xd6\x8c\x86\xa0\x1f\x12,\tT\x81y{\xeb\xe9\x14N\\j\xadO\xfc\xa2\xcf\xd0\xaf@\x1e\r\xaeL=G\x95i\xc7#@\x92>\xffU\\\x0b\xed\xfbcM\x07\x8c\xf9w\xaf#\xa46g\x04\xd3E\xa0\xb1\xcf\xbc\tA\xef\x9a\x1b?\xfd\xf8\x8b\x16\x02\xd4\xbdN\xec\xb4\x07$\x9c\xb3\xae:\xac\xca]\x94\xdc\xbe\xedJ\x96\xd1\xa3\xa2\xb1\x13"\xb6\x05\xf7\xa3\xfeN\xc3\x97{Dr\xa2^\x01|@W\xdf\\E\xea,;\x06x\x16\xb9\xd1\x0cr\xdf\xf5^\xd8\xff\xd8\x81:\xaa\x19\x03\xf4\xe1P\xca\xdf\x0c\x9e\x07V\xa4\x96\xa6[\x9bg\xbc\x18c\xc4!\xa6\x17\xd1\xd1\x7f\xf9^@\x8eF\x8ff1\x9d\xa1`\xd0\xe7\xf0X`C\xd5\x04cu\'{4&\x92o\x1e\xfb\x085\xeb>\xbe+u8f\xdc\x87E\xdba\xd2$+]j\xb7\x8c\xe8\xa7c\xbc@e\x85\xe7\xcd\x88\xd9`\x97\x85\x11\xbf\x9a]\xb4S5\xacY0\x127\x87\x831\x15\x1b\xd9\x8a\xd1\x83\xceK\xb2\xf9P1\xe2V\x1c\x98\x8e\xe6+\xa1\xb2\xa3\n\x92_}\xc2\x85P\xd6/\xb1\x0b\x821\x03#\x8e<\x94\xe7d\xce\x85\x08\xd0\xbf\x1a\x00sg\xa6\xcb\xffH\x8fH\xc4\x1dA5\xce\xe94\xfa\x01\x95\xee\x03\xbf\xe5\xb2\xc2\xc9W\xab\x10\x8e\xc7\x95,\xf1\x85\xe9I\xb4\xd8\xedRb\x04XS\xb7\x93\xd2\xf8`1\x9e\x8b\x8f\xd9\x7f\x1e\xd8\xe9\xff\x0bb\xcf\xf9\xc3\x83*h1\xedB5\xbd\xf9a\xabv)EDq\x08e5:\xba\xb0\xf1\xe5\xa8\xb5HPq[U\t\x9a$D\xa7j\xcb\xe3o\xe3\xb1;\x8f\x1cP$\xbbO\xab\xb20\xdfh\xefQ\x17p/\x01g\xf2%[\xb8\xf3\xb6\ry\x0bx\xc4\xfeO\xec\xae0N\xd7\xd2E\x11+\xf7M\xf6\x88\x19\x82H\xb9\xe1\xb3\xfe\xbf\xf2\x19\x0b\xbc\xa9\x926\xe9\x84\x1d\xab:C\ro`V\xa5]j\xe7\x8aO\xd2\x08\xe7\xa1\xc3\x8bw_\xe1"@\xbb\x82\xa8N\xcf\xab\x97P;\xa0\xa6\xdc\t\x8cy\xafW<lw\xa9i\r\xb3d\xd6j\xf3\xaek-!\x989\x7f\x17\xce\x93R\xf0\xf4o\xe8\xb8\xd5g\x04f,?/\xf1\xee1I=\xc5\xccrt\x8dF\xb4\xd7\xc5\xe6k\x1fL\x16\xc5\xdc\xf9Z\xea\xb7:\xda\xa8\xb9\xdc\xbf\x94^\xed._Z\xe7\xb5\xef6\x82bL\x84]\xb6\x05))\xdd\xdd:4\xee\nyy\xeb\xf7CAW\xf0\x0eb\xc1\x1d\x15Z1p\x9a\x13\xa1\x02QP\xd2>D\x0ea\xb3a%\xfb\xff\xb5aD?\xe2+@\xa9\xabU\x82\xb4\x07\x84\x03\x95\xda\xed\xd5\xcf\x1d\x11P\x1a\x95\x1f\x030{\xaa\r\\\xdeA\xe9\x00\x12\xe7\x1b\xf3l\xa64Zh\xf6\xdf\xef\xf8\xbd\xbe\xda\x10\xa2\xe6v\x8a!d\xdf\xed\xb2P/l\xd7\xa14+\x9aE]9r\xd9\x1904\x11+\x19\x9c\x0b\x16}\xaa\x9b\xf6\xe6\xc3\xdd\x9e\x17.9x\x13$\xa9X\xb7%\x8cj=A\xde\x8eCPI8Y\xe0\xfdt\xd7\xba\x8f\xd7>\x99\xf4t>\xba\xebB\x960\n\xc7-C9\xee\xfe|\xea%c\xa54~\x1b\x8e"{\xf2\xbd\x7f\xa8SC\x9d\xad\xbd\xc2)\xf9>\'\xcc\'\x8f\xeb\xf7\xa9\x05\xb1LO\xea\x88\x85\x88\x88\x87\x97\xa3\x07\xf7\xba\xa2=\x88\xefp0\xbd&m\xb7\xfbt\x14\xef\xcc\xda\xc8\x0bj\rS\x04\r\xd3\t\x87\xb5\xd5\xbb&\xa9\xefy\xc0A\x14\tL\xc7\xa9\x18\xae#S\x7f\xe4\xebK\x17C\x83w/y\x81\x9f$\xfc\xda\x90:8,\'\xcaM\x9b@\xc6)\xca\x02J\xf8\r\x9d\x84\xdb\xb1L\xa3\xe9\x8d\x13\xfe\x03\x05\x9b\xd1}\xf6\xb3\xa8\xf8\xa7\x8cL@s\xa5\x07\x95\x85<{\xee\x9a\xc5\x94\x987O\xe2\xaf\x96\x18V; \x80{\xd9z\x1bn#\xa7k\xca\xfb\xf1\xa4\xbf\x0c|\xddT\xfa\xdb}\x05\xc1\xe0\xb0\x876\xb8M\xc1\x92\xe6\x89{TA\xf7\x17\xfc\xcd~\xfc\xa5\xccGY =\xb7\xd3\x90`\xb5\xa2\x1c\xa0~\xc1\xb1\xbe\xa7<\xa2\xe6\xaew\x86"\xbb\x8c\xdd-m\xb2u&\xaf\xcdMD\x9d\xe9c\xb9v\x9b\x17\x1c\x17\x9b\x1d<\xd3qs\xf1\x06\xb0iB\t\x9bB#\xf8\xbb_\xf7M\xf2[\xad\xe5\xcf\xf3)\x16g\xb9Y+\xe1\xe1\x0cb\xc1\xb2\x7f_\x81C\x10\xb7]\xe0\x9c\x9er\x17\xe6\x93\xca\xa9\x06\x0e\x04/\x93Y\x0c\xe9(\xec\xa0\xd0\x90\xaf1\x9a9\x01X\x0c\xd8G_K\xa9}\xbb^\x06g\xfej#%\'!\x90\xef\xfd\xf0\xb2JiQ\x8e\xf5\x9e\xc6\xa8UX#\xca5\xc5o\xc5\x05\xcd\x8f\xa1\xfb;\xeb\xc0\xf1\x9e\xf5]\x08_( \x83\xe7\xc0`n\xf1W\xcc\x95^\xe4\xe3MkkMN\xeb\xc4\xb2\x0e`\x99I\x83\xec\xe40u(k\xe5\xe6O\x9a\xcc\xd8\x06\x04\xe9\xc4\xc5ZR;\xd5\xdb\xef\x1e~\x8d\x18\xb9\x81Av*\x98i\xc2\x10\xbdg\xabv\x9bM\xc0\xaf\xd1,\n\xf8\xa7\xcb-\x04\xe8\x80\x18O\xdc\xdfc\x1b\xb8\x81Lc\'z\x12\xcfM6\xc1x:/\xdb\xf8\xef\x0c\xca\xb2.\xbd\xc2\x05\xf3b\x9f\x9a\x82\x03@\xaf\xa9\x8cN3\xb7Q\xa0"\xa3L\xd3\xea}V\x83?\x0e\xe9\x9ds\xe8tb\xd3p%c\xd0\x12\xd0DI@\xc9H:\xd6u\xacVg\xadB\xe0\xe1\xf3\x8e\x97qR%j\xfd\xa8Q\xd4\x9e\xc5c\xef\xc3\xdc\\]\\{\xd6\x8c\xb1\xbb>\x1b\xc3\xd6\x91\x80z\x06\xc6DX\xec\xf4t\x02\xdf2\xaf8\x82\x8c\xa8c7\xb0\x84j#\xc8\xce\xfeA~\xceYkl\xe0n\xf1X\xa3f\xb6\x0fV\xd4DB\xb4\xae\xc87\x9ej\xe2\x1f\x9az\xc7\x8b\xde0\xca\x8bG\x1d\xdc\xc4\\\xc41\xb9k\x04g6I\xe3\xb9\xc8g\x81\xa0\xc5\x08\x020\xef\xba\xbfgCl\xb5\xc1\x00\xca:\xee|Y\x93\xd5-\x11u,\xbf]\x14\x7f\xe4 \xdf\xc5\xa6p,\x13\xdev1\x17\x18\xad\xb48\xfe@7\x92\x1e\x03\\WS\x04]\xcf*\xfd\x89{\x83<A"\xdb\x03\xf0zr_\xb7Y\x83o%\x91\x84mz\xb8\xdfJ\xee\xeb\xd5\xfc\x0b\xe3>h^%\x92?:O\xc7\xc5\x14[!\x86\x83\xc0\xd4oW\xd8\x8b=P1\x11k\xfa\xd11S\xa1wj\x01\xfdGB;\xa2n\x127y}\x82\xf5S^\x0e~,\xbaD\xecA\xe5C\x86\xd9W\xa4#\xd2\x85\xe2\xe1\x86\xe6\xc7\xd6\xbe\xba\x16\xac\xa8\xf9\xee\x89\xc9/t\xa19u+%wka\x0f\x8a\x90@$\xe4\xe7\xc1)\x8a\xce\x8e\xfeg\xef\x9a\xee~\x8f\xc2Jh\xc0}\xc1\xd5u\xcco\x0f\xff\xe6\xf8\x90\xd1\x91\xb5\xab\xa9\xfdC1\x83H\xc3\xd4\xd6tI:\x9dZ\\c,\xc4\n\t\x899\x9eB\xf1k(\xac\xaaq/eC\x03C\x89_\x12\x12s\xeb\xbb\xc2s\x93\xb1\xdf9\xaa\xfc\xba\x07\xb9\xd0\x12\xe4\x9fg\xbdU\x88\xb5\x1c\xdc?P \x9f\x85\'\x94\xab\xbek\xdc\xb8A\xc4OI\xea\xf9\x9d\xe9\xffW\xb6Qtcud\x1e\xbc\xd6\xa0\x84\xf4\xaf\xa68\xa3\xa4\x9e\xc0\xd7\xb1\xfb\x8e\xbd[\xd4\x18\xb8\xacK\xfa\xfcM\xafnw\x08\xe2\xc4+\xd4V\xce\x9b\x1f=\xb68F\xfbg\xd6\xf8E\xe8p\x9b\x0f\x9c\x1b\x85\'S\r$\xb1\xe7o\x91@\x06\x7f\xa5&\xb7\xbc\x93\xd3\xf5\xcd\x86\x9e\xe1Z\xccsO\xa6\xaf@\x1bZf\x06\x1e\x10/gJy\x97\xab\x8a<\xd1\xdfKW\xa4\x1fO\r\x0bG?i5\xac\xad\x1e;\xef\xe1L\xcf[%\x14a\xc6\xc3j\x08WV\x0fZ\xe4|\xc1\xf2L\x84Vk\xb6_\x86\xe2#G\x07{\x98\x88\x96\x0459L\x97\x94\x9c\xb8\xd3\xc1\x00\x10\x95\x7f\x08\xb6\x0c\xd8|=\x07\\9H\xcbl\xe4F\x9cz\xef\xfb\xbd;\xe1T\x1a\x1ed\x98\x89i\xc9"\xe0\xd2l5$\xee!A\x0e\xa8Bo,\xbd\xe6\x1d\xae\x16\xb3\x1f\x11L\xfc\x0f\x8e\xce\xce\xa1i\xfa\x14\x1f\xe5o3\xf7\xab\xac\x99S\xd2\x80\x85r\xe0=G\x92\xc6\xdbd\xb8\xf1A+\xbeW\xd4-h"m\x92w\x9d\x86f\xcdw\x82><\xc7\xea\xd4\x1f\xe3\xb8\x0f\xb0\xb8\xe8\x1d\x8d\ts^\x1a\x88{\x91\x9cB\x1f\x8cZ\x84\xf1\x8c\xdf\xdef~\x97\xfe\x10\xc5\x86\x83ud<\x80$\xea\x9b]\x19\r\x99\x9c\xd5\x1a\xf9\xabq9V\xd5\x99\xf2\xb4@,\xaa\x01"\xc3\xf9\xc40\xa0\xcd\x15\xae\x00\xf2[n\x05\xf4y\x0c\xac\xace\xbe\x90]\x82\xed\x9c8U]/4|U\x16\x8c\xa17\xc13\xc2\xaf\x89CsC"8u\tI\\\xf2b\r\xfejg\x93PP\xb6s-k\xc6\x12\x8b1GaSp\xe6\xe3[\x82\xd8\x1d\xd7%\xebCn\xc0\xf9\x08k\x0c \xd7\xe5\xbc\xaef\xc9\xed7\xea\xef\xb1X\xd3Jd\x02\xc2\xab\xf1M\xd8\xbd\n\xa5_\x00|d\xa7v\xee\x0b\x9eD\xa0/\xb5\xde\xfa\x9di\xb9\xc5\x16P\xe0,+8W\xac\xe1\x8b\xd7\x0e\x89*\xc4&~,\xd4\xce\x86\xbf\x08M\x1e\x1c\x81\xea\x90\x04!\x83\x050\xb7)?\x1a\x84\x1e\xb3#\x1b\xd0F\xe3\xa4u\x96\xe23\x82\x08\xd9m\xc5w\xe8ul\xdcD\xa3\x0b\x13\xf2\xc6\xabun0\xfe\x06\xa8A\xd6\xa4&\xa5\x14of\x004!\xe3YFB\x8a}T\xab\xe0\x16\x05\xa2\xe2\xb9\x99\xd4\xc8B[\xb7~\xe4\xe0D\xf3v\xd9\x8c\xb4\xa3;\xed\x90\xe7\x8cOt\xcc\xb0E\x07\x82\xe5C}X\x97\x9e\x19\x9d\xea\x1bz\n\xae\x00y\x02\x81\xc7\x8d\xbfw\xd2\xa9s\x86U\xdb\xb4\x18\xdd\x95\x82:\x1fm2Cq\xc0\xeek\x96\xcc~\xaa\xf5\xc8\xce\xff%\xc0\x1e\xbc\xb8\x00\xaa\x88\xbeL\xc59c\x9a >\xefN\xd4\xf8\'2\xba\x10\xc7\xca\x17\x9bp1\xc7\x0f\xebA\xa7\xdbS\xf7\x1d\xe6\x1bV\x0c\x80\x00j\xc6\xf1A!vD\xed(Y\xc2\x0fy\x03A\xc6XZx\x84\r\xf4\xba\x1c\xa5\xb8\xd5\xc8\x08\x9b\xc5\xdf\x1b\xaa\x00\x97\x1c\xa6$\xfcB\x1a:\x06x\x16\'\xa5\x15\x81Enx\xef\x98\x18/\xae5;A\xb4\xa4kAVJu\x9de`1\x8br\xfedu6x=(\xe0\xe6\xdc\xea\xf2\xee2\x0f\x84\xd4s<\xa6\xfa\xdd\x85\x95i\x90\'\x99\x04\xd2L\x10&\x17\xba\x87\xf2\xf7nW\xbbp.\xc1\x87\xdb\xaf\x07\x91\xbfT\xda\x88l\x92\xf3\xb8z\x0c\xd8\xe8\xd6>#\xe9\xcfIS\x1fk4UF\xd4\xd5\x01\xbb\x02\xd4\x81i\xc0\x03\x92C\xa3\x87\x96-\xfa\xb6\x0b\x08/P\x9b\x8frL\x85\x9f\xe5W\xc3\xd5Z\xb4Y-\x0b3\tD\xf4+\xaf\x00\x17(\xd2QZ\x10\x91Z\x1d\xf0:\x9c+\xea\xbc\xfb\xef\x9bJ\xd9"g\xd6\x9a\xe4~\xf1\xc0x\xc6\x01T\xf6\x7f\xcf\x15\xd0z\xed\xffG:mp\x05\x92z=\xfa\xf7\xe247\xbdo\xc9\x02_\xd1-\xc5\xba\xd3A\xc4\x03\x0b\xa6\x8e\x96=2\xec\x0b\x96\xd4\xcck Z\x9c\x18\x9e\xe0\xeb\x1b\xd9\x00A\xbd\xb0I\xad@\xfcy5A\xe0\x85\x073k:oY6I0\xdbd\x14\x9d\xd6]\xbf\xf1Sq>"\xc9Q"K\xbf,`\xe7\xd6\x89\xa1\x85n\xfc.\x14\xfe\xa4F\xcc\x17\xf5G\x17\xe1\x00\xa6M C\xef\xa1\xdb\xb2-e\xcb=x<\x0bvV\xc4\x12\x920e\xac\x80\xd6\xe7\x1d9\x83F\xfc8:J\xee\xdf\x93\xbb\x0b\x9d}\xee\xaa\xf0L\x99\xdcr\x13\x05\x18V\t\xbdS\x0c\xca\xa3\x070B\xdc\x15\xa0\x0b]f?;\xf0*~\xa1z\x9ew5\x92>\\\x0cYk{\xeb\x89:$A\x9bd\xa2,\xfe\xdf^\xde\xdab/)\xe8a\xb4\xb10;K\xbeN\xae\xa9\x80\x05b\xcb\xc3^\xd4\xa0\x9b[\x1d\xbd\xaa!\xa5\xff/\xba\x96\r\xda7\xcc\xa1\x85\x9f\x94\xceW\xe0\xda\xd4\xc1V\x1c{\xb2\xca\xd2\x00\x05\xdb\x90N\xdb\x942\x8dw\xf20@\x9d\xe0\x9a\xc9\t;4\xcdA(\xb3\x8a\xbao\x9b\xc0\x0e\xbb\xe4\xea\x15Z\x1b<"\x16\x05\x9e\xce\xe2^U]\xed\xb2K\xb2\xf4\xb3Q\x8e\xed~=(\x89z\x11\xe7\x11\xbeC\x02\xb2 \xf7\x15;m\xd7\xcb\xf6\xd8\x12\x81\x05\xd9\xa2\x88\xd1Ek\x94\xe6\x94\x8f\xe5\x85\x05ef\xc1x\x1c:E\x12\xf6\x80e\x8a\x15\x8a\xe7S\xfe*|\x14]Q\xec\x13n_ \xefU\xcfe\x8f#H/~QLVM\x08\xcf\xd1\x84\x9bb\xb6\x1b\xf4\x03 \tTW\xa9\x06\xd4\xfb>V\xd3x\x9fU+\x1dY\x97\x7fklyuT\xb8X\x7f\x9b\xa1\xd97\x19\x18c \x1b@\x89LADM\xeb\xc6\xbc\xa4\x8a:\xdf\x06R\xc0p\x06\x80@R.h\x93p6\xa7\xbd\xf5\xf4\xb6\xcd\x83T\xbaX9\x08\xcf\xa5\xc4\xacsso\xe8*\xca\xcd%\xfb\x02\xcf\xfa\xbe\xbc\xcep\xb8U$D\x99\x00\x9bv\xb8\xec\x87?L\x7fu"\x0b,\x1a\x10J\xe3\xe0\xab\x06Oz\x99\x13\x92\xc9M\xc0;\xfb\xe5\x07t\xed\xbb9\xc9\x1a\x954\xd0\xa4b\xcd\x03g0\xd3\xb0N\x1f,zXy\xc8\xc2\x96\x12\x98\xe2[A\x02\xc1\xd0\x83V9cvd\xe2Z_\xcf5\xdb\xde\x9f\xf5\\\xf9\t\xdf\x06\x93[7\xc1%c!W\xfe\x05|p\x96\x88\xf0O\xe5\xe9\x12|#\xfe\x94H\x9f_8f\x1c#}\\\x84\x02Q\xad\x85/\xc4\xce\xee\x12\xd7\xe3\x9f\xce-\xa1\x10\xd7\xf6\x01*\x87\xb2\xc3Z\x87\xe8-\x9c\xbe;\xd8:\x96\x80\x80\x87\xa3\x7f\xae^\x0b\xa8\xf7\xdd0@\x93\x92\x8a\xb7\x80\xa5\x1e\t\x06\xba\xbc\xd7\xf9$\x9e\xb2t<\xe5\xa04{\xa6\xf8\xf8r\x1c\x7f\xe4\x06\t\xcbxx<z\x8a\x81\xbdT\xc9\x1cb\x199HJ]\xa7\x88v\xef\xcc\x1d7rI\x7f\xb6\xb0<\x85$\x88\xc8\x08\x7f\xe8\xd6J\xb2\\\xe2:\x9dh\xa6Y|D)\xd1\x96\xfa\xef\xa8\xa9f\xac\xbb\x9e\xd6\x99\x18\xa6\xa3<\x82)k\xd3\xb9\x85\xfd\x143\xe7\xc3C\x15FTE\t\x1b\xd1\xec\xbf\x0e\xe2\xf5\xa6k\xa8z\xf7\xa9\xd7\xebA-\xc02\xb6^M\xe8u\x94\xdb\xb1}\x8a\x14\x90H\xc4\xd7\x0b\'x\xd3g\xaeCK\x8f\xa1\x98(\xac+\x87H\x839\x87\x1ap\x92\xdb\xa8\n~\xc5\xb1H\xf0\xc8\x02\x18.\xeb\xa7\x88\x91\x0f4\xb1\x1f\x11B\x02\xe8\x81\xa7Z\x1a\xac\xa6C{ t\xf9\xd7\x8f\xafZ\xbf\xa6\xf2\xec\x8bj\x8cit\xb0\xdfX\x9a\x86p\xb7O;\xca\xe0\xa1\xb5\xe6\xc9\xc4\x14\xedy\x82 \xe6U\xe3Y^V\xc0\xdeJw\x99C\x87\xa5\x9bd,a>\xd8\xab\xb4\t\x8a{o:o\x9d\x87\x11p\x86L\x07(\xb0\xe7+r\t\xa9\xffw\xec\x96]!\xbe2-p \xa6\x19n\xd2u.\xb7\xbb@E\x83p\xed\xa1;\xc5k\xe1\xfe\x1f\x04\x01\xf1\x94M\xba\xc1\x89\xc7l\xef\xeayOa2\xb0(}\xe9\xcd\xeb}\x00_7\xd3i\x931\x01\x92\xad\xe4D\xc6\x97Z\x1b\x843\x12\xa3>l?p\xb2\xaf5\xe5\x08\xb7\xb9\xb5:\x12\xc5w[\xf4 T\xc4\x16\xde\xce(\xfds\x042\xc2\xc7\xa2 [\xd0ME\xf0W\xbdJY\xdcNf\'S\x05\xa5i\xf4\xc5I$s\x1fu7QE\x1a\xf6e\xb9\x9e\xb8"7\x12\x88\x86c\xaeW\xed\x1dc:\x8b\x0b\xf5\xef\xb1\xb1\x18\xfc\xf8i\xdd,\xcf\x8a\'C&Gg\\\xa3\xf5$l\'\xe9\xce\xea^\x14lV\x9c\xcc_\x13v\x97\x92W\xb9~\xb8\xfa\xf7!\xc0\xa0n\xf8\x02H\xd8\xe9#\xd7\x87j\xd7(\xb3\xc5\xe9z\xea\x168\xa22@\xf2M~_\xf4\xd3,\x16\xc3<\x88\x98\x95E\xce\xeb&\xa4w\x1b\x08\x14^^\xcf\x0bK\x0b~\xee\x92\xecr_\xaa\xe7\xff\x96\xc7\x0f\xec\xb6\xff\x0c\xda]\xd3\x92\xfc\xeet\'\x92IU\x1c\x1eV/\xcd\xed\x07\xf4\r\xfbs\x8b\xf2\xbf\xf7SV\xd1\xc2T\xcb\xc3\x845u}{*<\xd9r\xcfnA\x91\xfc:W\xe5\x8b\xb2U\x05\xf0\xf1W8\x01\x1f\x1c\x84\xa4\xcaQ\xb7\xc04\xa6%\xcb\x9ch\xc0\xe2f\x10!\x8a\xa7o+\xdd\x8cJ\xee\x10\x1ci\xd7\xc1Y\xef\xd0\xef\x1fK(\xb6\xfbs=\x95\x05\xb0\xef\xac\x8d\xc5\xdeW7{\r\xab-\xcah\xe1\xbd\xfbv\xb8y\xfae\x12?\xe6"\xfb<\xef\xd6\r\x92\xcc\\\xe7\x9c\xef\xe7#6e\xd4\xd0\xb3\xa8\x12\xc4\x98B\x07xk/\x01\xc4\x07\xf1i5~\'k\xa6\x19\x04\x7f\x93B\xb9\x89\xaa6F\x865$\xb2`gf\x1c\xe3)\x08\x9f\x1aoK`]e\x1c\x00\x17\n)S\x83\xaf\xf217\xcc\xc9J:<\xb9\xc3\xf6\x9a\xce\x14\xaf\xa2\xab\xd9\xcf\xf1\xfc\xa0\x8a\r\x1f\xd2%\xb8\xb6\x17*\x1d\xbf\xc7\xc0\xe8\xe2/;\x9ba\xbb\xc3\x04J\xa0vx\xd6\xa1\xcc\xab\xbb\xeb\xe0\xa5\x1a\xed\xc9#\xb7\xdc\xcc\xb2\x05\x9b^\xfdt8\xf4\xd8\xb8\xe4\xd6\xd6ZT%\x1b\xf5\xb4\x8c3\x93\x9d\x84\xebXo\xa0\xf7\xdau\xaf\x16\xb2^Xg\xca\x97\x1a\xda\x13\x00FD\xd3\xb3\x97\x85\x19\nE\xbaZgb{\x99\xea\xfe\xf6Hz\t\xb4\xb6\x0e\xbdd\xbcf\xb4\xb8\x1f\x81\xad\xd9\x0c\xe6\x829\x07x\x92\xb5\xb3Z\'\x90\xf7\x1a\x0f\xa1:\xfcse\xc1\xd9I\xda@R\xa1\xf5\xbf\x00\xf9\x17!/\xb4\xf0\x95-\xec)\xa2\xfd\x82\xf1\xee\x11\xf8&jo\t\x8b\x8dAI\xb2M\x81\xbb\xd4y\x90\xb7x\x11\xa3\xe0\xb9\xb2\x9f\x0fF$\xa1\x07\x1e\x87\xb0\xd8qTS\xdd1\x85F\xe4\xca\x03\xe1\xb3h$\x9ed!y\xc0\x00\x7f\xe8\x17\xd1\x97U\xcd\xf2\xff\x88\xbb f\x05\x97C"\x98\x15\xe4\xd7\x17\xfe\xea\xd7Ev\xa4\xa1\r\x8fZ\x12QRmh\\\xac\x8e\x053\x17\x15\x04mRv\xb9\xf1_\xd5\xa3\xbd\xaf\xbc\xca\x81\xdduv\x13\x9c)\x023p\xe5\xdd(\xfdV2W\x84\xa2bX\x1e@\xd9\x19\xa3\x0c\x7f\xbd\x86\xe8?Z+\xac\xa0y\x004\xd9*j\xb3$2\x12Z\xe8\xc4\xde\x82\xda\xc5\xdb\xec\x917s\xe6\x00w\xcb>\xe9\xd3\xb6\xe8rv\r 1+\x82\x82\x8d-?\xac\xdax:\xb5\xaa\x02\xf7`E\xe8vU\x82\xce\xe4$9\xe5X\xae\xbf\x88L0~\x8e\xa2\xbf}\x12b\x15n\x88\xb4\x9f\xd7\xc0\xe6\xa6\xbdS\xff\xdd\x8b\xcdl\\I\x89ap\xb1\xb2\xebF\xbd\xa2\xd6\x8b\xb32\x0bQ\x85\xf3V\x86fQ_\xde\xbcq93\x8dKjZ\xff\x8d.\xf381\x82-\xadg\xb1\xc2\xdf`a\xac+2\xdb\xed#\xe0\x13o\xb8\xca\x92!\xfc\xdf\xda\xde\x89\xd0)\x02\xa6\x04\xab\xd1i\x9e\x0f\xa9\x15a0\xb9t\x92\x04pb_r%7p*l\xd1d\t\xea\xcaI2\x9bem\x11\x0e\xec\r\x97p\x93\xd0\xd9\xb2f\xa6\x0e\xf7\xe3\x01\xc6V\xef_\xd0kM\xbd\'\xf5\xca\xa6\n\x0bv\xe1\x92M\xa8\x9cv\xaf\xba^\x84W\xca\x0fr%\x1b\x0e2<\x06\xcc\xd2;\xeeAl^\xbfU\xe6Z{\xd2^\xa01\x92~A\xf6\xb5\xa2EG\x8cjtEf\xf2+*\xef=k\xefH\xa5\xdc\xf7\xa6#\xdeOD\x8e\x85\xe1\x1e\xd2\x0c\xb3\x1c\x1e\x92\x1f\xb6X;\x02\x7f*\x91\xc8\'\x92\r\xe2\xc5\xb4\x9d|k\xfelf\xb8\xa7pI:{n\x1d\xd8\xf6\x99\xee\xbe\x02M\xa1\xfa\xd2\x01\x1f\rY5\x86\xb5uq\xfe\xb5\x01\x93X@\xf4B\xbd\xbe\x87tpn\xe3q\x89.n\\z\xc1\xe7\x19\x00Sd+h\x82\x0e\xe4\x00\x1b\xbe\xc7\x0c&hU\xf1\xbc\x93\xd4F\xce\xb8E\xfb\x1f(Te\x05\xe9\xb8N\xa36@\xf2\xb3\x12\xc3\xbe\x17\xe0 1\x86\xc8\x04t\xfd3rkpI\xb9\xcf\xe0\xf5\xcd\xea\x01\xe3\x16I\xf9{\xba\xfe\x8d%\xec\xe5\xbb\x7fW\x982\xf2<\xd0\x16\x89V\x8c{k\x19\x02\xceE\x8f\xd7 E\xb12R\xf9k\x9a\xd9\xfc\x13n]ff\x06\xe2kN\xaf\x94\xbb\x06j\xb4\xd8i\xb6oX%X-\xe4v6\xba\x90\xd2K\xd6\xb8O\x9b!<\xe3P\xc3C\x96e\x13\x17\x881\xd3\xe4<\x08\xf0@H\x9bA\x1cO\xd8\x04\xd3 \xe2\xe6\xfaY\x87~Q\tp\x9d:\x14\xe0\x0e\'\x9e.\x0b\xed\x8f\x96\x9c\x8a\xa0\x0fI\x96\x17j\xa1Z\xec\xb9\xef\xd2\xe3\x0c\x16\x966voK4\x87~\'\x88\r\x7f\xb2Y\xa4\xabE)\x88\xa3C\x86\x9b\x12\x83\xb6\xae\x9bp\xf4\xbf\xfc\x05b\xd4\xach\x93\xdam\x8d\xeew\xc2\x83uEK\xd8m$\xce\xff\xc0\x83\xd5\xfe\xf7\x97\xeby\x1f\xa6\xb5F\x8e\xb5JL"\xec\xe6}a7\x7f\xff\xf2\x10\x8de\xee\x1bt\xd32\x87\xdc\xd7m\x1b\xab\x12\x08l5\xbd\\&\x10\xba\x15\xa3[\xe5\x0f\xc7fgT\xaaAP\xb6\x01\x134\xfc\xfa\xfcPr\xfa\x04B\x82w\xc8\xcaMU\x0b\xf6\x0e<\xf9`\xc61=\xef\xff\x10\xf2\xf5\xb5\x19\xc4\x01Y<\x89\xfa\x8c\xd7+\xbc\xd8\xbf\xb3\x18\x07\xb10\x81\xec\xfcx7\xd5\xebhX\xf4\xc4 \xacZ\x8b\x17\x03\xee\n\xc0w9\xeef\x0ejs\xdfei\x128Y\xcc\xdb\x8ak\xf9\xb6eM\xbdXJ\x18\xaaH\x12S\xab\xca\x18e\x80J\xb5A\x81\xb7S\xcaT\xbaM\x03\xb16\xa1"\xd4\xe2\xf43\xc9+\xc8\x05\xcb%\xdbw>oz\x17\x86\xcaf/\x86^(\xc8\xd1c\xe1?\xb6\x17cq(|\x85&p\xe2\xbc\t\xb0\x81t\x1e\x16\xbd\xf8\xf6\x8e\xda\x8bv\xd2\x03( s\xf4\xbaX\xf5\xac\xcbeAh\xa8\x05\xcc\xf6cy\xca\xc8\x1c\xfaI\x8f+\'\xe8\x9a\xde\xe3fPr\xe9\xfe\x80\xfa\xc7\xfe`\x04T\x9b<\xcc\\\xae\x03\t\x0e(.\xc3\x84og\xd9\x08\x0c~\x9dO[\xb3\x04B\x0f\x9b\xbf\x8a\x81)\xa3,L\x7f\xf4%lIfA\xaf=\xfc:\xc9\xf3\xcb\x95\x12\x92"\x8f?6N+\xcb\x9a\xa7\x85\xf2\x87(\x1bE4zO<\x15\xb4)\xb5\x9f\xd7\xf39\xf7\xcbV\x11\xad\x97\xca\x87\x19\xe8%\xfc\x9d{\xd9\xc9\xa9\xb8 \xd77\xb9\xc5\x7fKe\xd5[\xba\x18nG\xb6\xc7\xdcTK\xb9x\xb4\xb3u\xf2\x85\xca\xa7\x13!}W\xd9\x03\x8f\xa7\xcb\xe4\xd1\x13\x18T\x9f\xa1b\x1f\xcb\x9e\x18i\xdfjA\x12vfB\xe9\xe97K\xfbW\xe6\x94\rK\xbf\xb4\xd8H\xd2\\\xd5\x95Z\x8ay\\Q\xc2\xdd8\xf4\xe5b\x05\xcd\xaa\x87\x88\x90CF\xe0$\x8a\xdc\x84%\xfbE\xde\xed\xbd\xd3\xa0M\xe0\x85\r\x90\xd7\xd8\x0b$8\x03\xab\x80p\x17#\xaa\x80o\x16\xe9y\x0e.PQ\xf8\xfc\x02\xdcQ\xd2\xb0\xe1\xd1\x91@\xd9\xad\xc6\xa5\x89 \x17\xeb&\xbe\xa7\xa6vk\xdd\x8c\xfc\xa3I\x91u\xa7F\xe1\x08\x0f\xcfi%\xadq\x9b*\x99\xeb\xfd\xef\xdf\xd5\x9f\x8a7\xc2\xa1%1A\xa35\x14\xc2K\xaa\xd4\x89|\x01\xf3\x0bs\x9fs\xd2\xc8\xa1>\xf0H\xcd\xdf1\x0bJ\x9d;\xad\xa4\x8d\x1fC\x14\x1e\xc7\xfd2\xff\xc1i\xd8T\xa4^\x8c\xb6\x0c\xaf\x81\xbf\xa5\xef)C?\x8df\xc3\x1a\x88\xf9{\xb5\x0e\x0b\xb7\x94{4\x8d\xba\xc6D\xe72\x9b\x9a\x03\xb0\xc9\x97pD\xa8\xe84B?\x81\x16\xa8WS\x91)!\x9eg\xc7\xe2Z\x17M\xd0\xd7\x13\x17\x02\xb8\xfb\x9ajK<\xdd\x89c\x18\xed.o\xe2W-\xe4\xf2\x12|\xc8\x96\x00\x15\xbe\x8a\x89\xe5\x94\xc0\xb97[\x1d^\x90~\x1f&\x1b\xd0S^X\x9f\x1f\x1d\xb7d\x1e(nV\xd2p\xb8\x17\x94#\x13\xb9\x11\xc6\xa0\xac?\xad\xe4\x97\x90;\xb9\xde<\xac*\x02Z\xd6\xc4[\xc9\x99,y\xc0\xc4\xf4\x1b\xf8\x8b|\x9c\xee\x89\xa6\xdb\xd8\xf4\x12P\xe6d\xfd[{PTjfN\xf9W\xdb5\x9d\x04\x94\xd8\xe2\xb7\xe1\xd4;h\x89~\'\xe9\xe5\x8b\xc5\xcd\x10\x01 S\xa3\x14dQ\x91\xa7\x92\x98\xc7\x89\xf1|\x8bA\xcc\x9e^\xd1!\xdd\x05z\xf6\xf6\x8e\xfe\x02\x93c\x93za\x07\x8bC\xce\x91>\xc0\x1e\xd2\xd4\x10\x1fegd!\x85\xc8\xc5\xd5\xb2\xd7\xaa\x04\x82\xca\xc0\xc9\xdb\xd5fT\xfc\xaa\xf8\xaa\xafK\x98@uj\x7f\x04!\x9ex%\ti\xa5\xd4\x06\x11\r\xa5x\xbc\x10g%2\x14N8m\x9eN\x95\xa4\xc3\xba\xde8\x93\xfdme\xb50\x8a\x16lMRG\xe6\x1e\x0f\t\xf7\xc5!f\xb8c\xed\x8fG/?\xf7>\xc1\x96\xb1c\xa4\x10^\xfc\xc3\xdf\x92F~\xf5M\xb9z9|j\x08\xc3\x1eh\x86Bg\xed\xde\xb8h\tI\xff\x10+\x00Y]\xd5\x81\xd3\xc3b|vd\x17(\xb8N\xd6j\x04\xc1\xe2\x1bh\x9f\x9f\x11\xc6@\xfd\xa3[N\xe8\x1b*\xe4\xe3t~m\x0e\xb9S\xda\xa06\xe4\x04-u#\x03\xac3/\x94\x89U\x97z\xb52\x0b\xcf\xa4\x8cQ!\xe5\x9b\xc3\xeel\x07\xd8\xf7\xa3\x05\xe9R\xd1*/\xca\xcd\x84\x01\x94\xf6\xe2fW\xbe\xfa\x88\x86\x10\x06\x8c\x18\xcfZ\x91t\x82\x14h\x06\x01\t\xb8\x8f\xa6\x0c5\x05\xc2\xd9\x97\xa8\xd6\x17\x8e\x13\xc9.\x12\xb5@\xba\xf02\xb0&\x97\xa30\x8b\xc3\x9e\r,\x99;m\xec\xc5y\x03o\x000\x1fBs\xd8\xf2$\xc8\x1a\n\xeb\x84\x0f\tH\xe5\x01EG\xcb\xd9\x8a\xa5\x16\x19\x8b\xbb\xd0\x96X\x14/\x05?\xc4\xf5,}\xa3\x93.\x1a\xe1\xd1\x18\x07\x01M\x9f\x93b\x10\xdfo\xe2\x0f\x8e;\xfc\xa665w\xf0vm\xc0\x17\xe9\x99\x9b\xe7+J\xf0a\xa8(X`\x18\x8bU\x13\x18\xf6\x06\xb7\x9cy\xb5d\x0c\t\xf8\x84:?\x11\x97EC\x06\xf3\x0cT\tA\x84\xa0\x11@\x8e\xe6\xf5hT\x0f\xc2\x8d\x80\x08\x01\xc8\xe8Cs\x90\xc2\x8d$\xb4\xa4b\xb9Tc\xc5\x97P\xa6X\x1e\x18<\x1c\xf6\xf4\x85Gh\x04\x81\xbd"\x07\x0c\tE3\x11\xac\xd0\x03FR\xc5\xefYO\x0f\xa1\xb0\xd7\x1fj\xa1\x92\x88e\xf1\xdc\xb2\xd4\x0e\x87\xc2\xb0\xc4W\x98N\xe5\xfc{9\xed\xa6\x89:\x1e^\x92\xb1Y\xec\x8b\x1a\xf4\xee\x9e\xe60\xae\x84\xd1\x11V\x0fJ>!\xe1\xcf\xd8W\xce\x99\xb6\xc9u\x1e\xd2\xf6\x95\xa9XJ\x05F\x1e\xd5nA\xdd\xd6f"\xb9\xfdF\xc0\xbd.\x8f\x1f?\x90\x9b\x0cI:nH\x92\x16Ut\xd1.,\x87{=\\\xaf\xb2\xf5\\F\xc9\x86\x90oU\xa3F\x7f\xea\xd3\xd8\xb6h8\xa8\x07\xff8#R\xe8\xb5`\xb0\x90N"\x99j\x04?.\x18\xa3\x94S\xc4\x83\xd6^\xc9\xb5Zn\x9e{\x1f\xf5%\x1e\xcfN\x10}\xb7*\xf2\x07\xa5u\xc7\x97\x1fh"\xdb\x97\xb6\xdf\xf8\xb8\xe5\xb8\xc5\x12\xf67\x8eYf\xf3yG\x9b/\xdd\x1c\xdfNr\x1c\xaf\xa6\xd9LC\x1dMg\xc7\t+J~\x8f\xf3\xf7.9\xe3A\x13"\xc83\x80\xcd\xb4(\x18\xa4\x8a\x8b\xba\x97\xd7P\x07\xda\xd7?\x97)\x0e\xa7\x05(j\xc2\xc8\x13\xb7\xc6\x17\xe1\x82\xc4\xd1\xc8z\xcdO\xdb\xd4j\xed\t\xd8\x03\xdf\x00\xdf(o\xadY2J/\x92\x06\xce\xe2t\xbf+\xa2P0_\x11\xe5a9\xdf\xa6%\x12\xdd\xdc\xe68{\xca\x80\x1a\x93z\xc7\xd3\x96\xfd\'\xeev\xa6\x182,\xab\xab\xc2\xd1\xebf\xa1q\x82\'\xebFnz\x97\xdbM\x95\x03\xf8_\x9e\xd9\xd3r#\x91\xf4#h\xd0\n&!\x97\x18\x0ek\x94\x83\xf5\xe5\xeb\x146\xbeJ\xf0X#\xfeE\x9e\x7f\xda@\xd5\xa2\xcb\x83\xa97Pe\xa5r\xbb\xca\x87!\xa3?]\xb0\x10cFA\x9c!\xec\xb8\xb0\xef\xf5\x0b[x\xc5\xbf\xb1\xf4|\xceL\xbaM,\xbc\xba\x0fa\x8026\xabGf/\'J\xec\x07\xac\x997\xf10\x13\x1e|i\x8b\xf9x`,\xab\x81\xb1R\xd3\x07\xa2[\x10\xb9\x1c\xb4\xdc\x17BE\x87\xd5\xb3\\\x1dA>\xc1\x87\xeb\xea\xab\xf8H\xbf\x92Xp\xfc@n\x86\x887a\x8e\xc6\x97\xc5\x14F\x97d\x9a\tg]"\x85&Ve\xef\x84\x81\xf7\xc4\xc4\x8d\xc3\xf4\\\xd9S:\x8a\x97\xb2\xfcIh\x82I\x17-0\xf2\xe4%/\x16zQ\x8b\xf8\x83\x8fc\xb8l\xa2\x9e\x0b\x93\x1e\xd6\xecY/U\xcbf\xfe\xd6Q>\x95\xce\x0e\xb3\xef\xf0\xddS\xcd\x91\xe7\xa7z4;F\xe6\x18\xb9\xfe\xee\x18\xe9\x06\xcf9pN\x11tT4M\xe6^~\xb52 \xc9R\x8c\xe7\x96w,\xb5\xd7}\x1e3\xf5\xe4T\x8eQ\xa3\x1d;%\xa4\xabBY=\\Pg\xa9\xf0\x04<\xaa\xbf\x9b1\x19F;\x97\x1c\xfd\x1e\xa0\xdb\xe9\xbc\xf3\x82Q\xe9\xfa\xc3\x9eg2\xbb\xb1\xa49gs\x91L\x89[\xd0o\x12\xb9\x1a\xa1Fj\xf3\xb0\x8e\x9c8I\x07\x85\xaaV\xd0\xa9\x17<\x85\xf8\xf2\x1a\xb8&\xa3\x05\xe5\xaa\xd8\xbfn\xbd\x8f\xf5j\x86\n@\x89\x0fV\x16\xd5\xbak\xc1}\r\xf7\xf6\xc7\xa2U\x86\x8b\xb6\xa2W\xafs\x18\xf5\xec\xbe\x83\xa3\xd84\xc5FM\x84T\x10\x8d\x8b^9\xd9_\xab\x88^\x85\x03\xdb\x83\x88K\x18\r\xc5\xf2F\xd9>\xf4\xd7z\x86\xd0\xb7\xf5K\xb6\xee\x18hw\x81\xf7\xbf\xa7\xedC\x02\xd5!rv\x12\xd0j\xb5\xdf6\xad%\x81\xc1\xc0\xed?\x1b\xe2\x98\x11\x00\xc9\xe4\xeb\x8cV\xe8`\xb8.\xd1\t\x9b\x1a\xe6\xb6\xd6\xbb\x80qs.\x92Rpp\xca(=\x83D\x8c\x17\x9b\xc0\x16q\x85\xdd\x1f\xb7\xa9A\x95\xc2\xdc\t\xad\x95\xb7W\x03\xda^}6x\xed\xfc\x89\xa6\nA\x92\x95,\x8f5\x84\x13\xf4\xc3 \x00\xb2{Pz~j\xb65\xe1o`\xc8sK$\xacG\xd9\xa3\xa7\x03\x89\xeb6\x0b&\x9b\x8c\xd1\xc5\x11\x01\xbaU\xc3\x00\xd1\x025s\xb5V\xda\x8d/\x87eU\xa3if9\x17\x1e\x1a\xa1\xf3\x90\xd9q\xa5\x05\xc6\xe2\xa2\x0bc\x0fE\xcc$\xadzY\xff\xc2uG\xc8\xe8\x91\x8aD\xd9\xbe\xa7\xdc\xcc\x08\x1d4\x99\xda/(\x96N\xb6g\xfbJ;\x1d\x87\xba\x10\xb3{\x1a<q\xaaB\x80\xf7~\xc1\xb3\x9e\xed\xac\xe9 \x8a\xcf\xfc\xfc)\xa73\xddd\xe6d\x1f\x88\xcd&\x7f\xb8h[\xed\xc1Q\x98q9+-d\xaatD\xcf2\x08\xe1&\xd9\x8air\xb8F:3\xbf\xac\xb6X\x98.\xdb\xbc\xa5h\xfd\xe1\x8fv\x98\xd0V\x15\x99\x1e\x0c~k|`\x9f\x85nZO\x8a\xcd\x98\xaf"\xd7\xb5\xd0"%\xdeB!!-\x12I\x80\x0e\x85\x900y\xf0)\t\xa6Z\xa1\xe8\xd1\xfd,\xec+=\x18\xb1\x1f0s\xde\x92\xd5\xc5\xae\xd7X\r&A\xa3?\xd9\x189"\x15\xeb\x92\xf9\x9c\xd01\x86\xfa\x1a\x04\'\xc4\xf7>`NI\xa3\x80\xf5\xb9c*\x80\\m\x1f\x97\xc9\xc3\xccy\'\xae\xac\xb9\x95{\xec\xab\xb3\x14\x81E\x123\x02u\x7f\x8a\xad\x96\x94\xa5\x0b\x18\xef\xcc8!A\x1c\xffo6\xe6\xc8F\x03C>~Q\xab\x06w\xa1\x82\xc6\xa5\x0c\xb2\xaar!\x9at\xed\xb1\x08\xea\xb5\x9a\xc6\xecb\r\xaa\xdb\x1c\xa1\xc8\x03\x7f\xaf|\x9f\xa6\xba\xdb[\xa7\xa1\x06A\xfb\x856E\xde\x96\xf6\n\xces\x9b\x1d\xa0"}\xb7_[\xe1\x14\x7f\xea\x14\x97F\x0c[\xbf:\x92jL\xc63l\xf9\xef\x9c\xe0\x84\x07\x8b-}B\'\x05\xed\x1b\x87\xe5\x8b\xe2\x97s\xd2FA\xeb\xcbR\xb1\x83\x8e\x15\xe36\x0bz\xad\'-\xaa\x9a\x808.\'1\xca\xd1w\x05Q\xb9P\xddc\xa2\xde\xb6\xd9\x92\xa8\x14,\xb2\x89\xb4\xb2\x8fv\xd9\xc91\xd1jNS\x19\xe3\xe9#\x19E1i\x7f\x18F\xe8\xe1\xe5(\xfer\x97x_\xea\x84\xa2#\x8b\xb9\x14P0|\xf7a+\x7f\xd1>lIs\x10\x8f\xbc \x97v\x96\x08\x8b\xe2\xbe\xe8\xab\x83$\xea=L\x01\xc7\x0c\x83 \xbf\xcd\xa6\x19`\n\x9e\x1a\xe8U\x88\xf2\xad%\x00SN-]\x191\xa1\xc5\xe9t\x18\xdct\xd3\xde\xc9\xf94\xe9\x05\xf1\x80\x98\xf1\x93\xc8\x8dTy\xbd\xb1o5\xf5\xa7\xda\xbd\xf4j\'n\x0fo)\xe3\xe7\x88&ti\xdc[\xe6("\xff\xf2_3\x8f\x98\x96\x86\xde\xc1\xeb\xbd1\xc7\xda,\xa9\xf8u7\xd8\x01\xcd\xf1iP\xad\x87\x98\x8b\xeb\xff\xfe\xb3\xdc\xbe\xbf\x82\xb3+\xacy\x86\xbb\xe9\xd9N\xa0\x9e\x1f\xc5\xeb\x92_\xfd\x8a\x95\xfb\x9a\x1e\xa8\xbe6z\x96\x08w\x0bPoa\x80\xf7\xb1vI"\x0f\x06u\xef5\xdb\x87\xa0r\xea$\xf4\xa1\xea\xbdU3*\x9d\xb0z\xbe\xde\xbd\x1a\x19V-\x89\xf95\xe3\xc9clHMJ\x10\xfa\x01\xcf\xe1\xf2}\xd3\xcb\x17\xc5o5u\xd9x\xc7\xe8\xad\xd6\x15\xfc\x13]\xc8\x04:Je2\xf2\x9aJ\x9aS\x86c\xe9\xd8W\xc9\xa8\x12\xa2j3\x93\x9aB\x83C\x8de\xdb\x9b\xedT\x81\xb8\xd5\x10<\xa39\xfeU;\xfaD%l|\\\xd1v\x84\x0fvK\xea2J\xd6\x92\tA\x89\xbc\xe6Z\x86\xccm \xe7y\xfa_\xc7\x93[\xba\xbd\xca\xab\x12\xca\x86\x9fq\x05\x84\xeb\xf5\xcf\x8c\xb2&\xe8\x04\xb4Y\xeaYaEN\x96t\xb8\xaf\x89\x1f\xcbq\xa7@2\x98\xec\xc2p\t\xa1\x04^\xf2\xda\x96\xed\x0b\x1b\xbb\xca9\x8a\x08@\xf4{N\x1c\x01\xe0\x9f#\xf5\xb7QF\xd3$\x0e\x10\xb7\x87\xfdK\x9c\xc8!RG\xc2\xd0("H\xb4\xcfQ\xfe\xa5\x9c3]w\x7ffIU\xd9\x7f\x8f\x9a\xef\xaa\x97\x83\xf4\x013<\xe3\xb8\x11\xfa\xf6\x9a!\x94\x1d%\x86\x11\xb9{\xf1\xde\t\x19\xf1\xc4\xc0\x0c\x15g\xf8\xfb\xc4\x9d\xdd&\x15P\xc4\x07\x7f\x0eT\x84\xf0CvI\x15\xcayf|U\x8eU\xe8\xf2!\x0fl\xeeTn%\xa4o\xe7\xec"\x10P\xe1\'(9\xfc\x17j\xaf\xd6\xe8c\x02\xf3E/\xf4\x0fK%\xda\xbb\x06\x9cR\xeaq\xb3\xb3\x1dW#\xdf\x7f\xd0@5\x18,D\xb9\x15\x7f\xeeY\xaf\xf6\xa0\xd6\xc7\x04\x18\xce\xf80\xa0\x02\x07\xbc\x94\x1dc\x0b\xe4\xf8kg\xb6\xc5\xc7\xc0m\xbbr\xcf\x8cP\xbe\xfe\'\x05\xeas\x06\xda\xf1\xef\xfc\xbbUBd!\xe1\xf7\x0f\x86\x1c1>\x87\xaa\xc5m\xd3  \xe3\x0bn\x0b\xb3%\xa9\xf6\x9b\r\xc5\x0c\x88\xecG\xce\x86\xe2F0\x84\xdeq\xe6\xe6\xad1v\xfe\x8e\xdd9.<\xbfWM%\xe9\xc2\x9f\x82\xa3a\x9d\x8e\xa2\xfe\xa2\x87_\xfct\x87\xffg\x89\xeaS\xf4kT\xa7S\xac|\\\n\x0c\x0e\xef[\xb2b\x97\xad\x1c\x91Q\xc0\x17\xf1\xb3NK?\n.\x86\x88v\xc2^/\xdb\x9e\x15]\xaaK\xf3\xbes\x14\x81k;\x83F\xf7\xa1\xca\xa4\xbf\x90\x0cM\xcbz\x80R\xfbno\xd4!]\xbd\xa4\xbbR.)8w\xdd\xe4\xbf\x91x\xde\x8c\x9aL~\x8e/\x91Y\rki\'\xb0\x95\xfeUsP\xe4\x88n\x10\x9c47\xbb\xda\x1e\xb6\x0e\xb4E\x92"G\xbb\xd9=O\xcd8\xd2\xf7z\x05\x08\xda#4\xdf)\xad\xe7\xaa[\x9c\xd6\x07(L\xebM\xe7]\xe1HA\xc3\x87\x81\xab`\xbf(#\x1eG\xb2\xd1\x7f\x9c\xc5\xc7\xae\xfey\x8f\xfc\xfe\xbb(\xb9^\xd8\x87\'\xb8F\xe8t\x14u\x80\xee\xc7\xdf\x82#\x13\xcec\xd3\xb9_x\xf1\xbec\x8b\xe2\xa9f&\xee\x0e\xfb"Q\x0b\x8b\xc6\xc0b\xc5\xe7\x81\xb8Q\xdd\xca\xdd\xbaM!\xfd[\xc3y\x1c\x9f\x94J$x \xcf\xf8\xd5P+\xc6\xdc\xe6\x87M\x01\xd1\xe1\x88\x87\xd4R\xac\xf9\xd8\xb9J\xb5\x11vs\n\x88\x90Zy\xee\xabHe\x86\xbe\x01\xec\x85\xe3\xe6\xc7\x9d\x16\xb8O\xf0|\xdeo\x8d\x89\x8f\r\x9bO\xd7\xc5\x86\xdc\xc7O7\xb4f\xa1\xaf\xccQ\x11\xaf\x10^\xa6\xec\x904i\x0f\xaaP\xd6\xda\tql\x1c-\xe8\xbf\xb9\xf4 \x96\x92\x0e\x1fL=\xa70\x11\x9eR\xf7\xca\xc8\x9e\xf7\x7fg\x94\r\xaf\xaeY\x0c\xcd\xe7\xe9\xef\xc6\xa8\x92\xb89\x9d\xef1\xf0\x1dj\x1dw6\x06\xcf\x87Q\xd4\xcc\xc8\xed\xa0\xa1\x0eEk@\xb6\xd7\x1f\xa8\x18\xdbS\xef6\xfd\xd3\xa3\xc6\xf2\x02\xbd\xa92\xdf\xd1\xcc18i 4\xb7ZM\x07\x1b\xc5\xb3\xc7\xecUJ\x08%\xe0\xf0+\x00\xf3i\x94\xc0\x94\xfe\xa7\x13#\xae\x02sAJ{+\x92\xa77\x86\x92!p\x90<\xad\xab\x91\x19b\xb8\xca\xac\xed~r\x99#\x9d\xd1\x03y\xc1i\xf4\xd7\xe4T\xb2\x92\xfdF\x9a\xc95\xa8\x08\tSp\xc9QY%1+\xa7\x0b\xbag\x18\x1dt\x92El vH#\xb8\xab\xce:,LH]i\x9evv(\x00:\xec\xbd\x99J\xad\xc2\xc5X\xa3\xeda\x01\xe5\x9d\xfd=Q\xfa\x95r\xa6\xb0\x8d\x19\xf1\xbd\xad\x07\nE\xdd\xc1\t\x95\x85\xb7i\xe5\xe1h\xb9\x8b\xc14\xea)k\x9b\x8cz\xc0\x88\x9ba\xeb\x08\xa5;\xeb\x98\x0cjRz\x16G\xd0w\x17\x94\x99}\x94\x84\x18YD\x8fS(f[S\x08\x97\xe4\x86\x9e\x0c\xc2\x8d@+rRehh\xd4\x8b\xf4];\x9a4O\xb4b\xeeM\xc6\xe5\x03BS\x9e\xcf}\xba[\'/\xf2\x958\x96c\xdc\xdaG\xd7\x9e\xc0\x8e\xa5[\xd91h\xf3\xce\xbbJ8o/\xa7\xec\xde\nK1\x11q\x90~\x9a\xf7\t^\xdc\xcbP\xdbF\x1b\xb4\'\x0e@p\xa2.6k\xe9\xb1\xfc\x90>g\xd1\xb3>\xe8\x951\x1aXQ\x97\xfc\xa9\x14|h\x99l\xcd\x1e\x1f\x9b\xd5b\xdc\xf6\x01\xb6\x02,\xf2\xc73aa1\xe8\xc7\xb5z\xde\xd5e\x976\xce\xc9\xd83\xa85\x14y;\xc2\xe5|\x0c\xf5\xda\x00\x98k\xf8\xb5\x7f/\xc9\xe8wI\xca&\x81\xfe\xa8\n\x0f&\xf5R\xbd\xba\x83\xf2\x9b/\xc3\xda\xa7\xc1e4\xb5FL\xa0S\x15\x17\xd0\xdd\x1dw\x14\xc3\xc6i\xf5#\xf1\xdc\xc5\xfb\xc0\xa7\xcb\xefA\xdaZ\xb7\x89!e\x1f\x06]*\x11\xaa\xe1\x15\x9aPH\x85}\x9f{{\x85\xccbZ\xfd\xdd\xaa\x9d\xaf\x80Ti\xae\x98_\xf2\r\x04?\xc2\xd7=\xf5\xebEL*9\\M\x10b\xbd\xde\xf1p\xf9\xc5\xba\xe6gr\xa9\xa6\x9b\x1d\xe0\xbb\xc3Vt\xfa\xd1g\x1b\xe6@R:\xeb?,\xe0\x9d\xb9$\x91Fh\xa6\xab-\xd7QB\xf7\x1c\xd8\xeej*\x18\xae\xba\xd0\x94\xa7\xf6\xd0\x9c\xed\xd0\x07i\xbe\x8d\xe4\xdf\xa4\xd7\xd8^\x08\x00\xa3\xf2\x12\x15\xb1\xa5\x831x\xde\xac[\xf17cA\xae\x1c",\xb0H\xb13\x12\xfa\xe5\x8d\x92\x9bGr\xa0F\xf9#\xd6\xa3]\xaa\xab+q\xb2wi&u^\x90l\xc4\xb9\x16?\xe9P\t\xf3\xb8\xbb\xa7\xb4Y\x16\x9b\x10\x95\xc0\x17sz\x19\x99"^\xf9\xc7\xe3*\xba\x8c\x04\x85\x8e\xa7*\xb9\xbe\xeb\x1b\x8a\xe3\x959\xb9\xbfR\xd0\xb5\x136B\xb8\x0e\xec\xcd\xebJ\xd8\x911\x87\xbb\\\xba\x0e~W \x1b\x8bo\xf6\xd5\x15\xf1\x80\x04P\xa3\x02\x8b\xa3\x07\xd4!\xa2"\xe0f+\x96\x9f\x9b\xf1`\xed\x02\xe0\x99?8\x04p\xdea\xf9|\xee\xafO\x7f\x19SQ\xd4\xda\x1e\xc3(\x0eKiw\x19\xb0g\xc70\r\x86\x91^K\x1f\x8d\x86\x0c\x82y\xe2 \xb6\x86\xba\x15\x92\xd0G\xc4v\xba\xc9\x15\xa9\xb1\xce\xd4\xba\x05\xe2~o\xc0V\xd7\xb4\xa1@\x05wT{sy\xad\xdaK7\x8dG\xe2\xffDC\xce\xa6\x14AR\xc1\x9dKS\xb3=\xdd\xb4*\x13\xac\xad\x06X-\xe3\xe3c\x1asn/\xb9\x18-\xc4\x0eCJ\xf0D/V*\x98S\xf1\x04\xf2\xdf\x0c\r\xceM\x00\xb3,c\xc8\x1dp\xc6c\x1b\xe7\xf1\xaaI\x08a\x19\xe2\x86\xd4)\xff\xe4\x8a\x01\xc2b\x94E\xaa\xcc\x82\xcc\xa8\'\x81\x04\xfb\xf3>\x8c\x02\xc8\x94\xba\x9f\xd4:\x03oP\xfa\xee\xee\xe0\xe7\x15o\xc6q\xcby4\x8d\x11\xb2\x0e\xdd\n\x1e\xcd\x9d*\xdd\xf2\xd9pS\x0e\x03\xf8\x08\xe7N\xc1\x96K!\x90\xcfk\x04p\xeaAbl\xeb:9A\xb8\xd1A\xed\xc9\x0e[?\xcb\x901!\x9c\x93\x87\xd4cM}9\xd9/8\xde\x94\xeb\xeeQ\x0c\x14\x01\xc6\x02:\x12>\xc3\xd8mG\xc0\x9c\xe7\x81\r\x11\x9b]\xf4\xe9z\x93\xf0\xcb\x0fw\x92\x1e%\xd0\x82m\xf9W\xfd\xf9\xdc#\xd6sHy\xe1MF\x06<\xbc\xe1\xbbX\xd1q\xcf\xda\xc2\x99 \\\xb2\xe6\x01\x9f\x81\xed\x95\xb1k\xfe\x8asT\xce\x15\xaa#\x07\xfd\x00\x97\x01\x1e\r\x87\xc2d\x1f\xfd|\xcd\t\x16\xfd\x7f\xc1\n\xa1\xca}\x9a\xc8\xaf \x91+\x15\xf7\xad\xb6\xe8\xcem\xddA\x1c\xa4]nQCY\xc1\xe0\xc9*\x93%\xf7fi\x0fI\x8av\x83\xfa,\xa4\xe2d\x8c\xb1`]\x14\xbce_\xca\x10q/\x07\xd3\x00m\x9aG\x08\xd7|/\xe2\x84D\x03\xb2\xe3N\xa7q\x80\xff9*v\xeax\xe0\xaf!"w\xf6lm\xb4\xe1\xa5V\x18\xace%\xac\xdd\xaf\xf7\xd3{dZ\xa0\x7f\xdf\x107\ns\xb5\xdd\xd6\xf9\x9cA\xb6\x89\x8c\xc8v\x07\xda\xech\'\xe0\x81f\xce\xf5z{\xa0\x9eJ\xc7-tBO\x83\x91&x\xdc\xdcK!\x92\xd8h\xcd(\x97KzO0\x7f\xe9\xd2N\xa4\x1c#A3\xe3)\xe4\xae8\x1b6\x1f?\xeb\x1e\xfft\xed\x16{\x16N.\xdd\x94W0\xe53\xdfF\xb0\xd8.\xaf`D\xc7\xa9\xbfb\xf1M\x88\xbcz.H\x10\xcd\xc5\xe0\xfc\x87]\x95x\xfby\xca\xf4\xcd\x8di\xc1\xbd\xaa\xd2?\xf0\x85I\xd3\xa8:raN\x9c\xa7~\xa5\xc7\x82\xe0\xf0+\x07\xf1\x07Ta\xc2\x83|@\'\xf4\xe56\xa1\t\xd9A\xaf\xe7\xf62\xe3K\x12)\x13R\x99Z\x94x\xaa*\xfe\xe7\x84\x03\x1f\x99\xb7\xcc\xe2Y{\xb0\xfa\na\x01\xb8d8\xee\xa5\x8d&\x88\xa7\x9e\xb6\xe2\x93r\x19\xcb \xc5J\xef;\xe0\xbaa{f$\x02\x84\x0bHO\x97(Qn#r\xfc2{\xafVXS]\xd9(\x96\x00\xbd\x17q\x08\x1f\xa5\x10\x8b=`\xce\x97\xd7\xa5\xa4L\x1a\xd5\x97m\r\x890Ux\xcc\xb7\xdc\x90\xdb:\xf4\xe8N\xe0\x11\xcc\xb1\xf9CU\x93\x86%\x97pS\x01\x17\xb0\xd6\xb7\x9aSV\xb7LF\'?\xb4*\x11\xfa\xf9T*\xa5\xaaT {\x08\x82.\x15$\xc8\x1c\xcf\x17\xcd\xc6B\x8a\xc8`\xb9==H\xa5+\x16\xc1o\x08;\xbb\xd6\xf0\x94\x0b\'\xb5d\x88*/\xe1\x13\xc9s\xa0+\xdf\x05\xa5\x7f\xc8\\=EP\x03\xd7\xb2XE\xe6;\xfc\x8d\x1d\xc0sr9\xa2Q_\xc2\x92\x1c\xf0\xf9\x99\xb5\xf3+\xd7x\x9b\xb3(\xd2is\x0f4\xdd\x18j\xcc\x80Y\xb73hu\x88%v\x8a\xad\x8b\xc0;(\xc2\x88K\x1aP\x847\xc9u\x96\x7f?\x91\xc0\xfc\xbb\xd1\rj\xa4%\xf5\x8fX\xbaKlQ\xa5\xba}d\xa6\xc8\xd8\xd3\xd4U\xf7\x85\x8aE\xe7D\xae[\xb4\xa3\xc7\x96,JR5|\xd1\xb9\xc3\x04\x8a\xb2\n=\x83m\xee\xdf\x1a\xfd\x86\xd9u\'\xef\x01+\xca7\xf5\x1e\xcbS\xee\xb0\xcdT}\xaak_\x18\x10\x96\x11Te\xa2\x9b0\x14!,!/\xc9d6\x03[\x86\xdb\xa6n&1=ip!eV\xa2\xac\tn\r\xe5"\x86\x10\xc2\x9fe\xc4\xae\xe9\xc8\xfd\x1a"\x0cz\xbe\xf3]D\xd0\xe5\x96|\x81\xe3S\x14p\x0bb\xb4\xb4wP<c\x90w\xa2\x16U\x97B\xb4_Q \x806\x0c\x12l\x90t\xeb\x11\xd8\xa4\x08\xb1m\xe74\xe1\xf6\xa4\xf9>\x98\x86IG\x8a\xb6E\xe1\x18\xecByo\xfe\xa9\xd4\xb0\xa9\xf5\xf4\xe7\xf3 \x00\xcdb\xd7$\x17L\xeeEP\x04\xa0CbX\x14\x12\xb6!\xc3\xd4\\\x9aQSus\xa0E6\x85&N\xec\xbb\x04wX\xff\x87%\xb9cc,\x96\xb9"\xa6y\x00\xae\xd1\x96\xee\xdd\xc5L\xf1\xbe\xf4\xd65_<[\x18\x90\xde\xe6\xab3\xc9\x07\x14\xa6\x1f\x81c\xa2\xa9X\xbe\x80"\xc3eP\x8fB\xf6,\xea\xfb\xdb[\x18\x1c`C\xa2\x94)oV\xcb\x02\xae\xd3\xe2\xa1J\xfdL\'\x1f_\x9c\t\xc2\'\xe9\xfd\xbc?\xe7\x8fr\x18Q\x87\x8eH\x9e\xe6\x96H*\xdf_>\xf2?cx5\xf49\xac\x84U\x1b\xad\x84\xf8\x12\xd1\x88#\x96\xcb\x13\xa0!\xb0~\xb7\xd0k2+H@\xd4J\xbf\x9c8W\x9b\x80tK\xd2.I_\xd6\x00C\x03\xaen$}\xcc\xf4}Z\xb9\xedp^\x16U\xd1\xe7|\x8e\xe6\x98N\xa1\x81\x14:\x14\x94\x0e\x87\xc1\x91~\x98>1\xb2\x1f\xecH\xde\xba\xafzV\x02O\x80D|\x83\x7fA+Cx\x02C\xa0\x17#3\x9c\x08Xbo\xb2\xe6\xa3a\x08\x1fO?\xafz\xc0T\x7f\xb2\x1cZ\x0baQc\x91\xb3\xfd\xbe\xd8\x04\x85\xe6\xc0&\'b~\xd8\x88\x85\xd9\x98\xc5f\x08\xd2#g\xc4^\xd2\xbcw\xae.\xff\xc3\xe0i\x9b)3\x8eD\xf18\xf3(A\xe8x\xe5\x99\'\xe64\xc7\x1d(i\x7fQ\x1a2\x03;\xbc9\xa7\x10\r\x18/\xfb;\xec_\xb7T]Z\xe9n\xf6\x93\x87\x14o\xde\xee\x8eB\xa0\x80\xee\xb0\xe1\xc6\xba\xb8\xb0\x0c\xbe"\xfb\xb1\xe8MD\xcb\xf4\xd4$\xdaZ\xc6\xb6\xce\x13\xa0\xaf\xb5\xe3\x9b\x91\xc4Z\xcb:\x0f%\xb4\x8b}\x15p\xe0?\xf2\xd84\x1e]\xde\xdc\x05\xb1|\xde8\x88\xa0\x1d\xf9\x88\x12\xf4c\x04\xab\x88\xaee\xc7\xee\x14\xfen\xe0\xc8I8\x0e\xc5\xd6\xceru\xd3\x02`\xc2\xf8w\xe5%\xc5\'\xfb\xbc_\x91"mV\xd4\xa1\x97\xde\xb0\x1c\x86?\x17nq\xd3\xa2\xb3\xde\x0e{\x88d\x0c4\xe8\x8b2\xb9H\xe8\xc2\x82s\x87\\$\xcf\xd9\xfe\xb9\x0e\x89\xbel\xdcJ\x16A\xb9\x08\xa3/k\xb1}\xe2\xaa\x14\x93\xa7\rtP\x92O\xd4%+\xda~\xbf\xa7\x0c\x08\xefB%\xe5n\xf6;nsb\xc86\xd2\xb8\xbd\xcd\x85Mg\xb6\x8d\xf7\xbf\xe0\xe63s\x92|\x83\xe8\xb0d\xa6\x9e\xb3\xe9\xa7\x1e\x10\xa8\xa3\xdd,a\x82\x1aH\x90\'(C\xb5\xd1\xedOu\x97\xa4\x0b\x85\x13\xabI\xecOx\xc1m\x19\xe5\x97\xac\x02\x04\xff\x91\xde\' \x8d\xc0\x9b#X\x08\xb34f\xd1\r\x94\xd7\xc8\xa3\xe4\xddi\x00\xe5"W\x80:\xe6\xd1z\xc4\xa6^\x9e\x0c#[\xe3\x89*\x1c\xaa\xb4\xbb\x93O F\x14\t\xe2c/\xab\xb6\xc5}1P\x1c\xd4\x80\xe9z\xa7i4N>\xd1\xef\xd3\xb7+\xa0t\xbb\\\xf9\xc7V\xb1Y\xe9\xdd\x19d \xd3\x94\x0fK\x90vS\x89\x01\x1d\x91|\xf4V\xb97B\xdb\xf3\x1d\xc1\xf5z\x83\x9b~l\'\xdd\xedQJ\xf6\x9d\n\xbc\x88\x0fG\xc8o_\x9e>\x18\x0c\x8d\xe6h\x92\x94U\xcf\xde7k?\xc2\xf2z\x81*\xbd\xfaN\x99\xa7\x16\x18\x18\x80Bs\xaa7\xe0\xee\xd0\xc6$\x94z\xab\xe1\xc6kt\x85\x8a\\\x8b1\x02\xe3\xf7n\x8f\xbd\x1b\xf7\xb8O%\x19\xca\x10\xfb\xfa\xf1\x11]\x0c\x10\x91\xd9\x8c\x9f\xab\xac9\xe5\x97\xed{\xd8\xca?L\xa8CO7\xdc\xc8|4\xe2[\xcbuJ\xe3~\xea\x0ce\x98x\xd4\x85v\xde\x96\x11\xfcX\xb6\xde\xb6\xbf\xce\xa9\x03\r\xa4Y\x95\x87\xb5\t\xc5\x86_\xe0\xb1J\x8e\xe4\x01g\xe0i\x80\x9d\xa3\xf9\x80Bb\xb7[\xdb\x16g\xdb\x95\x7fu\xdf\xc54\xd1\xfb\xb9\x1dBBenz\x80\x0f\xe7\xca\xd4R\xe5\xb1\x9b\xdd\xcbz\xfe\x9e\x1b\xe2\x15\x94M\'\xd6\x18V\x14\xe2h\xb94\x9c\xc3\x87]\x0cy\x96\x80\xbc\xd3\xb0\x94\xf4\xf9\x8c3M?\xd3\x1e\xa6k+\xac]\x06\xbaOfx6\x80\xf8\xfb\xb9,\xaa\x9aZ\x9f\xb9\x94\xb1l\xdf\xe42\xb2\x94\x9d\xba\xfa~\x18\xb3\xdfLl\xf3\x0eG\xab\xd3\x8e\xfe\xf5\xff,\x8b\xdcM\xa4lP\xd3\r\xc2r\xdf\x8b\xcf\x05\x08\x80\x84\x89\x8d9\x8a\n\x81\x05\xeb9e\xbc:\xe0\xc7\xa51\xa8\xd70"H\xd7\xf0\x05\xb5\xa3\xc8\x84\xb5\x81\xe4\x88\xa3\xba\x15\x18p!\xff\n\x84n\x13\x01\xb1\xc0\x06\xa3Mx{\x02e_\x065D;\xcd\x12bn\xc9\x96\xe1W\xd7\xb3\x17\x01bI\x0f\x85c\x95\x11\x01*\x81\xa7\xb9!\x8d\xa7#<(\xe7\x8aA\x17\x91<{\xe8zG-\xa8\x02\n\xd2\x94\xa2\xee\x91\xff\r\xc0WA\xe3\xde:\xa7Y\xd6_\x0f\x9bgeT\xf7\x9ceU\xf6{[\xde\xd9+?V\x1dXv\x83\x04\xae\x9e9Q03\xd1J\x94Z\xfb\xbbn\x9a-E\xe0-\x85\x98k\x97\x15\x05){\x06t\xb7\xbeUf0i\x05=\xd2mL\xd7\x91E#b\x80T\x89\x96\xf4\xbeZt75??\xcc\xadX\x9f\xc7l\xa0\xf8E\x08<>\xd5^,\x1a\xf3%x]\x01\x0c\xf4\x7f\xb3f\xc8\x02^Z\x05\xf0\xfd!C\x1d+}\xa7\xd5\x05A\xb0c\x17\xea\xa7sO\xe1s\x0b\x97 :\xb5i\x1d\'i\x94Q)\xffk\xbdm\xf6\x0f\xf1\xb4l\xf3g$\xe2\x9b\xe1\x87\x99nk\x90\x06\xc6Q\x91\xe5\x00\x01\x05t\xb5\x80\xd1\xaf\xa5`\x14a\xa5\xef\xd3\x11\x84\xfd\xd3\xbe\x93\x1d\x97\xae\xb5\xfe\x98\\\xa4\x18\x0e}\x06k%\x82\xd2@=\x8c\x1d\xce^\xd5\x15\x97\x14\x19\x1e\xbe\x19\x18>\xdd\xfb\x8d\xf8K\xfe\xe6\\\x95|\xf8k\xe2\x01\x08\xce\xdb\x94\x89:\x1f\x03\x87A\x98_\xca\xdf\xbeW\xb4,\xb9\xce^+y"\x16x\xf8\xf9J-\xa6}\xa3\'\xfa\xa1\x17\x17~}\xfe\xda\xa5\xbd\xf3"\xd0A\xeed\x9d\xdb\xcaV\x0f\x0e\r-u_\xcf\xe6\x87\xe8-\x7f\xf3<\xa7\x81\x0c\x01\xa3yL(\x95\x81S\xb7d@\xcb\x0b\xdc\xe2\xd8\x03W\r\xe3\xb3\xfa\x8dQ\x98\x01\x90\xe3\x15\xdc\xbf\xb9A\xedV\x835[1\xf0\x1e\xc9\xfc\xa1]\xb2?\tO\xf0D\x92\x89\xf1N\xc2\xd3\x8b\xbe\t\xc1~79\xbfd]0H>O^\x9eOT1\x15T\xee6\xcf\xa9bNtp\x8f\xbft\xf7\xe7\xb1\xdatGP.\xdf+\xf5\x8b\x8d0Rc\x0e}m0\xeb\xe49T\x84\xa0\x9e\xbc;\x1b*\xdb\x0c\xb9\xe6z\xbe\x12<\x8f\x16ag\xc1\x84\xd2&\xfe\xa4}\xfa`7\x8b\x14\x85\xe7~\x19Y\xf4\xc0V\x9c^+\x9a\xed\xd5\xc6\xfe\xc3\x8fQ\x1ac\xa0\xa2W\x1d\xba\x00\x8aN\xfa=\x1ei>\xa5Db\xf1\x84\xe2;\x1c\xea\x8c\x1e/\x99\xffo\xd9\xd4\x04\t{Q\xa2&\xb7mG\x8bvD\xe5\xcf\xa2\x13Wp\x06\xe2\xef<(d\xaf\x8e\xb1E\x95E\x81"\x83\xecB\xbd\x07\x9d\xbc\xd5\xad\xeda =k;\xfb\x91\xc8e\xd4E\xab\xc3+\xbb\xf8\xc4.\xf3WJdO\xde`Sy\x12\xa5\xaeJ\x102$G\xe7\x16d\x9d\xb5G\xb8\x0b\xd0\x81Zt\x1eq*\xe2\xaf\x08y\xd9\xd4\x9b\x1a\\\x1c\xd6\xbc\xe9C!R\xcb\xb8h\x98\xd2\xfe\xd6Tw\x9e2\xff\x08\xff\x7f\x1d*\xcf\xaeK\x19\x9c\x93\xf2~\xa4dd\x1e\xf7t8\xb3\x97e+\xde\xf9F\xfe\xf3}8\x1eo\x8a\x7f\x19\xaa8\x02Q\x17\xc3\xb1O\x0f\xdf\xeb\x8d\xcd\xcc\xdb\xeb\xear\x12*\x13a\xc8\x85\xc0d\x06\xff\xe1\x02j\xe0\x0e\x950\x96\x8f_u#\xdb.\x02\xde.\x83\xf9-\xe0\x17\x82\xd2f\x88\x0bj\x1b\xd0\x0e\'\xa5\xaaf\x13\r\x19I\xea\xcex\xe9R\x16\xb9\r=\x07Z<\xc9n\xf9\xd6\x077\xb2\xa7\xe2\xdbL\x06\x13\xfe\x11\xbd\r\r\x90a&\xca\x05cB\x1a7m\xc4U\xf7\xad\x0f\xc5\xfb\xc1\xed\\|\xf3\xa14\x05\x85\xc0\x97/\xd3\xda\xd3\xa3m\xb6\x9b\x10\xd4F\x04U1\xb6\xc9\x94\x0e\'\x8cHr\\r\x13\xda\xce\xbd\x85\xf28\x1d\xa1\xfe\x04\x1aK\x05\xa0\x9e\xe6\x90^o1)\xa0\x18\x88\xfbs\x8d\x9f*\xd8\x91\xde\x93%mc\xda\xbc\x1a$\xa1\xa2\x17F\xa6\xa0\xb52\xe8\xea\x9ak\x93\xdb\xabI\xfa\x1e\xc65\xd5 \xef\x1a\xcf\x19\x19\xc1\xf0\xea\xdd\xb9\x1d\x93p\xc9\xd4=o\xd9s\xc1\x821H\xe90\xaf\x9e\xa9AQ`\xc6\x17s3\xca]\xe8v\x1f~\x8c\'~\xc2\x07\xca\xce\xb8+_1\xadd\x13L\x15\xd4\x95j\x13z\xd3\x9e\xca[\xc6P\xd4\xaf\xd8\x90\xf0\xabF)9\x7f\xaf\xfe\xe4\xcc\xc73^\xdaoN\xf34\x8a#!\x1a0\xe6\x8f \x0f\xd0l\x85\xa6\xb0wd1\n\xd6\xe2\xfdy\xd3\xc7\xb9\xef4\x90\x9bN\x96M\xdc~pD\xd97\xfdvvUv\x1d~\x8ef\xb9\xf7\x89[^\xf95\xf1\x84\r\xcc\x0bqt5\x90\x16^\xd3\x0c\xd3c*\'\xffL\xfa\x91\xbbcV\xfb\xd0,j\xc1\xd8\xc1[\x1an\x89\xf5\x8b\xa7\xaag\x9diD@\x0cU\xdccL\xf6\x02\xa0\xc4\xb0\xa9*|\xd7\x80k\xd8\x0c\x9em\x97\xe6\x9ft\x9ev\x91\x99[i\x80\x87Q(7\xb3\xc8p\xae\xf1$\xd0\xe0\xe9\x91Q\xd8\xf4\xb18~ISo\x15\xb1R\xfe\xfa\x02\x9a\xa8\x14\x0cK\xfd\xb3-\xc8X:\x01"\x10\x9f\xbb_\xeb\xbaz\xf7}(\x18\xf2"\xd0\xcf\x96\x96\xda\xda\xad\x8e\xc1\xfb\x8e\xccO\xe4S\xdb\xf9\x83\xc77PZ6\x95\xa9\x08f\xa2\x99\xd2\xf6\xf1\x89W\xb5Ox\x0b\xc6)u\xa2\x17\xef\xc2deP`\xc1\xe3\x8a\xec\xdf+\x13g|00Zs\x17d\xf4K\x9c\xf2\xbb\x0b+\x1f!sP\xb7\xa3\x91\x13\xb6\x05\xc0^n\x17%-\xf1\x1a\xa0\x983+\x00\xa3\xc0\xe6t1PM\xb1\xe7\xf7\x0e\x07\xd016\x93\xd9\xf6\xf4\xf0\xa7\xd5T%g\x87S\x15\xea\x0e\xe6\x1c\xb5\x8cd\x14\xdf:\xb08u\x9f\xda\'60\xee\x1cs\x0e\x1e\xa8\x9d0\x941\xc8\x91,p:\tQ\xae>\x10H\xf6c\x88\xd0\x9c\x1f\x8a\x8c\x03\x91\xf2\xb0G\xd6;;\x19\x96(\xcd\x01N&\xca\x8b\xbe\x1f\x8f\xd2S(\xa1*\xc9t\x11\xfb\xa2K\x9f\xac\x16{L\x1eRY8\xa7\xa1\xd2\x9d\xb8\x8f\xce\xf4A\x84\x87\xa4.[b6s\xfe\x91]I\xcb.\xb5&\xb4_;\xd1c\xfb\xfe\xb7\xb5\xc1>\thE|\xd3\xb7\n\x93AQ*\x9b\xe8\x07Q\x01\x8f.i\xbd\xeb1h\x94\xf3\xe3\xea\x83\xb6\xd5\x14\x93e\xda\xf1\x0b\xe6\xa5\xf3\x968>B\xba\r\xb5\xd4\xa4\xa6\x13\xa4e\xeafT\x99\x16\xea*\x98%\x014O\x89\x01\xc6\xf1;\xc8!\xb7\x99=\xd8\x03%uk\xacU\xa6\xf9_\tv\x1e!\xf5 !``\x13Z[\xbf8\xf9\xde\xf6\xaf\x8f?%h\x1a\x03\\$\xd7o\xb0\x90\xfe\x9a\xfd\xee\xfe\x15m}\x97\xc4\x9e3\xbf\xc6\xe0\x93\xaf\x93\xc2\x15\x97\xdf\xc2\xdc\x89\xce+\x0cQ\xa1D\xbf\xbaPL\xb4~\x13U\xd3n1\xd6s#\x0b:\x9c~v\xb8\xd6}z\xa1\xa2\x86L\x1b-\xc16["\xe4\x92u"Z\x1e\x9a\x10\xc8\xde\x87\xa6\xf8\x8e\x81\x01\xd6\xbd\xa1\x9d\xecE\xbew\'\xb2\r\xe9\xb5\x95\xc26\xa3\x02\x1c\x88\x81qj\x05W\x9c[\xb3\\7L!\xab\x8f\xfc\x15\xe4\x0er\xd4\x8e\x99\xb5\xffd\x0e4\xa4\xccL!d\n\x08s\xcd8\xfd\x93\xbbq\xe0\x14\xe8\xbf\\\xd6\x8d\xf1\xebP\xe92l\x85p\xe5\xf6\xd9\xc4\xe5\xdc\x1bZ\xa45\xdb\xe8\xf5\x9f\x84\x08*EG\x04Ce\x98\xfb<9P\x1f\x94\xf2:i0\xe7Y\x9a\x98\xf3\xda\xa8\xe1\xa6l6)\x97\xa3-o\xab`\xb9\x90\xef\xb0\xc9\xb7\xa8\xa4<\x9b\x84{P1\xc7\tl*\xf6\xa4\x18\xc6\xd2\xbf\x02\x15\x16\x17\xed\x13x\xdd\xc6/N?,\xb4\xccM\xfclWH\x95_\x0f\x83\xafr\x14\x9e\x89\x0eu\xeeM\x15`\xbc;m\xc7\x1d\xfa\x04\x12e\x95\';";\xf5!\xdbJ\xeb\x84\xde\xde\x81<\x0b\nng1\xfb\xf8\x0c\xa5\xba\xdf \xe6sq\xfa\\-r\xecO\x93\x8d\x97F\xfa\x95\x1d>\x07\x17B+\x85\xbf\xbe>\x0eu\xe7\x10\x1c=1\xc9S\xdeh\xd8\xefS\xb1\xc4\x04B6`,q\xf2\xd1G0\x92\x0cS\xb7S{\x98\xfb\xdb\xfe\xe7\x82I\xb9G\xa8\x02\xe0\r\x99\xdchb\xc9B\x81\xd1]\x0c\x99@0Q\x98\xbfH\xb6\xbe(&\x16[\x1f\xfc\xac\xaeu\xdb\xc8\xcb\x9a\xf2\xa7N\x06W\x9c\xdcg\xad\xdf\x16\x1bQ\xfc$#E\x0e\xec\xf3\xd7\xf3\xe7\xb0t\x04\x84\xa7\xf2\x0f\x91t\xeb\xd1\xf0\xd1{\x11e\xd8I\x08Fb\xf6\x01C\xdb\xf0\xbe~m\xc9u\x1c\x02\xb7\xdf\xc5\xd7E\xc5\x05*\r\xc3\xe8]ob\x97\'&\xf2OnGS\xdf\xe2V{u\xfaH68B\xb0k\xb8NQ\x1d\xddT\x86\'sB*\xf8\x8e#\xa5D\x90b\xec\xef\xca\x18\xf2\x94\x05\xf0\x07P\x89\xbc3\xba&\xe7=Y\xd5\x85A\x8d\x0f{\xe5\xb0\x9f\xdaOD\xb6\xf8^P[\xd8}\x03k}\x03\xeb\xc1O\xb88h\xa6\xc06\xec_\xf9\xed\xab\x0bX\n\xbcQa\x8f\xcb>\xaa\x9a\xa1\xe0\x9a4\x1e;w\xd7\xfa\xe6\xfeR\x11\xadv^Q\xa7@\x10b\x01\xfd\xf8\xceL\xb5\xf0\xa6\xef\xb7\xd9\xf9\xf9\x03\xd8\xc1\xc2\xabX\x82Z_W\xce)9k\xf2\x11\xb2\x19e\xc9\x0b\xff*o4\xefM\xebI\x8c\xca{J*\n\x80y\xea\xa74\xdb\xbd/\xa6\x95\xbd2X[\xfb\xf6.\xf2\xb4\xd0\x92\xdd\xe0\xab\xa1\xf2\xc7\x9e]\xc8,\x0b~H\xa3\xaa\xb3 \xc9\t\xdc\xbf\x04\x0f\xcb\x8a\x04VP\xee\x16\xae\xcd\xf9@\xb3\x11\xd6?,\xec\xe0\xcd\x8c\x92\xc7B\xc9P\x11\x82{\xe0:\x0b\t\xac\xe8\x18\xb5;;g\xff\x0c7\xd6krA\xc7\x0e\x96o\xc2\x1e}S\x9e\xae\xd0\xfe*<\xaa\xady.\xf3\xdf\x9b\x13o\xab\x94TTS\xd5\xa8n\x19\xba\x8a$\xd8y\xd0O\xd6\xaf\xa6\x81\xd2MO;I\xde\xd9\xc2\x10\x98\xd6\x0c\xa6\x93{b)\xe0\xe2xi\xf1\xaa\xbf}v\xff\x18\x05\x88\x94\xab\xb3\xc3\x91\xb6\xb8\xae\xc8\xb2\xf3\xea\x8cY\xc4v\xf1*\x92\x81\xa7\xbfz+hV\x07b\r \xa9\x92\xe8\xc2\x80D\x07\xf5{\x14\x98\x08g\x1f\xbfq\xcf69\xc9\x01p\x98V\xf2.Y\xb4ui\xf6\xbe<\xd9\xe4\x83\xf6\x05\x87U5\xf1\x85\xd1U\xb7\xc1\\\xf2\xc1\x8a}N\x82\xe6\x89\xea\xa5\x02\xce\xffnT\x9b\xfb_\xcf\xed\x1b\x7f:\x11vr\xces\x14\xc4\xcd\xb7\xc6k\\\x94\x94W\x06\xf8\x1e|w\xabT\x08.\x16ZT\x85\x83R\x96\x8d\xfb\x85J\xb4\xb2u\x8e\x95tR\xae\xae\xa9(*\x96\x86\xc0\r\xa7\xe7\xc1\xe0y\xce\xe5\x11\x11\xb7lW+\r\x07H\x1a\xa8"k{\xcbt9x\ta\xa58$>TK\x1b\xed\xd3\xbf\x1f\xbc\xa9\xeb\\\x94h\xe32Z\x92\x9f\xe1\xd9\xdf/\x8e\x88\xe0t\x8fp8\xe6\xea\x14\x95Y2 N\x9a~:\\~0:\xa4\x19\\\x82\x94\xfe\xb30Z\x90j%m8\x1a\xba\x04\xd5=\xd2(&\xbb\xe0\x96\xb8rb\xbb\x87\xcb\xda\x19r\xc3@S! \x8fp\xb8\x1f\xa6\xab\x9e\x95\xef\x9cC\xfd\xc27`q~\xdc\xe2D\xb3c\xbd\x18\xcb\xba\xa5\x10\x06\xbcM\x8bc\xa0\xd2\xff\xafq\x9c\xe6\xe4\xa0U\xbb}\'\x1d\x8a\xa5\t\xc8\xba\xaa\x8c\xeb~\xbe\xd4\xdf0\x1d\x95\xc1b\xfd\xc0D\xd1\x9e\xa8\xd6]\xe5\x04\r\x16{\xd7\xfb\x0c\xc1\xdd0\x83\xf1e\x92\x87\xe8yR\xc0u\x8b\'U\xb3\xfd`\xe7V\x01\x0b\xeb\xa5\x1a\xe30\x14tB\x9a\xe9\x97\xe9\xeeus\xc4!\x15_+V\xa2_\xa3+\x7f\x82\xf3Hx\xa6T\xf2T\xa3x\x13a|\xad\x18\x1c\xd7\xe1l\x11u\x9c\xa8\x0b\x82\x00w\xcc\xaa\x86R9N\xc0\x99e\xef\x99\xe03\xa6\xce\x13\x13\xe6\x92\xca\xcc(\xee\xcd\xfc<\xd3M\xf9i@\x11 \xbb\xaeKL\xdd\x19\x89}x\x00\xeb\xd5\x04a\xca\xf0\xcc\xfe\xe9r\x04\xaa_2\x01\xa9\x07%\xb0\xb2U \x0c?pH%\nRQ=chT\xc4o\xa8\xaa\x1c\xefpV=\x7fe\x12\x08\xbf\x97\xb9\xca\xfb\xa6]F-\xaa\x9dJ\x16H\x84\xc4\xa1\xf5\x06\x8fy\xf7\xd5\x04t\xd9\x86\xb8\xb4N\xd5_\xea\x8a[P\xc4b\x9d~:\x92\xc54\xdb\xc6E\x8ac&\xca\xed>\xad\xc8\xb3WU\xbe\x82\xdb\xf8\xe5\xbd7\xc5\xe8Z\xaa\xc1\x86\xb3S\x0cY\xf3I\xc4C\xd3^]\xf6\x91`\xa4W{H\xa41\xcc\xeb\x17\x1a\x811\xd2i\x8d\xc6\xa6\xfd?\xeb\x8f\xbe\xad\x1d\xe0\xe3\xc5\'\xc2\x8bV_\xdd\xcc\xbf\x14"\x9b\xc85Y\xf8\x87A\x87\x04\xba:\xf4\xc0\x02LE\xfaf\x97\xb5Od\xc0\xd2\xe0\xb6M7\xe0k\x0c\xeeU\xf0\xbd\x8c\xd4\xa3\x80a\x8c\xc8><\x10y\xe65\x08L\x06$J\xe5\xect\x84\xb2\xa1\x86}\x1eRF"\xb9\x0cM@\xa5\xfe\xe8\x98,\xff\x14\xad+~\xc6\xc2\xd6T\x9e]\xcf7\x02\xef-\xeb\xc8\x88G\x16\xacq\x0fE\x9c.\xe7$\xc1\x02_\xcb\xe2F8\xf7J\xd8\xed&\xbc}\x01\nyLL\xc3\xf1\xc0V\xb0>|X \xbb\xb0\x17rhxZ\xcd6\x99\xc9\x17I\xea-;\xc5\x138T\xd3\x94\x87\x0cm\x91K~;,X\x88\\u\xa3\\4\xf1\xd4\x97\xbd4\x8c>\x86\xe4\x8c\x1b\xa0l~\xe0\x00\x02~\xd3\xf67\x1a\x0eV(T\x99\x01\xfc\xea\xf3\xd0\xe6\x00\xc5\xd1\xd8)\xca\xf8@1i\x0e\xf0%\x9b\xe3\r\r\x94\xfe\x8b\x0c\xdbB\x81\xc6s\xfe\xd7\xfd\x1a\x97\x1d\x8f\xf9j\xf9\x837n\xbd`z\x05\x14\xec\x0fV\x06\x02\xf5\x8a\x92\x16\x07Z\xddRUy\x17\x1ev\x06\xbf?e\x01Nk\xea\xb9\x13\xfer&Z\xab\x9a\x19\x08zp\xf3\x94\x91\x9d[2\x86n\xe4\x00\xe9\xa5-\x13M\x0b\xee\xb4\xbb\x0f\x02\xeft)*\xdb\xa9\xd6c\x92\xec\xce{d\x81/\x1f`\x1a\xbf5\x1a)\xe1\x19\x1d\x1f9\x9e\xc2\x93\xa8z\x8aP\xcf_\n\x9d\x90\xf6\xa7\xf8\x839\xd9\xead5\xa1V{fD\xb8\xfaW6|I]\xd1\xabF\xb7\xb4\x80g\xb3&_d]\xf4}\xdf\x88\x94\xc4\xfe\x8a5\xbd,8\xe0\xe4\x08m*\x83\xbf|\xc2\x82\x1dU\xe9\x04\xdf\xab\xf0\xaa6\xa7O\x05\x81\x13\xb0\x06\xc3\xe0\xdc\xf8]\x06\x02\xcd\'7\xa7\xce/\x15\xe6Y\xd0\x1b\x82\xcc^\x9c\xc1f9sT\xe2\x16\xd0\xe3"\xde\x7f\x08\xe9gTlW\xcf\xce\x96\xd7\xa6%\x16\x04\xa3\x80c\xde\xea\xfb\x13\x9eVx$\x10\x13X\xa9q\xa7\x86@u\xa3\x15_\xb3\xe5\xbf\x91S\x1c\xf3\xca\xa7\xfc\x01\xe8\x08\xdd\xf0Y\x85\xbeDq_\x06\x97L\xdf\xa8\x9c\xc1\xeb\x8b\xbc\xc0~\xf8\xa7\x8f"\xb2\xe6\x1c\xf6\x98l\x84K\xec\xf1\xfe\x08\xcd\x97\x8f\xd7\xe6\x02\x84\xee\xed\'Fg \x8a\xdf\xbe\xc7\xda8\xc9\xd4\xb2}c9<uf%\x18\x154?]\xa6{\xbem\xaf\xcc\xfb\x8e\x07c>\t\xe5`\xb8\xd7\xe7X\xba\xc3\xc1\x01\x14\x83(\x8dv\x9eP\x13\x97\xc5@\x8e\xcd\xb5\xca\xb5\x10\xe7\xf5\xf2(Q\x95\xb2THY\xbe\xaa\x1bU\x7fV:\xc5\xd2\xf2\xf9U#\x88\xad\x18\x1b\xea\x9e\xecC\xa6\xf2/\xb3\x98\xff\xb4G\x11~\x02\xed\x8eY\xd7\xe7\xfc\x99MA\xdb\xbf\xf9(\xe4\'\xba}@\xfakE\xf3\xaf\x04b\xcad\xcd\xa7\xc5\x1d\xb5W\x7f\x0e{\x0b\xd9\xc1\xcc\xdd`?\xfaG\xe0\xa2\xc2\xe9\x9aW\x985\x18\x15\xbc[+\xc1\x07\x1b\xeb\x12?0\xf6\x8c\x9au+\x10m\xf5\xc3z^\xe0\x03\xd5!\x82:\xc3\xc9\x072\x11@6\xa2|\x9f\x8f\x98i+\xe8$\xad19U\rf(\xe2\xc6n\xbe\xb1\xef~\x80\xaa5I\x86\x12\x92\x87\xae\xe20;]\xbc8\x0c\xf5\xb7\xd3\xe8\xd0\xdd\xf3\x80\x99Z\xbb\x88\xbf\xb5H\xac\x08\x0f@\x97V\x0e\xc1\x849T\xa40\xcci1\x8a,\x0b\xf0<\xa7\x9a\x9bY\xd9t\xc5xh/\t?\x16\xce\x84\x00>q\xf2C?H\x87\xa1\xb2\xf5\xe6\xcd\x01v\xc1Bay\x19^\x99QY\xaf\xd6\xe3\xc8m$\xfe\xa7\xc6##\xfa\x7f#2\xe5zpA\xa2T\xef\xe1\x056\xd93\xb8\xddD\xaf%\x85}6T\xd7<\xfbi\x06\x98tN>\xd7J\xe1(-\rNm\xeb\x92\x14w\x120om\xb5\xfa\x8a\x07,\xb2;\x93O\xb8\xd8$\xb7\xb9\xf8\xc5!\x05\xd7^\xb8\xd1\'\xf0Mr4\x8c\x86)\xfbi\x17<\x8f) [SM\xca\xb5\xceY\xe5*\xce}\x90\xae&d\x0b\x9b\xdbx\x9b`\xca\xab\xe3F\xd51\xc3I\x1a\xe9\xb6\x8c4mi\x11\xda\x7f\x84\x83\x1d\xe8At\x08\x08\xb4\xaeu\x1eD\xc34\xed\xc7\x06\xfaySQh\xbd\xa6\x80n_o@4x4\x08\xaa#@\x85\xb0?\xdd\xd1m:vrA\x0cI\xc7\xaf\x10ch\x8a\x1b\r\x07@\xb35\xe8C\xd0\xcd\x86n\xd9\xdb\x84\xaa\xac\x12ny \xcbO\x07\xb1l\xce(\xe0\x9e\xe1\x90H%\x14r\xfe\xc1\xa4\xc3T1.\xaa#\xd0\xf3\xabs\xe5\xda(\xf2\x83\xec\xfeE\xbe\xaf\x96\xb1\xbc\xdd\xe5\x8c\xff\xfc%\x8d%`\x9av\xb9/\x10\xa0Al\x87Xh\xab\x82\xf2\xaa\xa3>\x11\xf7\xd9\xa5\xaf&\x00\xd1\xe0AC\xca\x18\xb2\x1a-\xb6\xf8\xf8Y\x95\x95k\xbb7K^%!"\n\xab\xc6\x81\xec\xb8\xc0\x9b\xf8\xeb\x87\xf0\xe2\xe0\x81\xdd\x12\xb3\xdaF\x0e\xc2}\x7fV\xb1\x0e\x0b\xdd\xb63cQ\x9fE\x055o\xbe||\x19\xcf@Gn\xd5\xcd@d\x1f^\xf7\xe0\x1fK6^\xb0W}s\xaa2N\x13\xbe\xe0\xa0\x00\xae\\\x85\x08\xf0\xa5\xdb\xe4^\x97u\x0b\xc0\x98"}_\xf7\xdd\x99\xa3\x82\x0bUJ\xe89M\xbb\xce\xcd\xce|\xcd\xb2\x06V\x17\xdcA*]h\x98\xe5\xf6\x94}d\xcc\xf5\x83\'\xbb*\xe6\x15\xdb\xbb\x98\xf5\xa3\xcf\xb8h\'\xb5v7-\x9f\xf5\xa1Tm\xe2\x7f\xcb\xb4\x17\x1a\t\xb5RP\x90\x14f\x1ce;\x92\x1dT\xce\xe9@\xe4"\x19D\xeb\xbc\x88\x0e\xd3\xa9\nT\x0b\x8f\x88\x90\t\x9b)\x07\xee-\x1dW\xde\xdfp\xe8\x8adF\xa9V\x86\xa7 \xb6\xb9\x9e\xed\x9c\xd3R<H\r\xfaU\xa1\xdc\x8fT\x12_\xb3*n\xf1\x9b\xfb\xae\x98\x9d\x10\x98\xfcY\xf1\xbb\xa6)\xa6$\t\x8a!L<\xe7\x88lt\xfd\x89_\x9dy>\x8d\xc3\xcc\xf0\x80\xde\x11\x89vlx\xd9\x11\xf2\'pjS\xff\x1f;l\x1e\xb2\x05\xa7\xfb\xc2\xab"\x82\xef\x18\x14\xea\x92L\xc0\xa8j\x9cDFV\xfd\xfaw\x01\x1d\xd4\xed\x86L\xa1\x8c\x9cB\xbe\xb7\xab\xbe\n\xfb[R\xd0\x8d\xb0\xf5\xce\xf7\xfc\x00)Z)ri\xa7\xbf\xb0\x94\x90\xee\'Y\xdfT\xd5\xbd\xf4\xd9\xa7U\xd4\xe9\xfc\xb3M\xbb\xcf\x8a)\x11\n\xb60\xfbESv\x93\xe2\xb9\x00\xe6e=\x96\x13\xd4u\xa8\x18\xe1\xdb\xd5\xf6\xb6!KB\xd6\xe0\xbb\xd4\xfc\xebZ\xd6\xbbam-b\xd0\xc7&\x17Ca\xc61I\xcb\x80\xd3\xc7\xfa!v\xc0\x1f\x0e\xbd\x94\xc1j\xfaP\xccsJ>\xc9\xb9{\xc4B\\\xcd\x1d\x84Y9\x18\x11{x\xac\x83\xe0\xa7_\x10Z\x80\xde\xf98\xec\xba\x7f\x8d]\x18\\\xf1\x92\x9d\xe1_\x8c\xef\xc6/E\xc2C"Z\x8f\xe9\xd9Z\x1f\xa9\xa0\x96\xac\xa2L\x18\xb40U\xd6\x1a\xd4\x15\xf0\xb8\xa7\x1fR\xca\xb3g\x8f\xe1[\x00\x95\xe2\xd7\xbfj\xd0f\xc4\x06 \xe0\x1e\xbb\t$\x84\xab\x18Mk\xa5\x93\xa8x\xdfVU\t\xef\xfe\x977\xbbj\x97m\xf9c.\xc0\xc9|\xf2\x12a>\xd8\xc7\xb6F\xe3\x18[\xa2\xc8j\xd2\x82#\xcd\x91\x8eM,\xfa\xcc@\xfak9\x8b3$\x19{`)\x0ef=X\xd0o\xb4bZ,\x95\xa0\x7f\xa7:\xf2\x90\x9b5\xfa,\xc4x\xd5\x05\xdc\xc7@\x9a\xc7\xdb\xdcV\xfdU\x1c\xe5s\xd3=*\r\xecr\x02NE\x80\xad\xa9\x96\xe8\xe6\x15\xdf\xd6\x91\\\x84rV.?#\x98p(\xc8\xe6\x94\x1a\x88\xca\x11Y49\xe2u\xdc2\\\xbb\x85\xd7@YH\xce\x87\xd7\x9a\x01\xa8}"\xe5Pm\xef^\xe6u\xd6W\xcaZ!\xf2\xa3\\\xc7"=\xb2(Mm2f#\x89\xdc\xe5\x91=\xc4\xdfg\x16\x1b\x8a\xff\xee\x85\xabb\xf7\x0b\xd7\x97\xce\xb2\x0bQ\xd0z\xa5\n\xae\xfe\xdeU\xcc\xc7\xfc\x04\xd6\xbde\x97\xb3n\x86\xaa%\x1a \xdf\x90\xfa\xe0iz\xe3\xd8\x12\x0c\x7f\x921o\xa6\x8a\xeb\x88\xd7\xbc\xba7\x04\x8c^\xd5\x98\x9d\x8b\xfb\x7f\xa0K\xec^3\x19iH\x81\xfcH\xd6\xc4b\xca\x96-rm\x9a.\xab\xf0PP.\x8d\xa9Z\'\xe31\xadz<\xb9*\x08\x08\x05\xaea\x1b`\x1e\xe8<\xa7l>\xc6_ei\x9e\xe5\x00ni\xce\x84~\xe0\x94\xfe\xaf\xad$\x12;\xb9\x94\xbdz6\xe2S\xff\x07\x13\xbfc\xe5\xc4\xa3\xd6\xc7\xe7e4\xe6\x83\xdanhG\xb8\xf8\xa1\xbe\x19\x15\xe7\xae\x0f>\xcf\xb5A@\xa0\xd5\x9c4\xe0\xa1\xa4\x838\xdf\xdf\rwO\xb8\xc7\xe9n\xa1o\xe9\x1f\x07\xc9f\xc0\x12\xab4\x903\x89\x1c3:\xeb.\xc7\xf9$\xee\xa6X\xc1#\x04D\xca\xa7\xbc\xab\xeeDvOX{F\xb7,A\xcf\xda\xcd\xf4\x9b\x95\xd7\xdc\x86\xf5\x7f[GS\xcb\xa4\x94\x8a\xe5\xcai\xda\xd3\xcf\x85\xbd]\x8eE\x18\xe3\x1e\xb4[\xea\xc3K1\xb0\xf4\xe2\x02\xb2\xb2\x1d\x91\x07K[\xdfp\x08-\xb1\xf6iI#\xf1\xd3\xe5U\xdb\xa4\x91\x94\xc6gjP\x80}\xaaz^g\xb2\x1f%/\xbb*\xabI\xf0\xe7\xad\xef\xe62\xc2~\xe9cf\xber\xdf\x82\'\xe1\xbc\xda/\xe1\x18\xac\xc7\xf1\xe1X<x\xe1\x1c\xaf\xe7\x06\x07z?\xd7"eG\xeftP\x06c\xf4\xf8\xdd\x14v8\xb0\x9d\xcb<\xa9R\x92\xa8t\x8aLb,\x1d)RsK2\xe6\xbe\x9a\xdcP\x8fa^~\xe6\x1d\xa5\xb1\x13\x9c\xa2\xb4\xb6\xe7&\x93q\xfb3\x0b\x1a$\x04\x91\xa5\x87\x83\x1d\xca<\x9c\x018\xeb\xa3\xe2\x84X\xe7\x1d\xbd\xb9\x8e\x19\x15\xfe\xb8R0EW0\xae\xfc9\xd9D\xd9\xa2\x9b\xf1\xd4\x11x-\x10\x97\xe9Q]\xbe\xa7k;\x04(h\x17\xdeu\x96\xfe\x94\xa2\xb7\x18\xbc\x82\x00&\x8e\xcf\xa0\x99\x06\xec\xfe\xe2\n\x1f\x8e\x14r36\xfb\xb2\xf61vr\xd1\xdf\xdf\xa4pz\xaa\xd9\x10J&\xfa\x0b\r\x1f\x08\xff\xb2\x97\xaaF\x14\x872\x8d7\xeaxs\xea\xb3@V\xc5y\x1f\x82\xe0]\x840\xe3b\xe7\xb1\xa9\xb2:\x18\\\x8f\x9c\xaf\xe7\xe0\xe7\x15J.1)9\x89\xbf\xa7\xb5\xc6J\xb9\x0c\x1d\x04\xd0\xc7\xe9C\xd4w\xf3zbS\x93\x1c\xdf\x8a\xf1\xff\x01L\xa5H\x8d\x10R4\xe1\xddd7N\xdeE\'\xd9\x01\x1c|\xa8\xb7Y\xc0i\xad\xfb\x939\xbaJ\xfa\x11\xd5\x12s\xaa\x15\x0e\x82\xb7?\xe9$sPw\xa4\xb3`#ip\x97\x8b&$ZRs\xfa\x8f\xad\xb8r\x03\x1c4\x16Gzz\x97?\xc9\xdf\x0f\x9a!4T\xe1j\xca\x90\x00\xba(\x8b\xd4\xaa\xff\x88RsE\xbd\r)Z\xb9\x89]$\xb4I\xd2\xef\x99\xd1;\xc3\xf4L<\xdc\n\xeb\x9a\x8fe\xddF\x03\x89rJ\x00\x8c\x01/\xe8\x13L\x94\x80^6\x18\xf1#\x96\xec\xac\x92\xf2pf\x96\xab\xd5\xfc\xbewv&\xf9E\xd7\x05\xfa3\xf1\xf2\x99`^W\x16\x95\x93\x92"\xc3d\xd7\xa1\xbc\x1d\x87\xe5\xd7\xaa\x9a\x1d\xeb\x8b.]\x04\x0f\x9c\xd2m=\xa31\xf6\x19\xe5\xe2ls\xf1\xf1\xf1\xe6P\x16\xd4\xe5d6UB}\xcd\x8a\xd71;\x8f\x03\xfd\xc1\xc6\xc1\xd8+\x94\xf1?;\xdc=\xa9;\xc1\xfbx\x04:\x12\xb2z<Z\xbdC\xc4X\xa9]P7n\xec\xf0yU\x9f\xbf\x9d\xa0I8;bB\x93\xfa\xb9\x03\xe0\xf5;\xd4\x1fw\x97\xeb+\xce\x7fI\xacB\xeaS[@\x1f"0\xd4;\xfds\xdd\x8c\xea$\x86<?\x8dn\xc7\xb7\x8b\xe8\xf0\x86\x9b\xdd^J\xc1=\x0c\xba\x91,\xe0C\xac?\x17j\x19\xbb\xa0\x93\xef\x86PQ\xe0\xa57\xb0\xae3\xdc\xdb\x8d\xaf\x9b\xb4\xe0[*\xdd\xd3H\xdb<([\'\xef\x11R\xb2\xc33\x08\xb6\xbe="\x1e\x00F\\l\n\xc4\xa0\xb7\xe3\x12\xf8\xcd4\xc9 \xa0\xbc\x0f09\xb6\xc5\x8b\x90\xad\x1b\x0e\xd6]\xb3k:\xa8\xe5\xf1|T=\xefN En\xedRxV\xfa\xc1\x82\x97Pa\xfa\x17`\xf8\xa8\x04,?;\xd9\xbb\x12\xbc\x86\xed\x1d\x918\x9e\x1f\x87\xf9e\x9a\x87,\xf9.\xe7\xf9\xc2\xd3\x8b\xc7>t\x87\xe9\xa0\xeck\x8c\xec\xa3\x838\xd8>6\xa1pb\x8c\xe4B\x87\n\x13u\xafMU&\x9c\xc1\x98&S\xab\x80\xb6 )\xdbBfv\x08\xcd\xabd\xb2\x1b\xa7\xd6\xfbl\x89\xae\xe3\xa3\x80\xaeE\xf1\xc24\xbf\x87\xe8Y\xef\x04@\x96\xc3\xe4n\x1c#wl\x96\xb2\x042%\x9b\xa4\x10HU\x14\xa7h\xd8\x85m\xffY?\x81\xa0\x9d\x90\xe9\x9c\xd99\x9d\xa5\xaa(\xe7\xf0f\x1b<%\xc0\xcf:0,\x9e\x89$\xb9i\xf9D\xe5\xe7%\x0e\xaa\xd5\r\xfbrwb\xb2\x04\xb17\x8ff59Z\x9f\xebF:\xb3 yu\xb2M\xdb\x97/]\xd7\']/\xb52&"\xbf=\xed\xe6\xde2!\x88\x8d\xcb\x80\xe6\xd7\xe1\x1ba$\x04\x94!\xd2\x8c[SPjp\xa9i\xad\xc1\x1b\x7f\xa1\xe4N\xbf9\xceY1\xbc\x00!\xfb\x9fG\x8a0\x99\x88i%(\x9f\x83\xb4\xd8\x02\xbdg\x0e\x05f\xed\x8d\x97\x0f\x12\xcdb\xc4p!\xcd\xa2\xf6\xb4ra\xd5J[\x80\xd9\xcc\xf5\x05\xb7[\x822\xb6q\xfe\xb5fR\xf6\x98`b>\xbdpfO\xbb\x8c[\xfcf\xecA\xc8\xf5\x8c\xc2\xda\xd8\x06*l\xda\x925\xa8\x7f\x8eem\x9f\xd2jm\xcf\xcc\xbfE\x03\xec\x06\x8ff\xef\xae\t\xf7\xbdF\xe0\x04\xeb7I\xe0\x8a\xfa\xba\xcfY\xfc.\xd3\t\xfc\x1aN\\\xb7\r\xca\x1b@\xde\x91\xac\x85$\xb4e\xc2\xf2,\x93Y)\x90$@\xa4\xc2V/+\xcc9{g\x8f\xf33\x81>`\xa0\xe4\xf4\x00\xf3\x12I\xc2\x04\xc7\x05\xdc\x88s\xd9=\xae\x10\x8bC\'3\xdau\x12\xe0\xe4\xa7\xf7V\x8b`\xf0c\xef\x9f\x19n\'\xe8\t.\xaeq\xe6\xc4\xf5\x8f{\xad\x9dv\xce\x91\xccz\xf9\xe4\xdc\xec"\x9aWH\x02\xeb\x88\xa5\xc8\xec\xb0\xbc`\xff\x18\xbcM)y\xfe^C\x9b\xce)\xec\xec\xa7y\x04-)\xbc\xee\xf8\xd0+\xc4\xfd\r;\xbfb"qc\x18\xa7\xbb&\xa2\x7f\xfc\xe9\xbf^p\xba\xc79\xaey\xe3\x98\x83\xd8\xcb\xea\xea\x1e\x7f\xb4\xb9\x1b\xa1\xae\x1d`\xcd\xe6\xac\x13\x83 \xd2\x1b\xafK8s\x8d\x00r\x1d\x88p\x90t\x80\x96\xdc\x91t\xdf\xe7\xdc\xc3\xf8\xda\xee\x92\xda\x8d\x95\x8a\xb9\x1a\xfc\xf5L{\x19\xd0\xbfRrw\x87\x86\xf6\xa0?Eh\x0ei\x10\xe5\x9e\x94\x83=\x16\xceN\xc0-BpX\x1f\xe9\xb2Q\x81F\x1b.\x08\x1b\xffb\x83u\xa6\xcd\x00\x1bA\xc0\xec\x86\xce\xfe/\xa3\xe3\xe5\xd5\xaf\x14\x97L,\x93L^\'\x94\xf18\xb0\xff\x83)9\x19\x9c\x16\x8e\xc4\xf1NB\x8c\xfet*\x9e\xc0=\xe4\xc3\x9d<\xe8\xf3\x89\xb8\xacO.q1\x89jz\x96\x0b\xcd\x97\xaeuM:\xb5L\xb7\x85v\xae\n\xaa\xbd\xc5\x8exS\x15\xc3K/\x9e<\xd0\xfci:\xe1`\xe2\x08\xa3\x16\x07\x05\xbf\x86\x9b\x18v\xd8\xe2\xf1\x91d\x91%sf\xce\xdd~\xfb[\xa9\x03\xaa\x17s\xb385An\x89\x996\x02\xac?o\xae\xb3\x19\xf7\xaf\x0b\x98\x85\x9d\xfc0\x8c!#\xdb\'\xc4G\x9b\x7f\xea\xb8\xd0cA\xad\tU\x02\xd0\xe0\xcc+\xa8T\xf4\x8c\xddP]\x8a8\xeeC\xbbED\xf8)\xd3\xc7\xe7\x88\xf1\xcfk^\x17\x9b3\xe0D\t\xbf\xfcJ\xf9\xe8\xd3\xda\xd9q\xd3 ^\x1a\x87\xac\xa4%\xbd\xab\xb2\xad\xdc\x0caY\xfb<\xcf\xb5\x80M\xbf_\xe2r\xe3TrW\x9b\xd1\xea\xdb\x9c\xdcF\xb2N^^\xe0e\xf5RCc\xa9\x04\\\xc7\xd3\x1c\x1bQ1\xb3\x9eS\xa2;\xa4]\xcbqY3\xe9\xe6\xdb\x00i\'\xab\xc9\x15\xecn\x04^\x97\xfd;\xb3&&4?[~\x7f@\xe4S\x9bv5T\x8f7\xdeq\xd0\x915\xec%\xf9w\xcf\x9a\x1f\x86\xf1\xafU\x02D\x9e\xe2W\x9dwT\xe6\xd5\xa6z\xba\xca\xa5\x94N\x8a|\xa0u\xbeH\xb5/.ms\xe8\x07\xd6`\x95\x17\xa0s\xfbb\xb9\x9c\xcb\x93=z\xb8^sB \x0e\xc1X\xe5\xfc\xbaDQ\xfbJ\x12\x1a:!\xdd\x80\xf0\xe1\xdc\xb7\x1du\xd57\xd1DR\xb6e\xdb\xd9\xf7\xb4\xec\\>\'e@\xe4~[]\x91\xcd\x7f\xa4\n&\x86\xe7h*\xafz\xbc\x0e\xe0,\t\xdf\xc6\xd5\xf0\x12\x01\xf0\xdfzq\x00C\x7f\xef\xc58(\xdf4\xa6\x15JF\xb5\xb7\xa3WD\xad\x03[\x9d\x88\x7f\x91\x99\xe0}\x08\xd2\x1fa\xd3"\xb0\xa1\x83It\x05\xfeI\x02\x96\'w\xc6\xd0\x11\xf9\xc6G\xd4\x17\x0fh\x86\xfe\x94\xceU\x81\xc3\xa5\x12\xf4d4\x15a\xcfY\x8f\xe9\xf0\x1b\x0e\x19p\x03q\xcc\x9f\x89\xe7\x94\xcd\xa5J\x15\x95\xc7\xdd\x83\xfb\xb2\xd1G\xf7P=\xee\xc2\x1c\x86\xd0\x16\x96hS\x9a{z\x81F\x87\xaa\xf7\x0b\x1af~\x08\xfaRaZ\xd3\x98\xd4\xd9\xf7\x9d\x0b\xf5\x95\xa2?\x12\xcc*NE\xa2\x90Yp\xbbr\x86\xcaJ\x8a}\x1f\xf6\xc3\x0b\xd5\xe9\xd5b(\xc0\xa7 \xef\xa3\xc1*\xa4\xac\xb9s\xfa\xc1[\x8f\xf2Qk\xc2\xc9\xf3\x9f\xf7\xc9\xae>{x9I\xf0\x9f\xd7\xc7\x06\xe4\xffeG\xe4\x9bt\xa8\xdf\n\xd6\xfc\x029\xc9\nY\t8\xb6\xf5\xe2\xdbsx>f\xcb2\xc2,\x0c\xb4\xdca\xde\xbe\xf9F\xf2\xe9 \xbcB\x94\xea4/\x96\xd9\xfdW\xc3\xcf\xf1\xd3\xbd\xeeb\xaa\xdd\n\x8c\xc1#\xb4\xa3\xa4\x87\x02\xcaF\xd8\xb6\x175\x16\x8a\xb05"\r?\xde\xd8\xd8}\xb6\xb9\x97\xe7\xd1\xd0\x81B\xed\xab\xbf\x81\xf9\xa55\xd9\xda\x13A\xd7\xe4KIM\x9d\xc38\xd8\x83cD($\xc3^Lg\x1dy\x12\x8d\x98R\x12\xb8|\xe69&\x17M~\xac)K\xdf\xf8\xa7\xeb\xf0\xfc\xd2\x05\x06\xbe\x81\xf2\xa2\x11\xab\xeaNf(\xea.w\x0c[\t\x02\x81l$\xa2\x04\xb1s\x8e[\x15s\xeb.^/\xe7m]\xc2O\x9c\xd8A\xc9\xf2\xffI\x04\x80\x0f\x12\xca\x1d\xe1\xab\xb5&\xff<5M4\xd8\xb4\x97\x99\xac\xd7\x9f\x17\x15\x8d\x1b\xa05Is\x1c\xa1\x90_\x92[.\x9a\n\x0e\xd1I\x06\xd4\x827\xe4\x08\xf0\x05\xc8\xd5\xa9\x12vB\x96#Sy\x81*\xfa\x02\xf3Z\xb6:9\xe0\x97\xa4K\xc0\xbf\x1a\xce\xb8\xb0h\xee\n\xab\x9b6\xc937M\xf0\xef\x14\x94\xf2\xe7I\x83\x9d\xfa\xdf\n\xd4k\x84|\x14\x1a4\x0e]qO\x14\'\xaf\xb2\r\x16\xa9\x99r\xc4\xd6o\x01\x87\xf9o\x88J\x83S\xca\x99|\xab\xee\x07S\xa4\xc7/\xc2\x80`\x03\xc3\x1d"\xccKl\xcf\r\x0e\x15\r[:\x1d\xb9\xac5>\xd4\xf7\xad\xd8\x8dp\xddA\x92\xf3\x1ad\x17\x89U\xd8nW\x0eX\xc0\x0f,\x87\xd1\x02G\xd6\xc1\x0f\x9dM\x11]9P\x83x\x00\xe3\x19\x11\xf3\xe8-\x11\x92\x88\xc6\x137\x84S0\xdf\xc2\x15\xfd\xc9p\xa5\xa3\xb0\xc4>\xbc\xda\xc2R\xdf\xf1\xbc\x93\x88\xb6^\x02\x01O-\xa9]\xb7p\xcbQ\x80\xba\xdaW\xb9\xe1\xf2\xb80\x1a\x85\xef=\x9d\x9e\xe6\x90\x1eg\xaa\x95U\x00\x0f\x9d\xb0J\x83N\x9d!kT\xf9Z\x10\x9cL5\xd8\xc1i\x19s\xe6\n"\x84\xde\xc5\xfd-.\xf9\xc0*\x17\xa9&w\xc3Y\x9c\xd0\x0e\x15\xf17>d\x0eD\x7f\x96\xc5\xf6w\xd4Gxpp\x85\xb6\xa10\xa4\xd0\xff\xf8\xb2\xd8\x88:\xfd\xec\xc3\xec>1\x95\xf4@H\xfe\xa8\x9e2\xedY\x99\xe3\xd7\xd6\x90\xc8\t\xb45kQ5\xc8s\xb3\x02G\x16OK\xef\xd7_\xff\xa6\xe8\x80\x1b\'4\xc1\xb0\xd6\x8bD\xe0\xb8##j\xda\x96\x1d\xb3$\x12jh\x1f<\xc33\xa2\xd7\x14\xac~\x1b\x9f\xd5\x81H7\xe9=\xb0\x9ak\xb8K\x02\xaa\x1f\x1e\xbbQ\x85\xc9H\xaeL\x98\xce\xfe0\xf9)\xb4\x1ex\xfc~\x10*5\xce\xb9J\xd3\xf9\x1eOg%\\\x0b\x0f\x02\x7f"F(\x0c?\xad\xb03\x07\xe2\x80\xda\xc4R\r$\xdf\xb3\xdeP\xbfQU\x90C\xb0\xdf!&<\x8e\xdbEZ\xb2\x82\xdc\xb4Mf\xd6=\'|c\xe7\xa4\x81\x98\xba1j\xb4\x7f\x1eoS\x85\xc3\xe8\x11\xb3z\xbb\xfc>c\x1c\xa5\xd9\xc4 \xdf\xea~$\xc7\x81\xee\xf0}\x8an\xe9\x9c 7]9\xec\x0e\x93\xce\xe7\xfdA\x8a\x99\xb8+\xdbm{\xd29;\x0f\xc6\xb5\xb3{jh_\xa7I\xd7?ongZ3%EO\x0f\xc6\x11\xcbQ\xf46_\x04\xb5\xbd\xb7\xf8\x18\xad\xf4fh\xa5\x81.\x0f\xc4\xec\xe6n\xc7\xde\xb9\x8b\xd3\xe7\xd7k\x0c\x10\x16\x12Q\xf0,d\xe1\x99\x1b\x81\xe5\xaf\xfa\x81\xbd{\x19*/\xd1a\x847\xfc\xb6\x81\x11\xd5\xcfx\xe2\xb9\x04\'_\xda\xbd\xa42\x16c\x12\xeb4\xe7@\xf6h\x83"\xb2\xdc\xe2\xad\xd3P\x9e\xba\x93d\x14M\x97!\x87\xc7\xbc\x9e\xdf,\x13\x94W\xfeTM\xe0#\x02\x9c8\xfc\xf5@\xfbqZ;\x19U\x8b\x16\xc4\xa7i8\xb8T\xa3\xbc\x06T\x8c\xe1\xaaW,\x9f\xd7\x05\xf3/\xc4\xd4\x1a\xdck\xedS\xcfB\xa1\x89\x0c\x1a\xf2(G\x10\x0e\xf0aI\x04H\xb6+\xf7R@\x1f\x9e\x96\xeb\x80j\xf7\xff\xb4\x109pVC\xea\xbb\xe7$\r\x0b\x10\x17\x82O\xabM\xcd\xf7ss\xff_rj\x1e4_\xbc\x94\xf6\xb5\x12\x01\xd8u\xea"\xbf\x81\x08G\xc0,<WVh\xe6o\x8cS\xf9\xd8\xd8\xa5\xe4\xfd2\xff,\x04\xb9\x97\x15t\xa6\x06\x10M\x1dH\xa9P\x9f\x03\xda\xc0,\xf3\x7f\x8b\xee&\xcc\'\xed\xe2\xb9\xcf\xd8\xc0\xfe_\xe8_\x9d\x93h\xee\x14\xf23X\xec\xfb9P\x927\xe9\xaetW\x12\xedG\x00\x94\xd2/"\xa4\x90M\x1du\x8a\xd0\x14`bK)d\xda\xca\x80\xa4"RL\'\xc2\x7f\xd1\t(~O\x17\x14\x9dV\x04\xae\xde\x8e\xbc\xcf\x80\x1c\xde\x01%F\x03\x16\xd4#:_\x82\x13\xd5\xc2%\x8f)\xf7\xb6s:~\xa0aFj:\xf0D\x9b6Hk\r\xaa\xcd;\xeb\xaf\xfe\x0c\xaf\xc2b\x0e7\xf1\x01\xa1P\xb2W\xb3MX{\xa8fD\x03+w\x07#~\x9c\'\x0cN+X\x7f\x1b\xdb\xd5{\xcc]\xa0\x89\xdf\xc2\'\x05\xf2Ng\x18\x17a\xb7*\x18\xfe\'W\x80L\x88\xa5\xa4=a\xad\x97$`\xc8\xc0\xf3\xbc\x01V\x88$\xb3b7s\xb0\x85\xf2p\xe0\xa9\x0157\'"\x8aH\xaf\xba](Z\x01[\xacUS\xc3?\xec\x94=\xd1\x01\xd7\xd4fY/\xfd\x0bB\x0b\xa0=\x1b\xdf\xa9`\x1d\xf6&-\xb3\x87\x87\xdc]\xffox\xc2s\xb6\xda[\x0e\xb7jA\x10A\x82\xbe\x19J\x84\xa3\xe5\x8aR[\x06\x1b\xefw\x9fI\x84@\xa7\xd5K\xbdrJ\x96\x9f\x97\x97k+\xb7\x1a\xd3\x85\xf5L\xe0\xce\xe9GJ\x98\xe47;\xbc\x97\x7fOSpq\x87O\xd6`\xa5\xbb \x10\x0b\xd7\x95}\xde-\xa3~\xcfX \x10HoP *r\xef\x19R\xf0\xf1\x86\xf45:\x12!\x92\n\x88\xae\x8f\xed`\xa4\xa1_\xcd\x14\xceDr\x1d2<m\xbd\xcd\x15\x83\x17Il\xfc\xb28?/\x1c+\x80o\x84\xde\xcb\xcb\xb8\xc5$\xad\']\xeb\xf0\x14\xcaX!&8G\x94\xd6\x05\xeb\xd1y\xa70L\x17\x06.\xfa\xa6\x17\xfd\xce\xe8Z\x1f\xa6\x11OIL\x1b\x1bG\xeb\xc1[0\x14J0@"*\x04{\xc7f\xda\xc9\x15\xa0kf\xcf\xd8\x0e\x1c\x7f\xff\t\xba9\xb8\x15!\xb0\xa9\r\xf7w\xf3\xd2\x0fW j\xc8\xed\'\xce\xe2"J\xe5/\xfcQ\xcdv\x00\x93\xf7&\x8d\x84o])\xbf\x92\xc3&,\xe1\x9dY\x97FG\x02\x00d)W\x1c\r\xc2h\xfd\x13\x0ed*\xe4t\xcb\xe1x\xab\xc1<\xde5\xf0\xe5(V\x9f\xb7\xda\xf4\x97\xaf\x18\xddl3\xb2\xa7j\xc5\xa6\xfd\xf1\x9e\xd4\xa3\xe7Rb\xe1\xe9\x1c\xde\xd0 ]\x00z\x15\xc3\xeb\x84\xd2\xc9~?\x0e\x10.\xd5\x1e\xfb\xac\x9bqN\xccY\xbc\xaf\x94\x1e\xd8`)IV\xe2#\xe0\xb0\xdc\x85\xc3\xebT\xf3\x8d\x0c\xde\xff\x9a\xcb1\xdb\xf8\xd5b\xdd+\xec\xf4\xfa\x96\x7f\xf6\xe6\xd0X\x17\xa8\xaa\x8e\xbciHQ#\xc9\xbe\xa0\x0e\x91%\xee\xfde+\xfa\xd3\xbf 7\x8bN\xd8\xee\xa5j$+N*\xb4@\xe4\xe6\x91w\xdd\x08A\xd5t\tX\t\\\x81e\xcbb\xa1Sw\xd0q\x04r\xbf\x05X\n\xab\x9d5\xd6\x87g\x16g\xed\xa1\xc5\xc7\xe4\t,\xc3\xfb\xcb\xf8\xfe8\xa5\\a\xb9\x8f\xb8\x9e\x1aOZ\xb4I\xdb|\xbb\xd3\xfeJ\xe2\x86\xeeM\x0b({\xcdG?J\xe0R\xfb\xa4\xe9\xdc\x96\\\x95\xffiqrj\xe7\x0f\xc4\xac\xc3\xef?hM\x06%/\xd1\xde\xb1\x82{\x01L%_V\x89\x8a\x02\x96!\x00\xdf\xa5\x00\x8d3\x8c\xb4\xb7w"W\x93\xc3\xd0\xb3#D\xc4\xa2\xea_\x90\xce\xe1N1U\xcb\xdf%-\xdb:/\x8ee\xa9\x1c%\xa9L\x99\x19\xfc\xc4\xdfW\x1a\x8a\xe0t\xfc\x03{\xe9]\xca\xa3S\x95\xe3*5v~\xd1\xebn?\xf8\xd4o\xcb\xa1%Dj\xfbm4\xcf\x9e\xb8Q\xc3\xe9\x01j\xd7|\xbfZ\xc7\xb1\n\xfb\xf9\x7f\x91\x86\xde\xf8\xb6\x03\xc1&d`\x95\xf4\x8bpA\x94#\x1a\xf7\xd0\x93\xbff\xd2\x1e\x10\x8b=\xdd\x14\xec\xaae)\x11[\xba4\r\xd0\x08\xf0\xc8\x03\x9f\xd3*\x9bM&O\xdc\xdfiN,\x9bt\xbb-\xee*\x94\x89gm%\xc5A\xd6n\x8c\xb4\x13\xa5\xe5\xcf\rg\xc3\xb8\xe5Z\xc0\x01U\xb3^\xec\xec1\xe7\xcb^\x9d.\r\\\xb8|\xcc\x8e\xda\xc0\xdb\xeb\xd4oZ@4\xdfOD\xff\'\x80\xa2\x17\n=\xc1\xdc@>\xb3\xcc8\xd9\xd1\xa9\xcaC\xee(\xb7\x86e\x08\xc0\xd4M\x9e!\xab\xfe\xfe\x18ak&\xe6\xf4@\x86\xcbV0N\xda\xf8\r\xd9\x83\x0cm\xa1\x0b\xba\xb7\x0ca.2\xa3\xd2\x81\x10N\xb6\xed\xa1D\xdb\x8f\xa0}\xb8\x05=\x02}t6\x90,\xaf\xf1]\x93[\x1c\xba\x1e\xb9\x03\xeb\xf68\x03\xae\x03\x14\x1e\x1b[\xaf\xc7\x7f0\xce\x1f\xc7\xc8>Q2!\xede\x86\xc9\xeeW\xe8X\x1d\xdf\x15a\x19;\xba\x0b\x8dM_\xd1\x05\xe6h\xce,\xfc\xa2\xa70|<\xde\x81[8\xe3?\xe3YE#\xb8\xbdU\x88\xb1\xfe\xb6{\xad\x9b\xa0I\xdcS\xd1{Bs\xd6\xb6\xbfd\n\x93\xd3\xbbE\xd6\xa41 Uf\xf6\xc6j-\x98\xcf\xc8\xf2x\xc9$1k\xc1\x05\xb2N\x80\xdc@\xd6\xf3\xb0\xdf\\\xad\x82\xde\xffH!\x01\nz\x05\xcc\'\xcd\xce\x86|~\xaf\x8e\xb6\xc3X\x17\xd2\xeb\x8b\xf2\x11a\xb7\xf5<pv\xfc\xb6\xd2\xa0J\xaa\x97\xc6\x1c\xa9\xce\xc2\xefk8\xdc\xd7O\x1b\xed\xd3$\x01j\xa4\x17S{LW\xfd\xd4\x90Horqw>\xc2"\x83\xc10\xe8\xae%/\x91\xc6|\xc8\xe7A\x19g\x8a\r(\x16\x02\xf2\xecY\x81z\xa4-\x83\xf5\xe8F\xdct\x87\x1e\x0fk.v\'\xd49\xe2\x9b\x0e\x8d\xd9\xf5\xbe-\xf0~T\xe77\x025:\x1e\'\xd1\xd3d\xc8\xa0D\xdd7\xc2\xc3\x01\xbd\xa5\xeer\x83av\x98\x83\x0e\x1fB\xcd\xa1/\xd7\x98v\x18]]\xb6&\xd7\xd5\xf1*\xbcK\xd5\xf0P\x9dx\xb4\xae\x13\x80\x11\x1c\x82\xc6\r\xbc\x18\x16y\x8d\xb3\xfe?\xea\xb6)h,\xf6\x1b\x106\xd7\x9a\xb3)\x99\xdd\x81x2\xe8\xf5\xad\t\xb58\x82\x8c\xea\xb4\xd1\x07G\xd6L\x80\x85\xd6\xcfv\xac\xa7\xf7:\x0b\xdf^\xd8<c\x15\xba\xf7e\x8a\xe2qi\xe65\x9b\r\x10\xf6M\x1dyQ\xef\x94\xb7\xfe\xe3\xc2\x18E\xc7\xb6\\\x97sZ\xeeC\xb4\x11\x07O\x8bk\x8a\xc9\x9b\x87\xc9\xf0Z\xaf!\xbf;\xb4\xcc\x14_\xf5\x1c.U\xb7P\xf1U\x94\x80nO\x84>r4(\xcf\xf5\xe9\xb9B\xda\x95\xef\xb4\x1c\xd7\xa3\xdcI\xdb\xc3\x07f\xef\x03\x12-\x7f\x9f>\x0bM\x9c\x12x\x83H\x18#O\x89\xf1\xf4:8m\xca\xff\x83\xd73?\x9d\x97\xce\\{?\xbe\x88\xc0]\x8d\xc3\x15.\x86\x7f\x08\n\x0c\xd5\x87$Lf\\\xc8\x14\xe9\x1d\xcd\xe4\xa6\xa0\xc0\xc4\x11\xc6k\x93t\xac\xb7F\xa2\xc2\x94\x1f\x89E\xc5\xbd\xe18zdR\xc1\xbb)`\x17t\x14c\x8f]H\x03\x18\x00!\xcb\xc7\xc8\xf1Q\xe4X\x132V\xb2\x16\x8eppjF\xbf\xc4\xbb\x97\xfb\x07\xd9\x8b\x90\x1f\xb4\x81\xb4\x1eJ?E\x8c\x9e&=\xb1;\x9e\'\xa6Ph\xef\x0b9H>\x10\x8a\x84\xff\xbd+G\xf4D!\x8d\xe3\xcd4\x7faY\xa4\xd3\x9e\xb3\x05xf\xe3y\xb1\xbe\x89 \x9e\xa9\x00y,\xed\xbcF\xdeP\xc7yVx\xfa\x87F\xaf\xb8Z1\xe8 \xe7\x1f}\x01^\x1c\xbb\x80\xc6@\x1e|\xad\x14\xaf\x05T\xbdK\xc9N\xa4S\xf8&\xdb\xf7\xb2\xd3!v\xfdP\x98r\x05~z\x864hy\xd4\xed\xad\xdc\xc7\xe8\x0b\x1c\x89\xa49\xa6\th\xc4\xb8%_`\xd3\xf8\x97\xbb\x0b\xf9*\x19\xa3\xcf7n\x951\xf1\xc6\x86\xc2\r\x9d\x96\xa5Q.Z\xe9\xff\xe6v\x15\xd9A\xfe/\xc9\x1d\xd6ZS\xc4Yq0\x9f#b\xb7xn\xd0\x0f\xd9;g\x05\x01\xd9\xa7,\xaa\xb5\x15A\x94`q\xe2+t\xc6\x9b\xd5\xce\x9e#%)\x8dI9:9\xe3"\xa0\'R\xb7/\xa5\x19m\x12L\x07\xc9\xa7b3k\x08SkL\x8c\xbb\xa8\xa7\xb8e\xbe\xe0\x82]\xb9\xa2\x94\x1aSko9\xbeN\x97v\xe3\xa6\xb7\xb76I\xc5FgDCu\xec\xa7\x11\'X\xcdd\xa4\x83\x88Z\x94O;\x98)_\xe3\x9fzp\xecI\x92jr\xf2\xc0\xd5\x94\xc6\xd2\xb5\xad\xef\x0b\xd1;}8\x92\x84\xde\xc4\x81f(\xef.- {u\x0e\xf6\x91\x1e\xaf\x9c\xe1\r\xb2\xafR\x10=tb[\xd7\xdd\xb1^\x07\x05\xbd\xccc\x0f\x9aW^\xb8\xe8D\xdf\xca\tB:\x97H\x89\x00\xc2=Yn\xe3i\xd0)\x8dc\x9ek\xb9\xbd\xbf\xd4\\N.\xf3\xfe\xe6{\xd9\xd2\x04w\xdc\xd1ro\xd5\xd2`R\xc8\xc6\x92\x08\x03\xb3gIF\x97\xa1\x8e\x83,\xb7\xa0\x14$2\x934e\xae\xd2\xd0m\xc9\xfe~9\xb7-\x1b70\xd1\xc6^~^e\xb5\xe3\x04Bp\'B\xf5n(\xfe\x9c\x93\xc4\xa9\xe6\xdc\xb9\xffP]\xe0\xf8\xff\xd2b\x8f\x96+\xc5\xbf$$K&\xa9\xdb(\x11OPi\x00\xacR\xc6?\x87nC\tW\xc8YG\xb4M\xdcA\x0c~\x19C\x07\xa7\x0c\x1a=\xeew\x04o\xaf\xc7\x12Mf\xdd\xf7\xfee\x16\xa4~u\xea\x95@\x1aXy%\x89\xa8\t\x08?9\xc6\x82d\xc7\nj&\xb5\xb7S\xfe\x1f\xbbG0\x9ed\xb1\xb1J \xa4\xca\x1c\xea<*\x82\xe6\xcbe\xf5[\x1d\x838\xfd\x06\x04\xd7\x0c\xf3\xdbC\xba{_\x99\xbf\x99\x85\x1d\xde\x90\xac\xb1e3)\xcfu\xca\x91\xa9\xf0\x06\x90}\x0c\x0e\xd9\xa4\xb2|-{\xe2\x18\xe2Xmxi\x99\xcf\x8c0d\x01\x17\xa6;\xc2_t"\xab\xe7<(E\x98\xe4\xf4D_\xfe\xa0\xf8~\x80\xbd=\xd6\xef\xe7\xe5\xdbF\xa1hS\xa9\xb9\x0e\xb1\xcb\x15\x80A@[\x7f\x1ci\x83\x17\xc4?&\x86a\xf5\xdd\xe8\xf8\xac\xfd>\xd5\xda^\xda9\xc4|\xd2\xb7\\S\xceWk1\x83\xadM\x7fh\x93\xcf\x85\x7f\xf9\x92\xed\xb3\xe0\r1\xe1\x19\x80={\xf5\x05\xf2\xab\xd3@=\xf3\xc1\xa4:\x04a\xca;\x90$U\xe3\xed_\xd7\xd7\xaaf`\xfb"\xa7u\x83\x0e\xbf\x99\x8dl}f\x82\\\xe3\x02\xf7\xed\x1cR\xa7\xd9L\xf1\xefft\xc5<\x0e\xa3\x8eXn@\xa8\xc3\xe5\xbb%\xac\x8di\x06\xc1\xa8WI\x1a\xf3:\xfa\x9d\xb9v\xcc\x81\xb4t".Z \x076=\x13\x8fN\x1d3\xf4\x8c\xad\xfa\x02;x"\x9f\xc0\xa3N\xd2\xcf\xc9\xb3M1\xd9Z\xddQ\x16d\x1b\xfa\x97\xf6\x8fay\x01\xaa\x8f~F\xa66\xf1\x7f"\xce\x9eB\xa8\x1dB\x16\xcc\xd5\xfbJ\xcao\xab\xc5@w\x12\x96\x02\xf0\xca\x8anM\xad\xe3\xfb\x90d\xc1d\x81\'\x9d\xa2\xfc\x10D\xb6\x97UQ\xe4\x1c\xae\x13\x18\x95\xd8n)Q<\xa4`)\xaaW\xb3L\xe2\xd8\xe5S\x89\x0b\x84\xa0\xb0\xbb\xca8\x8cc\xaaJ\xc1&\xd9\xa7\xb7\x1dW%\x9c\x1b\xd7\xa0\xd7\x9a\t\xfa>\xbfA\xc2t\xb7\x14\xf6gN\xfe\xe7\xc2oxr\x88S\x91\xf6\x19J\x16\xb8\x08\xfaM\x94\xe4\x7f\x17\xff\xb2\x84\x95\xe6,\xbd\xae(\xef`*\xd6\xb73L\xd8\xe8!\x82\xcdo8\xfe/\xd77y\x0bB\xacK\xec\x19\x8d\xde\xaa\x1fi7\xd4\xaa\xf3\xc3\x9c\xfc(\xf1Z]\xe7\x13;\xbf\x9f\x08\xf5ey\xf6\xf7p\x84\x13\xe4\n\xf5;\x1d\x11\xe4c\x9a\x14\x07h\xd7', b'private': 1, b'source': b'[www.joyhd.net] JoyHD'}}
